77.75.77.123 - - [28/Feb/2014:22:15:52 +0100] "GET http://www.autodily-cardo.cz/print.css HTTP/1.1" 200 1421 "http://www.autodily-cardo.cz/filtry-2/?pageno=22" "Mozilla/5.0 (compatible; Seznam screenshot-generator 2.0; +http://fulltext.sblog.cz/screenshot/)" TCP_MISS:DIRECT
93.185.11.1 - - [28/Feb/2014:22:15:52 +0100] "GET http://www.autodily-cardo.cz/obrazky/66289/vzduchovy-filtr-purflux-a591-mini.jpg HTTP/1.1" 200 2230 "http://www.autodily-cardo.cz/podvozek/ramena/" "Opera/9.80 (Windows NT 6.1; Edition Campaign 21) Presto/2.12.388 Version/12.16" TCP_MISS:DIRECT
93.185.11.1 - - [28/Feb/2014:22:15:54 +0100] "GET http://www.autodily-cardo.cz/img/design/colorizer.css HTTP/1.1" 200 906 "http://www.autodily-cardo.cz/podvozek/ramena/" "Opera/9.80 (Windows NT 6.1; Edition Campaign 21) Presto/2.12.388 Version/12.16" TCP_MISS:DIRECT
77.75.73.11 - - [28/Feb/2014:22:15:54 +0100] "GET http://www.autodily-cardo.cz/rozvody/sada-rozvodoveho-remene-gates-gt-k025222/ HTTP/1.1" 200 11475 "-" "Mozilla/5.0 (compatible; SeznamBot/3.2; +http://fulltext.sblog.cz/)" TCP_MISS:DIRECT
66.249.64.84 - - [28/Feb/2014:22:15:54 +0100] "GET http://www.autodily-cardo.cz/spojka/spojkova-sada-luk-lk-619308900-honda/ HTTP/1.1" 200 11164 "-" "Mozilla/5.0 (compatible; Googlebot/2.1; +http://www.google.com/bot.html)" TCP_MISS:DIRECT
93.185.11.1 - - [28/Feb/2014:22:15:54 +0100] "GET http://www.autodily-cardo.cz/scripts/support.js HTTP/1.1" 304 378 "http://www.autodily-cardo.cz/podvozek/ramena/" "Opera/9.80 (Windows NT 6.1; Edition Campaign 21) Presto/2.12.388 Version/12.16" TCP_MISS:DIRECT
93.185.11.1 - - [28/Feb/2014:22:16:00 +0100] "GET http://www.autodily-cardo.cz/favicon.ico HTTP/1.1" 404 10220 "http://www.autodily-cardo.cz/podvozek/ramena/" "Opera/9.80 (Windows NT 6.1; Edition Campaign 21) Presto/2.12.388 Version/12.16" TCP_MISS:DIRECT
193.164.219.2 - - [28/Feb/2014:22:16:01 +0100] "GET http://www.autodily-cardo.cz/rozvody/rozvodove-sady/ HTTP/1.1" 200 13146 "-" "Mozilla/5.0 (Windows NT 5.1; rv:27.0) Gecko/20100101 Firefox/27.0" TCP_MISS:DIRECT
193.164.219.2 - - [28/Feb/2014:22:16:01 +0100] "GET http://www.autodily-cardo.cz/print.css HTTP/1.1" 200 1421 "http://www.autodily-cardo.cz/rozvody/rozvodove-sady/" "Mozilla/5.0 (Windows NT 5.1; rv:27.0) Gecko/20100101 Firefox/27.0" TCP_MISS:DIRECT
193.164.219.2 - - [28/Feb/2014:22:16:01 +0100] "GET http://www.autodily-cardo.cz/style.css HTTP/1.1" 200 10102 "http://www.autodily-cardo.cz/rozvody/rozvodove-sady/" "Mozilla/5.0 (Windows NT 5.1; rv:27.0) Gecko/20100101 Firefox/27.0" TCP_MISS:DIRECT
193.164.219.2 - - [28/Feb/2014:22:16:01 +0100] "GET http://www.autodily-cardo.cz/scripts/windows.js HTTP/1.1" 200 1360 "http://www.autodily-cardo.cz/rozvody/rozvodove-sady/" "Mozilla/5.0 (Windows NT 5.1; rv:27.0) Gecko/20100101 Firefox/27.0" TCP_MISS:DIRECT
193.164.219.2 - - [28/Feb/2014:22:16:01 +0100] "GET http://www.autodily-cardo.cz/scripts/functions.js? HTTP/1.1" 200 2449 "http://www.autodily-cardo.cz/rozvody/rozvodove-sady/" "Mozilla/5.0 (Windows NT 5.1; rv:27.0) Gecko/20100101 Firefox/27.0" TCP_MISS:DIRECT
193.164.219.2 - - [28/Feb/2014:22:16:01 +0100] "GET http://www.autodily-cardo.cz/scripts/support.js HTTP/1.1" 200 1738 "http://www.autodily-cardo.cz/rozvody/rozvodove-sady/" "Mozilla/5.0 (Windows NT 5.1; rv:27.0) Gecko/20100101 Firefox/27.0" TCP_MISS:DIRECT
193.164.219.2 - - [28/Feb/2014:22:16:01 +0100] "GET http://www.autodily-cardo.cz/img/ajax-spinner.gif HTTP/1.1" 200 1317 "http://www.autodily-cardo.cz/rozvody/rozvodove-sady/" "Mozilla/5.0 (Windows NT 5.1; rv:27.0) Gecko/20100101 Firefox/27.0" TCP_MISS:DIRECT
193.164.219.2 - - [28/Feb/2014:22:16:01 +0100] "GET http://www.autodily-cardo.cz/img/icons/tree_close.gif HTTP/1.1" 200 648 "http://www.autodily-cardo.cz/rozvody/rozvodove-sady/" "Mozilla/5.0 (Windows NT 5.1; rv:27.0) Gecko/20100101 Firefox/27.0" TCP_MISS:DIRECT
193.164.219.2 - - [28/Feb/2014:22:16:01 +0100] "GET http://www.autodily-cardo.cz/scripts/flash_news.js HTTP/1.1" 200 1406 "http://www.autodily-cardo.cz/rozvody/rozvodove-sady/" "Mozilla/5.0 (Windows NT 5.1; rv:27.0) Gecko/20100101 Firefox/27.0" TCP_MISS:DIRECT
193.164.219.2 - - [28/Feb/2014:22:16:01 +0100] "GET http://www.autodily-cardo.cz/img/icons/tree_none.gif HTTP/1.1" 200 526 "http://www.autodily-cardo.cz/rozvody/rozvodove-sady/" "Mozilla/5.0 (Windows NT 5.1; rv:27.0) Gecko/20100101 Firefox/27.0" TCP_MISS:DIRECT
193.164.219.2 - - [28/Feb/2014:22:16:01 +0100] "GET http://www.autodily-cardo.cz/img/design/arrow.gif HTTP/1.1" 200 569 "http://www.autodily-cardo.cz/rozvody/rozvodove-sady/" "Mozilla/5.0 (Windows NT 5.1; rv:27.0) Gecko/20100101 Firefox/27.0" TCP_MISS:DIRECT
193.164.219.2 - - [28/Feb/2014:22:16:01 +0100] "GET http://www.autodily-cardo.cz/img/icons/tree_open.gif HTTP/1.1" 200 645 "http://www.autodily-cardo.cz/rozvody/rozvodove-sady/" "Mozilla/5.0 (Windows NT 5.1; rv:27.0) Gecko/20100101 Firefox/27.0" TCP_MISS:DIRECT
193.164.219.2 - - [28/Feb/2014:22:16:01 +0100] "GET http://www.autodily-cardo.cz/img/design/arrow-up.gif HTTP/1.1" 200 569 "http://www.autodily-cardo.cz/rozvody/rozvodove-sady/" "Mozilla/5.0 (Windows NT 5.1; rv:27.0) Gecko/20100101 Firefox/27.0" TCP_MISS:DIRECT
193.164.219.2 - - [28/Feb/2014:22:16:01 +0100] "GET http://www.autodily-cardo.cz/img/design/arrow-down.gif HTTP/1.1" 200 569 "http://www.autodily-cardo.cz/rozvody/rozvodove-sady/" "Mozilla/5.0 (Windows NT 5.1; rv:27.0) Gecko/20100101 Firefox/27.0" TCP_MISS:DIRECT
193.164.219.2 - - [28/Feb/2014:22:16:01 +0100] "GET http://www.autodily-cardo.cz/obrazky/11213/sada-kladek-ina-in-530000509-ford-small.jpg HTTP/1.1" 200 3481 "http://www.autodily-cardo.cz/rozvody/rozvodove-sady/" "Mozilla/5.0 (Windows NT 5.1; rv:27.0) Gecko/20100101 Firefox/27.0" TCP_MISS:DIRECT
193.164.219.2 - - [28/Feb/2014:22:16:01 +0100] "GET http://www.autodily-cardo.cz/obrazky/11214/sada-kladek-ina-in-530000709-bmw-small.jpg HTTP/1.1" 200 3167 "http://www.autodily-cardo.cz/rozvody/rozvodove-sady/" "Mozilla/5.0 (Windows NT 5.1; rv:27.0) Gecko/20100101 Firefox/27.0" TCP_MISS:DIRECT
193.164.219.2 - - [28/Feb/2014:22:16:01 +0100] "GET http://www.autodily-cardo.cz/obrazky/11215/sada-kladek-ina-in-530001009-ford-small.jpg HTTP/1.1" 200 3448 "http://www.autodily-cardo.cz/rozvody/rozvodove-sady/" "Mozilla/5.0 (Windows NT 5.1; rv:27.0) Gecko/20100101 Firefox/27.0" TCP_MISS:DIRECT
193.164.219.2 - - [28/Feb/2014:22:16:01 +0100] "GET http://www.autodily-cardo.cz/obrazky/11216/sada-kladek-ina-in-530001109-citroen-peugeot-small.jpg HTTP/1.1" 200 3101 "http://www.autodily-cardo.cz/rozvody/rozvodove-sady/" "Mozilla/5.0 (Windows NT 5.1; rv:27.0) Gecko/20100101 Firefox/27.0" TCP_MISS:DIRECT
193.164.219.2 - - [28/Feb/2014:22:16:01 +0100] "GET http://www.autodily-cardo.cz/obrazky/11217/sada-kladek-ina-in-530001509-renault-volvo-small.jpg HTTP/1.1" 200 3273 "http://www.autodily-cardo.cz/rozvody/rozvodove-sady/" "Mozilla/5.0 (Windows NT 5.1; rv:27.0) Gecko/20100101 Firefox/27.0" TCP_MISS:DIRECT
193.164.219.2 - - [28/Feb/2014:22:16:01 +0100] "GET http://www.autodily-cardo.cz/obrazky/11218/sada-kladek-ina-in-530003809-renault-small.jpg HTTP/1.1" 200 3028 "http://www.autodily-cardo.cz/rozvody/rozvodove-sady/" "Mozilla/5.0 (Windows NT 5.1; rv:27.0) Gecko/20100101 Firefox/27.0" TCP_MISS:DIRECT
193.164.219.2 - - [28/Feb/2014:22:16:01 +0100] "GET http://www.autodily-cardo.cz/obrazky/11219/sada-kladek-ina-in-530003909-opel-small.jpg HTTP/1.1" 200 3047 "http://www.autodily-cardo.cz/rozvody/rozvodove-sady/" "Mozilla/5.0 (Windows NT 5.1; rv:27.0) Gecko/20100101 Firefox/27.0" TCP_MISS:DIRECT
193.164.219.2 - - [28/Feb/2014:22:16:01 +0100] "GET http://www.autodily-cardo.cz/obrazky/11220/sada-kladek-ina-in-530004009-renault-small.jpg HTTP/1.1" 200 3113 "http://www.autodily-cardo.cz/rozvody/rozvodove-sady/" "Mozilla/5.0 (Windows NT 5.1; rv:27.0) Gecko/20100101 Firefox/27.0" TCP_MISS:DIRECT
193.164.219.2 - - [28/Feb/2014:22:16:01 +0100] "GET http://www.autodily-cardo.cz/obrazky/11221/sada-kladek-ina-in-530004109-renault-small.jpg HTTP/1.1" 200 2731 "http://www.autodily-cardo.cz/rozvody/rozvodove-sady/" "Mozilla/5.0 (Windows NT 5.1; rv:27.0) Gecko/20100101 Firefox/27.0" TCP_MISS:DIRECT
193.164.219.2 - - [28/Feb/2014:22:16:01 +0100] "GET http://www.autodily-cardo.cz/scripts/prototype.js HTTP/1.1" 200 28676 "http://www.autodily-cardo.cz/rozvody/rozvodove-sady/" "Mozilla/5.0 (Windows NT 5.1; rv:27.0) Gecko/20100101 Firefox/27.0" TCP_MISS:DIRECT
193.164.219.2 - - [28/Feb/2014:22:16:01 +0100] "GET http://www.autodily-cardo.cz/obrazky/11222/sada-kladek-ina-in-530004209-renault-volvo-small.jpg HTTP/1.1" 200 2757 "http://www.autodily-cardo.cz/rozvody/rozvodove-sady/" "Mozilla/5.0 (Windows NT 5.1; rv:27.0) Gecko/20100101 Firefox/27.0" TCP_MISS:DIRECT
193.164.219.2 - - [28/Feb/2014:22:16:01 +0100] "GET http://www.autodily-cardo.cz/obrazky/11223/sada-kladek-ina-in-530004309-renault-small.jpg HTTP/1.1" 200 2709 "http://www.autodily-cardo.cz/rozvody/rozvodove-sady/" "Mozilla/5.0 (Windows NT 5.1; rv:27.0) Gecko/20100101 Firefox/27.0" TCP_MISS:DIRECT
193.164.219.2 - - [28/Feb/2014:22:16:01 +0100] "GET http://www.autodily-cardo.cz/obrazky/11224/sada-kladek-ina-in-530004409-volvo-small.jpg HTTP/1.1" 200 3682 "http://www.autodily-cardo.cz/rozvody/rozvodove-sady/" "Mozilla/5.0 (Windows NT 5.1; rv:27.0) Gecko/20100101 Firefox/27.0" TCP_MISS:DIRECT
193.164.219.2 - - [28/Feb/2014:22:16:01 +0100] "GET http://www.autodily-cardo.cz/obrazky/11225/sada-kladek-ina-in-530004509-opel-isuzu-small.jpg HTTP/1.1" 200 3142 "http://www.autodily-cardo.cz/rozvody/rozvodove-sady/" "Mozilla/5.0 (Windows NT 5.1; rv:27.0) Gecko/20100101 Firefox/27.0" TCP_MISS:DIRECT
193.164.219.2 - - [28/Feb/2014:22:16:01 +0100] "GET http://www.autodily-cardo.cz/obrazky/11226/sada-kladek-ina-in-530004609-bmw-small.jpg HTTP/1.1" 200 2876 "http://www.autodily-cardo.cz/rozvody/rozvodove-sady/" "Mozilla/5.0 (Windows NT 5.1; rv:27.0) Gecko/20100101 Firefox/27.0" TCP_MISS:DIRECT
193.164.219.2 - - [28/Feb/2014:22:16:01 +0100] "GET http://www.autodily-cardo.cz/obrazky/11227/sada-kladek-ina-in-530004709-opel-small.jpg HTTP/1.1" 200 3324 "http://www.autodily-cardo.cz/rozvody/rozvodove-sady/" "Mozilla/5.0 (Windows NT 5.1; rv:27.0) Gecko/20100101 Firefox/27.0" TCP_MISS:DIRECT
193.164.219.2 - - [28/Feb/2014:22:16:01 +0100] "GET http://www.autodily-cardo.cz/img/design/colorizer.css HTTP/1.1" 200 906 "http://www.autodily-cardo.cz/style.css" "Mozilla/5.0 (Windows NT 5.1; rv:27.0) Gecko/20100101 Firefox/27.0" TCP_MISS:DIRECT
193.164.219.2 - - [28/Feb/2014:22:16:01 +0100] "GET http://www.autodily-cardo.cz/obrazky/11228/sada-kladek-ina-in-530004809-toyota-small.jpg HTTP/1.1" 200 3311 "http://www.autodily-cardo.cz/rozvody/rozvodove-sady/" "Mozilla/5.0 (Windows NT 5.1; rv:27.0) Gecko/20100101 Firefox/27.0" TCP_MISS:DIRECT
193.164.219.2 - - [28/Feb/2014:22:16:01 +0100] "GET http://www.autodily-cardo.cz/obrazky/11229/sada-kladek-ina-in-530004909-opel-small.jpg HTTP/1.1" 200 3156 "http://www.autodily-cardo.cz/rozvody/rozvodove-sady/" "Mozilla/5.0 (Windows NT 5.1; rv:27.0) Gecko/20100101 Firefox/27.0" TCP_MISS:DIRECT
193.164.219.2 - - [28/Feb/2014:22:16:01 +0100] "GET http://www.autodily-cardo.cz/obrazky/11231/sada-kladek-ina-in-530005109-nissan-small.jpg HTTP/1.1" 200 3542 "http://www.autodily-cardo.cz/rozvody/rozvodove-sady/" "Mozilla/5.0 (Windows NT 5.1; rv:27.0) Gecko/20100101 Firefox/27.0" TCP_MISS:DIRECT
193.164.219.2 - - [28/Feb/2014:22:16:01 +0100] "GET http://www.autodily-cardo.cz/obrazky/11230/sada-kladek-ina-in-530005009-audi-small.jpg HTTP/1.1" 200 3133 "http://www.autodily-cardo.cz/rozvody/rozvodove-sady/" "Mozilla/5.0 (Windows NT 5.1; rv:27.0) Gecko/20100101 Firefox/27.0" TCP_MISS:DIRECT
193.164.219.2 - - [28/Feb/2014:22:16:01 +0100] "GET http://www.autodily-cardo.cz/obrazky/11232/sada-kladek-ina-in-530005209-renault-small.jpg HTTP/1.1" 200 3095 "http://www.autodily-cardo.cz/rozvody/rozvodove-sady/" "Mozilla/5.0 (Windows NT 5.1; rv:27.0) Gecko/20100101 Firefox/27.0" TCP_MISS:DIRECT
193.164.219.2 - - [28/Feb/2014:22:16:01 +0100] "GET http://www.autodily-cardo.cz/img/blank.gif HTTP/1.1" 200 519 "http://www.autodily-cardo.cz/rozvody/rozvodove-sady/" "Mozilla/5.0 (Windows NT 5.1; rv:27.0) Gecko/20100101 Firefox/27.0" TCP_MISS:DIRECT
193.164.219.2 - - [28/Feb/2014:22:16:01 +0100] "GET http://www.autodily-cardo.cz/obrazky/26119/castrol-edge-turbo-diesel-5w-40-5l-fst-stitek-castrol-mini.jpg HTTP/1.1" 200 2001 "http://www.autodily-cardo.cz/rozvody/rozvodove-sady/" "Mozilla/5.0 (Windows NT 5.1; rv:27.0) Gecko/20100101 Firefox/27.0" TCP_MISS:DIRECT
193.164.219.2 - - [28/Feb/2014:22:16:01 +0100] "GET http://www.autodily-cardo.cz/obrazky/31760/ford-formula-f-5w-30-5l-mini.jpg HTTP/1.1" 200 1903 "http://www.autodily-cardo.cz/rozvody/rozvodove-sady/" "Mozilla/5.0 (Windows NT 5.1; rv:27.0) Gecko/20100101 Firefox/27.0" TCP_MISS:DIRECT
193.164.219.2 - - [28/Feb/2014:22:16:01 +0100] "GET http://www.autodily-cardo.cz/obrazky/59/total-quartz-9000-5w-40-5l-mini.jpg HTTP/1.1" 200 1995 "http://www.autodily-cardo.cz/rozvody/rozvodove-sady/" "Mozilla/5.0 (Windows NT 5.1; rv:27.0) Gecko/20100101 Firefox/27.0" TCP_MISS:DIRECT
193.164.219.2 - - [28/Feb/2014:22:16:01 +0100] "GET http://www.autodily-cardo.cz/obrazky/66290/palivovy-filtr-purflux-ep196-mini.jpg HTTP/1.1" 200 1902 "http://www.autodily-cardo.cz/rozvody/rozvodove-sady/" "Mozilla/5.0 (Windows NT 5.1; rv:27.0) Gecko/20100101 Firefox/27.0" TCP_MISS:DIRECT
193.164.219.2 - - [28/Feb/2014:22:16:01 +0100] "GET http://www.autodily-cardo.cz/obrazky/66289/vzduchovy-filtr-purflux-a591-mini.jpg HTTP/1.1" 200 2230 "http://www.autodily-cardo.cz/rozvody/rozvodove-sady/" "Mozilla/5.0 (Windows NT 5.1; rv:27.0) Gecko/20100101 Firefox/27.0" TCP_MISS:DIRECT
193.164.219.2 - - [28/Feb/2014:22:16:01 +0100] "GET http://www.autodily-cardo.cz/img/goods/mini/noimage.gif HTTP/1.1" 200 534 "http://www.autodily-cardo.cz/rozvody/rozvodove-sady/" "Mozilla/5.0 (Windows NT 5.1; rv:27.0) Gecko/20100101 Firefox/27.0" TCP_MISS:DIRECT
193.164.219.2 - - [28/Feb/2014:22:16:01 +0100] "GET http://www.autodily-cardo.cz/img/design/rss.gif HTTP/1.1" 200 696 "http://www.autodily-cardo.cz/rozvody/rozvodove-sady/" "Mozilla/5.0 (Windows NT 5.1; rv:27.0) Gecko/20100101 Firefox/27.0" TCP_MISS:DIRECT
193.164.219.2 - - [28/Feb/2014:22:16:01 +0100] "GET http://www.autodily-cardo.cz/img/design/lupa.png HTTP/1.1" 200 1693 "http://www.autodily-cardo.cz/style.css" "Mozilla/5.0 (Windows NT 5.1; rv:27.0) Gecko/20100101 Firefox/27.0" TCP_MISS:DIRECT
193.164.219.2 - - [28/Feb/2014:22:16:01 +0100] "GET http://www.autodily-cardo.cz/img/design/navbar.png HTTP/1.1" 200 580 "http://www.autodily-cardo.cz/style.css" "Mozilla/5.0 (Windows NT 5.1; rv:27.0) Gecko/20100101 Firefox/27.0" TCP_MISS:DIRECT
193.164.219.2 - - [28/Feb/2014:22:16:01 +0100] "GET http://www.autodily-cardo.cz/img/design/navbar_corners_top.png HTTP/1.1" 200 676 "http://www.autodily-cardo.cz/style.css" "Mozilla/5.0 (Windows NT 5.1; rv:27.0) Gecko/20100101 Firefox/27.0" TCP_MISS:DIRECT
193.164.219.2 - - [28/Feb/2014:22:16:01 +0100] "GET http://www.autodily-cardo.cz/img/design/ico-basket.black.gif HTTP/1.1" 200 1307 "http://www.autodily-cardo.cz/style.css" "Mozilla/5.0 (Windows NT 5.1; rv:27.0) Gecko/20100101 Firefox/27.0" TCP_MISS:DIRECT
193.164.219.2 - - [28/Feb/2014:22:16:01 +0100] "GET http://www.autodily-cardo.cz/img/design/ico-user.black.gif HTTP/1.1" 200 1316 "http://www.autodily-cardo.cz/style.css" "Mozilla/5.0 (Windows NT 5.1; rv:27.0) Gecko/20100101 Firefox/27.0" TCP_MISS:DIRECT
93.185.11.1 - - [28/Feb/2014:22:16:01 +0100] "GET http://www.autodily-cardo.cz/img/design/header.jpg HTTP/1.1" 200 73455 "http://www.autodily-cardo.cz/podvozek/ramena/" "Opera/9.80 (Windows NT 6.1; Edition Campaign 21) Presto/2.12.388 Version/12.16" TCP_MISS:DIRECT
193.164.219.2 - - [28/Feb/2014:22:16:01 +0100] "GET http://www.autodily-cardo.cz/img/design/navbar_corners_bottom.png HTTP/1.1" 200 766 "http://www.autodily-cardo.cz/style.css" "Mozilla/5.0 (Windows NT 5.1; rv:27.0) Gecko/20100101 Firefox/27.0" TCP_MISS:DIRECT
193.164.219.2 - - [28/Feb/2014:22:16:01 +0100] "GET http://www.autodily-cardo.cz/img/design/panel_h3.png HTTP/1.1" 200 572 "http://www.autodily-cardo.cz/style.css" "Mozilla/5.0 (Windows NT 5.1; rv:27.0) Gecko/20100101 Firefox/27.0" TCP_MISS:DIRECT
193.164.219.2 - - [28/Feb/2014:22:16:01 +0100] "GET http://www.autodily-cardo.cz/img/design/button.png HTTP/1.1" 200 3342 "http://www.autodily-cardo.cz/style.css" "Mozilla/5.0 (Windows NT 5.1; rv:27.0) Gecko/20100101 Firefox/27.0" TCP_MISS:DIRECT
193.164.219.2 - - [28/Feb/2014:22:16:01 +0100] "GET http://www.autodily-cardo.cz/img/icons/orange-arrow.png HTTP/1.1" 200 3286 "http://www.autodily-cardo.cz/style.css" "Mozilla/5.0 (Windows NT 5.1; rv:27.0) Gecko/20100101 Firefox/27.0" TCP_MISS:DIRECT
193.164.219.2 - - [28/Feb/2014:22:16:01 +0100] "GET http://www.autodily-cardo.cz/img/design/bg_page.png HTTP/1.1" 200 1100 "http://www.autodily-cardo.cz/style.css" "Mozilla/5.0 (Windows NT 5.1; rv:27.0) Gecko/20100101 Firefox/27.0" TCP_MISS:DIRECT
193.164.219.2 - - [28/Feb/2014:22:16:01 +0100] "GET http://www.autodily-cardo.cz/img/design/button-basket.png HTTP/1.1" 200 3970 "http://www.autodily-cardo.cz/style.css" "Mozilla/5.0 (Windows NT 5.1; rv:27.0) Gecko/20100101 Firefox/27.0" TCP_MISS:DIRECT
193.164.219.2 - - [28/Feb/2014:22:16:01 +0100] "GET http://www.autodily-cardo.cz/img/design/bg_products_cleaner.png HTTP/1.1" 200 565 "http://www.autodily-cardo.cz/style.css" "Mozilla/5.0 (Windows NT 5.1; rv:27.0) Gecko/20100101 Firefox/27.0" TCP_MISS:DIRECT
193.164.219.2 - - [28/Feb/2014:22:16:01 +0100] "GET http://www.autodily-cardo.cz/img/design/ico-email.png HTTP/1.1" 200 3320 "http://www.autodily-cardo.cz/style.css" "Mozilla/5.0 (Windows NT 5.1; rv:27.0) Gecko/20100101 Firefox/27.0" TCP_MISS:DIRECT
193.164.219.2 - - [28/Feb/2014:22:16:01 +0100] "GET http://www.autodily-cardo.cz/img/design/ico-mobil.png HTTP/1.1" 200 3324 "http://www.autodily-cardo.cz/style.css" "Mozilla/5.0 (Windows NT 5.1; rv:27.0) Gecko/20100101 Firefox/27.0" TCP_MISS:DIRECT
193.164.219.2 - - [28/Feb/2014:22:16:01 +0100] "GET http://www.autodily-cardo.cz/img/design/header.jpg HTTP/1.1" 200 73455 "http://www.autodily-cardo.cz/style.css" "Mozilla/5.0 (Windows NT 5.1; rv:27.0) Gecko/20100101 Firefox/27.0" TCP_MISS:DIRECT
93.185.11.1 - - [28/Feb/2014:22:16:01 +0100] "GET http://www.autodily-cardo.cz/img/design/lupa.png HTTP/1.1" 200 1693 "http://www.autodily-cardo.cz/podvozek/ramena/" "Opera/9.80 (Windows NT 6.1; Edition Campaign 21) Presto/2.12.388 Version/12.16" TCP_MISS:DIRECT
193.164.219.2 - - [28/Feb/2014:22:16:02 +0100] "GET http://www.autodily-cardo.cz/favicon.ico HTTP/1.1" 404 10150 "-" "Mozilla/5.0 (Windows NT 5.1; rv:27.0) Gecko/20100101 Firefox/27.0" TCP_MISS:DIRECT
93.185.11.1 - - [28/Feb/2014:22:16:02 +0100] "GET http://www.autodily-cardo.cz/img/design/navbar.png HTTP/1.1" 200 580 "http://www.autodily-cardo.cz/podvozek/ramena/" "Opera/9.80 (Windows NT 6.1; Edition Campaign 21) Presto/2.12.388 Version/12.16" TCP_MISS:DIRECT
93.185.11.1 - - [28/Feb/2014:22:16:02 +0100] "GET http://www.autodily-cardo.cz/img/design/panel_h3.png HTTP/1.1" 200 572 "http://www.autodily-cardo.cz/podvozek/ramena/" "Opera/9.80 (Windows NT 6.1; Edition Campaign 21) Presto/2.12.388 Version/12.16" TCP_MISS:DIRECT
93.185.11.1 - - [28/Feb/2014:22:16:02 +0100] "GET http://www.autodily-cardo.cz/img/design/navbar_corners_top.png HTTP/1.1" 200 676 "http://www.autodily-cardo.cz/podvozek/ramena/" "Opera/9.80 (Windows NT 6.1; Edition Campaign 21) Presto/2.12.388 Version/12.16" TCP_MISS:DIRECT
93.185.11.1 - - [28/Feb/2014:22:16:02 +0100] "GET http://www.autodily-cardo.cz/img/design/ico-basket.black.gif HTTP/1.1" 200 1307 "http://www.autodily-cardo.cz/podvozek/ramena/" "Opera/9.80 (Windows NT 6.1; Edition Campaign 21) Presto/2.12.388 Version/12.16" TCP_MISS:DIRECT
93.185.11.1 - - [28/Feb/2014:22:16:02 +0100] "GET http://www.autodily-cardo.cz/img/design/ico-user.black.gif HTTP/1.1" 200 1316 "http://www.autodily-cardo.cz/podvozek/ramena/" "Opera/9.80 (Windows NT 6.1; Edition Campaign 21) Presto/2.12.388 Version/12.16" TCP_MISS:DIRECT
93.185.11.1 - - [28/Feb/2014:22:16:02 +0100] "GET http://www.autodily-cardo.cz/img/design/navbar_corners_bottom.png HTTP/1.1" 200 766 "http://www.autodily-cardo.cz/podvozek/ramena/" "Opera/9.80 (Windows NT 6.1; Edition Campaign 21) Presto/2.12.388 Version/12.16" TCP_MISS:DIRECT
157.55.34.166 - - [28/Feb/2014:22:16:02 +0100] "GET http://www.autodily-cardo.cz/brzdovy-system/sada-brzdovych-celisti-trw-gs8644-chrysler-neon/? HTTP/1.1" 200 11798 "-" "Mozilla/5.0 (compatible; bingbot/2.0; +http://www.bing.com/bingbot.htm)" TCP_MISS:DIRECT
77.75.73.11 - - [28/Feb/2014:22:16:04 +0100] "GET http://www.autodily-cardo.cz/svicky/zapalovaci-svicka-champion-ch-oe109-t10/ HTTP/1.1" 200 11018 "-" "Mozilla/5.0 (compatible; SeznamBot/3.2; +http://fulltext.sblog.cz/)" TCP_MISS:DIRECT
157.55.34.166 - - [28/Feb/2014:22:16:04 +0100] "GET http://www.autodily-cardo.cz/rozvody/sada-kladek-ina-in-530040009-bmw/ HTTP/1.1" 200 11059 "-" "Mozilla/5.0 (compatible; bingbot/2.0; +http://www.bing.com/bingbot.htm)" TCP_MISS:DIRECT
93.185.11.1 - - [28/Feb/2014:22:16:05 +0100] "GET http://www.autodily-cardo.cz/img/design/button.png HTTP/1.1" 200 3342 "http://www.autodily-cardo.cz/podvozek/ramena/" "Opera/9.80 (Windows NT 6.1; Edition Campaign 21) Presto/2.12.388 Version/12.16" TCP_MISS:DIRECT
93.185.11.1 - - [28/Feb/2014:22:16:05 +0100] "GET http://www.autodily-cardo.cz/img/icons/orange-arrow.png HTTP/1.1" 200 3286 "http://www.autodily-cardo.cz/podvozek/ramena/" "Opera/9.80 (Windows NT 6.1; Edition Campaign 21) Presto/2.12.388 Version/12.16" TCP_MISS:DIRECT
157.55.34.166 - - [28/Feb/2014:22:16:05 +0100] "GET http://www.autodily-cardo.cz/podvozek/manzeta-rizeni-lemforder-lmi-30129-01/ HTTP/1.1" 200 11801 "-" "Mozilla/5.0 (compatible; bingbot/2.0; +http://www.bing.com/bingbot.htm)" TCP_MISS:DIRECT
93.185.11.1 - - [28/Feb/2014:22:16:05 +0100] "GET http://www.autodily-cardo.cz/img/design/bg_page.png HTTP/1.1" 200 1100 "http://www.autodily-cardo.cz/podvozek/ramena/" "Opera/9.80 (Windows NT 6.1; Edition Campaign 21) Presto/2.12.388 Version/12.16" TCP_MISS:DIRECT
93.185.11.1 - - [28/Feb/2014:22:16:05 +0100] "GET http://www.autodily-cardo.cz/img/design/button-basket.png HTTP/1.1" 200 3970 "http://www.autodily-cardo.cz/podvozek/ramena/" "Opera/9.80 (Windows NT 6.1; Edition Campaign 21) Presto/2.12.388 Version/12.16" TCP_MISS:DIRECT
93.185.11.1 - - [28/Feb/2014:22:16:05 +0100] "GET http://www.autodily-cardo.cz/img/design/bg_products_cleaner.png HTTP/1.1" 200 565 "http://www.autodily-cardo.cz/podvozek/ramena/" "Opera/9.80 (Windows NT 6.1; Edition Campaign 21) Presto/2.12.388 Version/12.16" TCP_MISS:DIRECT
93.185.11.1 - - [28/Feb/2014:22:16:05 +0100] "GET http://www.autodily-cardo.cz/img/design/ico-email.png HTTP/1.1" 200 3320 "http://www.autodily-cardo.cz/podvozek/ramena/" "Opera/9.80 (Windows NT 6.1; Edition Campaign 21) Presto/2.12.388 Version/12.16" TCP_MISS:DIRECT
93.185.11.1 - - [28/Feb/2014:22:16:05 +0100] "GET http://www.autodily-cardo.cz/img/design/ico-mobil.png HTTP/1.1" 200 3324 "http://www.autodily-cardo.cz/podvozek/ramena/" "Opera/9.80 (Windows NT 6.1; Edition Campaign 21) Presto/2.12.388 Version/12.16" TCP_MISS:DIRECT
77.75.73.11 - - [28/Feb/2014:22:16:06 +0100] "GET http://www.autodily-cardo.cz/brzdovy-system/brzdovy-kotouc-trw-df4328-mazda-6-premacy/ HTTP/1.1" 200 11700 "-" "Mozilla/5.0 (compatible; SeznamBot/3.2; +http://fulltext.sblog.cz/)" TCP_MISS:DIRECT
66.249.64.84 - - [28/Feb/2014:22:16:07 +0100] "GET http://www.autodily-cardo.cz/rozvody/vodni-pumpa-febi-fb-18545/ HTTP/1.1" 200 11545 "-" "Mozilla/5.0 (compatible; Googlebot/2.1; +http://www.google.com/bot.html)" TCP_MISS:DIRECT
157.55.34.166 - - [28/Feb/2014:22:16:07 +0100] "GET http://www.autodily-cardo.cz/brzdovy-system/brzdovy-kotouc-brembo-09-9129-10/? HTTP/1.1" 200 11685 "-" "Mozilla/5.0 (compatible; bingbot/2.0; +http://www.bing.com/bingbot.htm)" TCP_MISS:DIRECT
77.75.73.11 - - [28/Feb/2014:22:16:08 +0100] "GET http://www.autodily-cardo.cz/spojka/spojkova-lamela-sachs-sa-1878000193/ HTTP/1.1" 200 11284 "-" "Mozilla/5.0 (compatible; SeznamBot/3.2; +http://fulltext.sblog.cz/)" TCP_MISS:DIRECT
157.55.34.166 - - [28/Feb/2014:22:16:09 +0100] "GET http://www.autodily-cardo.cz/podvozek/tlumic-perovani-monroe-mo71926-mo-71926-pontiac/? HTTP/1.1" 200 11461 "-" "Mozilla/5.0 (compatible; bingbot/2.0; +http://www.bing.com/bingbot.htm)" TCP_MISS:DIRECT
157.55.34.166 - - [28/Feb/2014:22:16:11 +0100] "GET http://www.autodily-cardo.cz/brzdovy-system/brzdovy-kotouc-ate-24-0113-0167-at-413167/ HTTP/1.1" 200 11553 "-" "Mozilla/5.0 (compatible; bingbot/2.0; +http://www.bing.com/bingbot.htm)" TCP_MISS:DIRECT
157.55.34.166 - - [28/Feb/2014:22:16:12 +0100] "GET http://www.autodily-cardo.cz/silentbloky/zaveseni-motoru-febi-fb-14552/ HTTP/1.1" 200 11422 "-" "Mozilla/5.0 (compatible; bingbot/2.0; +http://www.bing.com/bingbot.htm)" TCP_MISS:DIRECT
157.55.34.166 - - [28/Feb/2014:22:16:14 +0100] "GET http://www.autodily-cardo.cz/brzdovy-system/brzdovy-kotouc-brembo-09-9128-10/ HTTP/1.1" 200 11443 "-" "Mozilla/5.0 (compatible; bingbot/2.0; +http://www.bing.com/bingbot.htm)" TCP_MISS:DIRECT
77.75.73.11 - - [28/Feb/2014:22:16:15 +0100] "GET http://www.autodily-cardo.cz/silentbloky/silentblok-ulozeni-napravy-febi-fb-32036/ HTTP/1.1" 200 11421 "-" "Mozilla/5.0 (compatible; SeznamBot/3.2; +http://fulltext.sblog.cz/)" TCP_MISS:DIRECT
46.30.238.157 - - [28/Feb/2014:22:16:15 +0100] "GET http://www.autodily-cardo.cz/motorove-oleje/mobil-super-2000-x1-10w-40-1l/ HTTP/1.1" 200 12337 "http://www.autodily-cardo.cz/motorove-oleje/10w-40/?sortmode=2" "Mozilla/5.0 (Windows NT 6.1; WOW64; rv:27.0) Gecko/20100101 Firefox/27.0" TCP_MISS:DIRECT
46.30.238.157 - - [28/Feb/2014:22:16:15 +0100] "GET http://www.autodily-cardo.cz/obrazky/44/mobil-super-2000-x1-10w-40-4l-mini.jpg HTTP/1.1" 200 2370 "http://www.autodily-cardo.cz/motorove-oleje/mobil-super-2000-x1-10w-40-1l/" "Mozilla/5.0 (Windows NT 6.1; WOW64; rv:27.0) Gecko/20100101 Firefox/27.0" TCP_MISS:DIRECT
46.30.238.157 - - [28/Feb/2014:22:16:15 +0100] "GET http://www.autodily-cardo.cz/obrazky/43/mobil-super-2000-x1-10w-40-1l-default.jpg HTTP/1.1" 200 12126 "http://www.autodily-cardo.cz/motorove-oleje/mobil-super-2000-x1-10w-40-1l/" "Mozilla/5.0 (Windows NT 6.1; WOW64; rv:27.0) Gecko/20100101 Firefox/27.0" TCP_MISS:DIRECT
46.30.238.157 - - [28/Feb/2014:22:16:15 +0100] "GET http://www.autodily-cardo.cz/obrazky/45/mobil-super-2000-x1-10w-40-5l-4-1-mini.jpg HTTP/1.1" 200 2204 "http://www.autodily-cardo.cz/motorove-oleje/mobil-super-2000-x1-10w-40-1l/" "Mozilla/5.0 (Windows NT 6.1; WOW64; rv:27.0) Gecko/20100101 Firefox/27.0" TCP_MISS:DIRECT
77.75.73.11 - - [28/Feb/2014:22:16:17 +0100] "GET http://www.autodily-cardo.cz/brzdovy-system/sada-brzdovych-desticek-trw-gdb1533-fiat-palio-siena/ HTTP/1.1" 200 11525 "-" "Mozilla/5.0 (compatible; SeznamBot/3.2; +http://fulltext.sblog.cz/)" TCP_MISS:DIRECT
