176.107.123.11 - - [28/Feb/2014:22:19:55 +0100] "POST http://www.autodily-cardo.cz/ajax.php? HTTP/1.1" 200 530 "http://www.autodily-cardo.cz/nove/drazkovy-remen-bosch-bo-1987946200/" "Mozilla/5.0 (Windows NT 6.1; WOW64; Trident/7.0; rv:11.0) like Gecko" TCP_MISS:DIRECT
77.75.73.11 - - [28/Feb/2014:22:19:55 +0100] "GET http://www.autodily-cardo.cz/brzdovy-system/sada-brzdovych-desticek-trw-gdb486-rover-800/ HTTP/1.1" 200 11748 "-" "Mozilla/5.0 (compatible; SeznamBot/3.2; +http://fulltext.sblog.cz/)" TCP_MISS:DIRECT
66.249.64.74 - - [28/Feb/2014:22:19:56 +0100] "GET http://www.autodily-cardo.cz/podvozek/pruzina-tlumice-perovani/? HTTP/1.1" 200 12024 "-" "Mozilla/5.0 (compatible; Googlebot/2.1; +http://www.google.com/bot.html)" TCP_MISS:DIRECT
157.55.32.98 - - [28/Feb/2014:22:19:56 +0100] "GET http://www.autodily-cardo.cz/brzdovy-system/sada-brzdovych-celisti-trw-gs8468-opel-agila/ HTTP/1.1" 200 11434 "-" "Mozilla/5.0 (compatible; bingbot/2.0; +http://www.bing.com/bingbot.htm)" TCP_MISS:DIRECT
77.75.73.11 - - [28/Feb/2014:22:19:58 +0100] "GET http://www.autodily-cardo.cz/rozvody/vratna-vodici-kladka-ina-in-532046710/ HTTP/1.1" 200 11419 "-" "Mozilla/5.0 (compatible; SeznamBot/3.2; +http://fulltext.sblog.cz/)" TCP_MISS:DIRECT
176.107.123.11 - - [28/Feb/2014:22:20:00 +0100] "GET http://www.autodily-cardo.cz/rozvody/drazkove-remeny/ HTTP/1.1" 200 12440 "http://www.autodily-cardo.cz/rozvody/remeny/" "Mozilla/5.0 (Windows NT 6.1; WOW64; Trident/7.0; rv:11.0) like Gecko" TCP_MISS:DIRECT
77.75.73.11 - - [28/Feb/2014:22:20:01 +0100] "GET http://www.autodily-cardo.cz/filtry-2/vzduchovy-filtr-champion-ch-u661-606/ HTTP/1.1" 200 11563 "-" "Mozilla/5.0 (compatible; SeznamBot/3.2; +http://fulltext.sblog.cz/)" TCP_MISS:DIRECT
66.249.64.79 - - [28/Feb/2014:22:20:03 +0100] "GET http://www.autodily-cardo.cz/rozvody/napinaci-kladky-napinaky/? HTTP/1.1" 200 13011 "-" "Mozilla/5.0 (compatible; Googlebot/2.1; +http://www.google.com/bot.html)" TCP_MISS:DIRECT
117.26.79.180 - - [28/Feb/2014:22:20:05 +0100] "GET http://www.autodily-cardo.cz/podvozek/tlumic-perovani-bilstein-ve3-e107-pravy-predni-opel-corsa-c/? HTTP/1.1" 200 11449 "-" "Mozilla/4.0 (compatible; MSIE 6.0; Windows NT 5.1; SV1)" TCP_MISS:DIRECT
217.212.224.183 - - [28/Feb/2014:22:20:09 +0100] "GET http://www.autodily-cardo.cz/robots.txt HTTP/1.0" 200 536 "-" "psbot/0.1 (+http://www.picsearch.com/bot.html)" TCP_MISS:DIRECT
217.212.224.180 - - [28/Feb/2014:22:20:09 +0100] "GET http://www.autodily-cardo.cz/obrazky/65758/vodni-pumpa-valeo-506674-mini.jpg HTTP/1.0" 200 2093 "-" "psbot-image (+http://www.picsearch.com/bot.html)" TCP_MISS:DIRECT
117.26.79.180 - - [28/Feb/2014:22:20:09 +0100] "POST http://www.autodily-cardo.cz/podvozek/tlumic-perovani-bilstein-ve3-e107-pravy-predni-opel-corsa-c/? HTTP/1.1" 200 11906 "http://www.autodily-cardo.cz/podvozek/tlumic-perovani-bilstein-ve3-e107-pravy-predni-opel-corsa-c/?compare=1" "Mozilla/4.0 (compatible; MSIE 6.0; Windows NT 5.1; SV1)" TCP_MISS:DIRECT
176.107.123.11 - - [28/Feb/2014:22:20:10 +0100] "GET http://www.autodily-cardo.cz/rozvody/remeny/ HTTP/1.1" 200 12494 "-" "Mozilla/5.0 (Windows NT 6.1; WOW64; Trident/7.0; rv:11.0) like Gecko" TCP_MISS:DIRECT
178.72.237.234 - - [28/Feb/2014:22:20:15 +0100] "GET http://www.autodily-cardo.cz/rozvody/sada-rozvodoveho-remene-ina-in-530023320/ HTTP/1.1" 200 10903 "http://www.autodily-cardo.cz/rozvody/rozvodove-sady/?pageno=73" "Opera/9.80 (Windows NT 6.1; WOW64) Presto/2.12.388 Version/12.16" TCP_MISS:DIRECT
178.72.237.234 - - [28/Feb/2014:22:20:16 +0100] "GET http://www.autodily-cardo.cz/scripts/lightbox/prototype.js HTTP/1.1" 200 37924 "http://www.autodily-cardo.cz/rozvody/sada-rozvodoveho-remene-ina-in-530023320/" "Opera/9.80 (Windows NT 6.1; WOW64) Presto/2.12.388 Version/12.16" TCP_MISS:DIRECT
178.72.237.234 - - [28/Feb/2014:22:20:16 +0100] "GET http://www.autodily-cardo.cz/scripts/lightbox/scriptaculous.js? HTTP/1.1" 200 2022 "http://www.autodily-cardo.cz/rozvody/sada-rozvodoveho-remene-ina-in-530023320/" "Opera/9.80 (Windows NT 6.1; WOW64) Presto/2.12.388 Version/12.16" TCP_MISS:DIRECT
178.72.237.234 - - [28/Feb/2014:22:20:16 +0100] "GET http://www.autodily-cardo.cz/scripts/lightbox/effects.js HTTP/1.1" 200 9251 "http://www.autodily-cardo.cz/rozvody/sada-rozvodoveho-remene-ina-in-530023320/" "Opera/9.80 (Windows NT 6.1; WOW64) Presto/2.12.388 Version/12.16" TCP_MISS:DIRECT
178.72.237.234 - - [28/Feb/2014:22:20:16 +0100] "GET http://www.autodily-cardo.cz/scripts/lightbox/builder.js HTTP/1.1" 200 2365 "http://www.autodily-cardo.cz/rozvody/sada-rozvodoveho-remene-ina-in-530023320/" "Opera/9.80 (Windows NT 6.1; WOW64) Presto/2.12.388 Version/12.16" TCP_MISS:DIRECT
178.72.237.234 - - [28/Feb/2014:22:20:16 +0100] "GET http://www.autodily-cardo.cz/scripts/lightbox/lightbox.js HTTP/1.1" 200 5486 "http://www.autodily-cardo.cz/rozvody/sada-rozvodoveho-remene-ina-in-530023320/" "Opera/9.80 (Windows NT 6.1; WOW64) Presto/2.12.388 Version/12.16" TCP_MISS:DIRECT
178.72.237.234 - - [28/Feb/2014:22:20:16 +0100] "GET http://www.autodily-cardo.cz/obrazky/11797/sada-rozvodoveho-remene-ina-in-530023320-default.jpg HTTP/1.1" 200 5214 "http://www.autodily-cardo.cz/rozvody/sada-rozvodoveho-remene-ina-in-530023320/" "Opera/9.80 (Windows NT 6.1; WOW64) Presto/2.12.388 Version/12.16" TCP_MISS:DIRECT
178.72.237.234 - - [28/Feb/2014:22:20:16 +0100] "GET http://www.autodily-cardo.cz/img/lightbox/closelabel.gif HTTP/1.1" 200 1976 "http://www.autodily-cardo.cz/rozvody/sada-rozvodoveho-remene-ina-in-530023320/" "Opera/9.80 (Windows NT 6.1; WOW64) Presto/2.12.388 Version/12.16" TCP_MISS:DIRECT
178.72.237.234 - - [28/Feb/2014:22:20:16 +0100] "GET http://www.autodily-cardo.cz/img/lightbox/loading.gif HTTP/1.1" 200 3238 "http://www.autodily-cardo.cz/rozvody/sada-rozvodoveho-remene-ina-in-530023320/" "Opera/9.80 (Windows NT 6.1; WOW64) Presto/2.12.388 Version/12.16" TCP_MISS:DIRECT
178.72.237.234 - - [28/Feb/2014:22:20:16 +0100] "GET http://www.autodily-cardo.cz/img/design/bg_actions.png HTTP/1.1" 200 827 "http://www.autodily-cardo.cz/rozvody/sada-rozvodoveho-remene-ina-in-530023320/" "Opera/9.80 (Windows NT 6.1; WOW64) Presto/2.12.388 Version/12.16" TCP_MISS:DIRECT
178.72.237.234 - - [28/Feb/2014:22:20:16 +0100] "GET http://www.autodily-cardo.cz/img/design/ico-action-compare.png HTTP/1.1" 200 957 "http://www.autodily-cardo.cz/rozvody/sada-rozvodoveho-remene-ina-in-530023320/" "Opera/9.80 (Windows NT 6.1; WOW64) Presto/2.12.388 Version/12.16" TCP_MISS:DIRECT
178.72.237.234 - - [28/Feb/2014:22:20:16 +0100] "GET http://www.autodily-cardo.cz/img/design/ico-action-print.png HTTP/1.1" 200 1126 "http://www.autodily-cardo.cz/rozvody/sada-rozvodoveho-remene-ina-in-530023320/" "Opera/9.80 (Windows NT 6.1; WOW64) Presto/2.12.388 Version/12.16" TCP_MISS:DIRECT
178.72.237.234 - - [28/Feb/2014:22:20:16 +0100] "GET http://www.autodily-cardo.cz/img/design/ico-action-mail.png HTTP/1.1" 200 1044 "http://www.autodily-cardo.cz/rozvody/sada-rozvodoveho-remene-ina-in-530023320/" "Opera/9.80 (Windows NT 6.1; WOW64) Presto/2.12.388 Version/12.16" TCP_MISS:DIRECT
77.75.73.11 - - [28/Feb/2014:22:20:19 +0100] "GET http://www.autodily-cardo.cz/podvozek/tycka-stabilizatoru-febi-fb-27984/ HTTP/1.1" 200 11867 "-" "Mozilla/5.0 (compatible; SeznamBot/3.2; +http://fulltext.sblog.cz/)" TCP_MISS:DIRECT
77.75.73.11 - - [28/Feb/2014:22:20:21 +0100] "GET http://www.autodily-cardo.cz/rozvody/napinaci-kladka-ozubeny-remen-snr-gt355-23/ HTTP/1.1" 200 11389 "-" "Mozilla/5.0 (compatible; SeznamBot/3.2; +http://fulltext.sblog.cz/)" TCP_MISS:DIRECT
157.55.34.166 - - [28/Feb/2014:22:20:22 +0100] "GET http://www.autodily-cardo.cz/rozvody/napinaci-kladka-gates-gt-t43019/ HTTP/1.1" 200 11842 "-" "Mozilla/5.0 (compatible; bingbot/2.0; +http://www.bing.com/bingbot.htm)" TCP_MISS:DIRECT
77.75.73.11 - - [28/Feb/2014:22:20:23 +0100] "GET http://www.autodily-cardo.cz/silentbloky/silentblok-ulozeni-napravy-febi-fb-32563/ HTTP/1.1" 200 11852 "-" "Mozilla/5.0 (compatible; SeznamBot/3.2; +http://fulltext.sblog.cz/)" TCP_MISS:DIRECT
80.243.100.36 - - [28/Feb/2014:22:20:23 +0100] "GET http://www.autodily-cardo.cz/brzdovy-system/? HTTP/1.1" 200 12697 "http://www.autodily-cardo.cz/brzdovy-system/" "Mozilla/5.0 (Windows NT 5.1; rv:27.0) Gecko/20100101 Firefox/27.0" TCP_MISS:DIRECT
80.243.100.36 - - [28/Feb/2014:22:20:23 +0100] "GET http://www.autodily-cardo.cz/obrazky/63627/sada-prislusenstvi-brzdove-celisti-ate-03-0137-9168-at-669168-vw-small.jpg HTTP/1.1" 200 3388 "http://www.autodily-cardo.cz/brzdovy-system/?producer=30" "Mozilla/5.0 (Windows NT 5.1; rv:27.0) Gecko/20100101 Firefox/27.0" TCP_MISS:DIRECT
62.245.107.7 - - [28/Feb/2014:22:20:26 +0100] "GET http://www.autodily-cardo.cz/filtry-2/vzduchovy-filtr-mann-c35148-mf-c35148/ HTTP/1.1" 200 11821 "http://www.zbozi.cz/vyrobek/filtr-vzduchovy-mann-mf-c35148-volvo/" "Mozilla/5.0 (Windows NT 6.1; WOW64; Trident/7.0; rv:11.0) like Gecko" TCP_MISS:DIRECT
62.245.107.7 - - [28/Feb/2014:22:20:26 +0100] "GET http://www.autodily-cardo.cz/scripts/lightbox/scriptaculous.js? HTTP/1.1" 200 2022 "http://www.autodily-cardo.cz/filtry-2/vzduchovy-filtr-mann-c35148-mf-c35148/" "Mozilla/5.0 (Windows NT 6.1; WOW64; Trident/7.0; rv:11.0) like Gecko" TCP_MISS:DIRECT
62.245.107.7 - - [28/Feb/2014:22:20:26 +0100] "GET http://www.autodily-cardo.cz/print.css HTTP/1.1" 200 1421 "http://www.autodily-cardo.cz/filtry-2/vzduchovy-filtr-mann-c35148-mf-c35148/" "Mozilla/5.0 (Windows NT 6.1; WOW64; Trident/7.0; rv:11.0) like Gecko" TCP_MISS:DIRECT
62.245.107.7 - - [28/Feb/2014:22:20:26 +0100] "GET http://www.autodily-cardo.cz/scripts/functions.js? HTTP/1.1" 200 2449 "http://www.autodily-cardo.cz/filtry-2/vzduchovy-filtr-mann-c35148-mf-c35148/" "Mozilla/5.0 (Windows NT 6.1; WOW64; Trident/7.0; rv:11.0) like Gecko" TCP_MISS:DIRECT
62.245.107.7 - - [28/Feb/2014:22:20:26 +0100] "GET http://www.autodily-cardo.cz/scripts/windows.js HTTP/1.1" 200 1360 "http://www.autodily-cardo.cz/filtry-2/vzduchovy-filtr-mann-c35148-mf-c35148/" "Mozilla/5.0 (Windows NT 6.1; WOW64; Trident/7.0; rv:11.0) like Gecko" TCP_MISS:DIRECT
62.245.107.7 - - [28/Feb/2014:22:20:26 +0100] "GET http://www.autodily-cardo.cz/style.css HTTP/1.1" 200 10102 "http://www.autodily-cardo.cz/filtry-2/vzduchovy-filtr-mann-c35148-mf-c35148/" "Mozilla/5.0 (Windows NT 6.1; WOW64; Trident/7.0; rv:11.0) like Gecko" TCP_MISS:DIRECT
62.245.107.7 - - [28/Feb/2014:22:20:26 +0100] "GET http://www.autodily-cardo.cz/scripts/flash_news.js HTTP/1.1" 200 1406 "http://www.autodily-cardo.cz/filtry-2/vzduchovy-filtr-mann-c35148-mf-c35148/" "Mozilla/5.0 (Windows NT 6.1; WOW64; Trident/7.0; rv:11.0) like Gecko" TCP_MISS:DIRECT
62.245.107.7 - - [28/Feb/2014:22:20:26 +0100] "GET http://www.autodily-cardo.cz/scripts/lightbox/lightbox.js HTTP/1.1" 200 5486 "http://www.autodily-cardo.cz/filtry-2/vzduchovy-filtr-mann-c35148-mf-c35148/" "Mozilla/5.0 (Windows NT 6.1; WOW64; Trident/7.0; rv:11.0) like Gecko" TCP_MISS:DIRECT
62.245.107.7 - - [28/Feb/2014:22:20:26 +0100] "GET http://www.autodily-cardo.cz/scripts/support.js HTTP/1.1" 200 1738 "http://www.autodily-cardo.cz/filtry-2/vzduchovy-filtr-mann-c35148-mf-c35148/" "Mozilla/5.0 (Windows NT 6.1; WOW64; Trident/7.0; rv:11.0) like Gecko" TCP_MISS:DIRECT
62.245.107.7 - - [28/Feb/2014:22:20:26 +0100] "GET http://www.autodily-cardo.cz/img/ajax-spinner.gif HTTP/1.1" 200 1317 "http://www.autodily-cardo.cz/filtry-2/vzduchovy-filtr-mann-c35148-mf-c35148/" "Mozilla/5.0 (Windows NT 6.1; WOW64; Trident/7.0; rv:11.0) like Gecko" TCP_MISS:DIRECT
62.245.107.7 - - [28/Feb/2014:22:20:26 +0100] "GET http://www.autodily-cardo.cz/img/icons/tree_none.gif HTTP/1.1" 200 526 "http://www.autodily-cardo.cz/filtry-2/vzduchovy-filtr-mann-c35148-mf-c35148/" "Mozilla/5.0 (Windows NT 6.1; WOW64; Trident/7.0; rv:11.0) like Gecko" TCP_MISS:DIRECT
62.245.107.7 - - [28/Feb/2014:22:20:26 +0100] "GET http://www.autodily-cardo.cz/img/icons/tree_close.gif HTTP/1.1" 200 648 "http://www.autodily-cardo.cz/filtry-2/vzduchovy-filtr-mann-c35148-mf-c35148/" "Mozilla/5.0 (Windows NT 6.1; WOW64; Trident/7.0; rv:11.0) like Gecko" TCP_MISS:DIRECT
62.245.107.7 - - [28/Feb/2014:22:20:26 +0100] "GET http://www.autodily-cardo.cz/img/design/arrow.gif HTTP/1.1" 200 569 "http://www.autodily-cardo.cz/filtry-2/vzduchovy-filtr-mann-c35148-mf-c35148/" "Mozilla/5.0 (Windows NT 6.1; WOW64; Trident/7.0; rv:11.0) like Gecko" TCP_MISS:DIRECT
62.245.107.7 - - [28/Feb/2014:22:20:26 +0100] "GET http://www.autodily-cardo.cz/img/icons/tree_open.gif HTTP/1.1" 200 645 "http://www.autodily-cardo.cz/filtry-2/vzduchovy-filtr-mann-c35148-mf-c35148/" "Mozilla/5.0 (Windows NT 6.1; WOW64; Trident/7.0; rv:11.0) like Gecko" TCP_MISS:DIRECT
62.245.107.7 - - [28/Feb/2014:22:20:26 +0100] "GET http://www.autodily-cardo.cz/img/blank.gif HTTP/1.1" 200 519 "http://www.autodily-cardo.cz/filtry-2/vzduchovy-filtr-mann-c35148-mf-c35148/" "Mozilla/5.0 (Windows NT 6.1; WOW64; Trident/7.0; rv:11.0) like Gecko" TCP_MISS:DIRECT
62.245.107.7 - - [28/Feb/2014:22:20:26 +0100] "GET http://www.autodily-cardo.cz/obrazky/20542/vzduchovy-filtr-mann-c35148-mf-c35148-volvo-default.jpg HTTP/1.1" 200 7374 "http://www.autodily-cardo.cz/filtry-2/vzduchovy-filtr-mann-c35148-mf-c35148/" "Mozilla/5.0 (Windows NT 6.1; WOW64; Trident/7.0; rv:11.0) like Gecko" TCP_MISS:DIRECT
62.245.107.7 - - [28/Feb/2014:22:20:26 +0100] "GET http://www.autodily-cardo.cz/obrazky/26119/castrol-edge-turbo-diesel-5w-40-5l-fst-stitek-castrol-mini.jpg HTTP/1.1" 200 2001 "http://www.autodily-cardo.cz/filtry-2/vzduchovy-filtr-mann-c35148-mf-c35148/" "Mozilla/5.0 (Windows NT 6.1; WOW64; Trident/7.0; rv:11.0) like Gecko" TCP_MISS:DIRECT
62.245.107.7 - - [28/Feb/2014:22:20:26 +0100] "GET http://www.autodily-cardo.cz/obrazky/31760/ford-formula-f-5w-30-5l-mini.jpg HTTP/1.1" 200 1903 "http://www.autodily-cardo.cz/filtry-2/vzduchovy-filtr-mann-c35148-mf-c35148/" "Mozilla/5.0 (Windows NT 6.1; WOW64; Trident/7.0; rv:11.0) like Gecko" TCP_MISS:DIRECT
62.245.107.7 - - [28/Feb/2014:22:20:26 +0100] "GET http://www.autodily-cardo.cz/scripts/lightbox/prototype.js HTTP/1.1" 200 37924 "http://www.autodily-cardo.cz/filtry-2/vzduchovy-filtr-mann-c35148-mf-c35148/" "Mozilla/5.0 (Windows NT 6.1; WOW64; Trident/7.0; rv:11.0) like Gecko" TCP_MISS:DIRECT
62.245.107.7 - - [28/Feb/2014:22:20:26 +0100] "GET http://www.autodily-cardo.cz/obrazky/59/total-quartz-9000-5w-40-5l-mini.jpg HTTP/1.1" 200 1995 "http://www.autodily-cardo.cz/filtry-2/vzduchovy-filtr-mann-c35148-mf-c35148/" "Mozilla/5.0 (Windows NT 6.1; WOW64; Trident/7.0; rv:11.0) like Gecko" TCP_MISS:DIRECT
66.249.64.84 - - [28/Feb/2014:22:20:26 +0100] "GET http://www.autodily-cardo.cz/podvozek/tlumic-perovani/? HTTP/1.1" 200 14464 "-" "Mozilla/5.0 (compatible; Googlebot/2.1; +http://www.google.com/bot.html)" TCP_MISS:DIRECT
62.245.107.7 - - [28/Feb/2014:22:20:26 +0100] "GET http://www.autodily-cardo.cz/img/design/rss.gif HTTP/1.1" 200 696 "http://www.autodily-cardo.cz/filtry-2/vzduchovy-filtr-mann-c35148-mf-c35148/" "Mozilla/5.0 (Windows NT 6.1; WOW64; Trident/7.0; rv:11.0) like Gecko" TCP_MISS:DIRECT
62.245.107.7 - - [28/Feb/2014:22:20:26 +0100] "GET http://www.autodily-cardo.cz/img/design/colorizer.css HTTP/1.1" 200 906 "http://www.autodily-cardo.cz/filtry-2/vzduchovy-filtr-mann-c35148-mf-c35148/" "Mozilla/5.0 (Windows NT 6.1; WOW64; Trident/7.0; rv:11.0) like Gecko" TCP_MISS:DIRECT
62.245.107.7 - - [28/Feb/2014:22:20:26 +0100] "GET http://www.autodily-cardo.cz/scripts/prototype.js HTTP/1.1" 200 28676 "http://www.autodily-cardo.cz/filtry-2/vzduchovy-filtr-mann-c35148-mf-c35148/" "Mozilla/5.0 (Windows NT 6.1; WOW64; Trident/7.0; rv:11.0) like Gecko" TCP_MISS:DIRECT
62.245.107.7 - - [28/Feb/2014:22:20:27 +0100] "GET http://www.autodily-cardo.cz/scripts/lightbox/effects.js HTTP/1.1" 200 9251 "http://www.autodily-cardo.cz/filtry-2/vzduchovy-filtr-mann-c35148-mf-c35148/" "Mozilla/5.0 (Windows NT 6.1; WOW64; Trident/7.0; rv:11.0) like Gecko" TCP_MISS:DIRECT
62.245.107.7 - - [28/Feb/2014:22:20:27 +0100] "GET http://www.autodily-cardo.cz/scripts/lightbox/builder.js HTTP/1.1" 200 2365 "http://www.autodily-cardo.cz/filtry-2/vzduchovy-filtr-mann-c35148-mf-c35148/" "Mozilla/5.0 (Windows NT 6.1; WOW64; Trident/7.0; rv:11.0) like Gecko" TCP_MISS:DIRECT
62.245.107.7 - - [28/Feb/2014:22:20:27 +0100] "GET http://www.autodily-cardo.cz/img/design/lupa.png HTTP/1.1" 200 1693 "http://www.autodily-cardo.cz/filtry-2/vzduchovy-filtr-mann-c35148-mf-c35148/" "Mozilla/5.0 (Windows NT 6.1; WOW64; Trident/7.0; rv:11.0) like Gecko" TCP_MISS:DIRECT
62.245.107.7 - - [28/Feb/2014:22:20:27 +0100] "GET http://www.autodily-cardo.cz/img/design/button.png HTTP/1.1" 200 3342 "http://www.autodily-cardo.cz/filtry-2/vzduchovy-filtr-mann-c35148-mf-c35148/" "Mozilla/5.0 (Windows NT 6.1; WOW64; Trident/7.0; rv:11.0) like Gecko" TCP_MISS:DIRECT
62.245.107.7 - - [28/Feb/2014:22:20:27 +0100] "GET http://www.autodily-cardo.cz/img/design/ico-email.png HTTP/1.1" 200 3320 "http://www.autodily-cardo.cz/filtry-2/vzduchovy-filtr-mann-c35148-mf-c35148/" "Mozilla/5.0 (Windows NT 6.1; WOW64; Trident/7.0; rv:11.0) like Gecko" TCP_MISS:DIRECT
62.245.107.7 - - [28/Feb/2014:22:20:27 +0100] "GET http://www.autodily-cardo.cz/img/design/bg_page.png HTTP/1.1" 200 1100 "http://www.autodily-cardo.cz/filtry-2/vzduchovy-filtr-mann-c35148-mf-c35148/" "Mozilla/5.0 (Windows NT 6.1; WOW64; Trident/7.0; rv:11.0) like Gecko" TCP_MISS:DIRECT
62.245.107.7 - - [28/Feb/2014:22:20:27 +0100] "GET http://www.autodily-cardo.cz/img/design/button-basket.png HTTP/1.1" 200 3970 "http://www.autodily-cardo.cz/filtry-2/vzduchovy-filtr-mann-c35148-mf-c35148/" "Mozilla/5.0 (Windows NT 6.1; WOW64; Trident/7.0; rv:11.0) like Gecko" TCP_MISS:DIRECT
62.245.107.7 - - [28/Feb/2014:22:20:27 +0100] "GET http://www.autodily-cardo.cz/img/lightbox/loading.gif HTTP/1.1" 200 3238 "http://www.autodily-cardo.cz/filtry-2/vzduchovy-filtr-mann-c35148-mf-c35148/" "Mozilla/5.0 (Windows NT 6.1; WOW64; Trident/7.0; rv:11.0) like Gecko" TCP_MISS:DIRECT
62.245.107.7 - - [28/Feb/2014:22:20:27 +0100] "GET http://www.autodily-cardo.cz/img/lightbox/closelabel.gif HTTP/1.1" 200 1976 "http://www.autodily-cardo.cz/filtry-2/vzduchovy-filtr-mann-c35148-mf-c35148/" "Mozilla/5.0 (Windows NT 6.1; WOW64; Trident/7.0; rv:11.0) like Gecko" TCP_MISS:DIRECT
62.245.107.7 - - [28/Feb/2014:22:20:27 +0100] "GET http://www.autodily-cardo.cz/img/design/ico-user.black.gif HTTP/1.1" 200 1316 "http://www.autodily-cardo.cz/filtry-2/vzduchovy-filtr-mann-c35148-mf-c35148/" "Mozilla/5.0 (Windows NT 6.1; WOW64; Trident/7.0; rv:11.0) like Gecko" TCP_MISS:DIRECT
62.245.107.7 - - [28/Feb/2014:22:20:27 +0100] "GET http://www.autodily-cardo.cz/img/design/navbar.png HTTP/1.1" 200 580 "http://www.autodily-cardo.cz/filtry-2/vzduchovy-filtr-mann-c35148-mf-c35148/" "Mozilla/5.0 (Windows NT 6.1; WOW64; Trident/7.0; rv:11.0) like Gecko" TCP_MISS:DIRECT
62.245.107.7 - - [28/Feb/2014:22:20:27 +0100] "GET http://www.autodily-cardo.cz/img/design/ico-basket.black.gif HTTP/1.1" 200 1307 "http://www.autodily-cardo.cz/filtry-2/vzduchovy-filtr-mann-c35148-mf-c35148/" "Mozilla/5.0 (Windows NT 6.1; WOW64; Trident/7.0; rv:11.0) like Gecko" TCP_MISS:DIRECT
62.245.107.7 - - [28/Feb/2014:22:20:27 +0100] "GET http://www.autodily-cardo.cz/img/design/navbar_corners_top.png HTTP/1.1" 200 676 "http://www.autodily-cardo.cz/filtry-2/vzduchovy-filtr-mann-c35148-mf-c35148/" "Mozilla/5.0 (Windows NT 6.1; WOW64; Trident/7.0; rv:11.0) like Gecko" TCP_MISS:DIRECT
62.245.107.7 - - [28/Feb/2014:22:20:27 +0100] "GET http://www.autodily-cardo.cz/img/design/panel_h3.png HTTP/1.1" 200 572 "http://www.autodily-cardo.cz/filtry-2/vzduchovy-filtr-mann-c35148-mf-c35148/" "Mozilla/5.0 (Windows NT 6.1; WOW64; Trident/7.0; rv:11.0) like Gecko" TCP_MISS:DIRECT
62.245.107.7 - - [28/Feb/2014:22:20:27 +0100] "GET http://www.autodily-cardo.cz/img/icons/orange-arrow.png HTTP/1.1" 200 3286 "http://www.autodily-cardo.cz/filtry-2/vzduchovy-filtr-mann-c35148-mf-c35148/" "Mozilla/5.0 (Windows NT 6.1; WOW64; Trident/7.0; rv:11.0) like Gecko" TCP_MISS:DIRECT
62.245.107.7 - - [28/Feb/2014:22:20:27 +0100] "GET http://www.autodily-cardo.cz/img/design/bg_actions.png HTTP/1.1" 200 827 "http://www.autodily-cardo.cz/filtry-2/vzduchovy-filtr-mann-c35148-mf-c35148/" "Mozilla/5.0 (Windows NT 6.1; WOW64; Trident/7.0; rv:11.0) like Gecko" TCP_MISS:DIRECT
62.245.107.7 - - [28/Feb/2014:22:20:27 +0100] "GET http://www.autodily-cardo.cz/img/design/ico-action-compare.png HTTP/1.1" 200 957 "http://www.autodily-cardo.cz/filtry-2/vzduchovy-filtr-mann-c35148-mf-c35148/" "Mozilla/5.0 (Windows NT 6.1; WOW64; Trident/7.0; rv:11.0) like Gecko" TCP_MISS:DIRECT
62.245.107.7 - - [28/Feb/2014:22:20:27 +0100] "GET http://www.autodily-cardo.cz/img/design/ico-action-print.png HTTP/1.1" 200 1126 "http://www.autodily-cardo.cz/filtry-2/vzduchovy-filtr-mann-c35148-mf-c35148/" "Mozilla/5.0 (Windows NT 6.1; WOW64; Trident/7.0; rv:11.0) like Gecko" TCP_MISS:DIRECT
62.245.107.7 - - [28/Feb/2014:22:20:27 +0100] "GET http://www.autodily-cardo.cz/img/design/ico-action-mail.png HTTP/1.1" 200 1044 "http://www.autodily-cardo.cz/filtry-2/vzduchovy-filtr-mann-c35148-mf-c35148/" "Mozilla/5.0 (Windows NT 6.1; WOW64; Trident/7.0; rv:11.0) like Gecko" TCP_MISS:DIRECT
62.245.107.7 - - [28/Feb/2014:22:20:27 +0100] "GET http://www.autodily-cardo.cz/img/design/navbar_corners_bottom.png HTTP/1.1" 200 766 "http://www.autodily-cardo.cz/filtry-2/vzduchovy-filtr-mann-c35148-mf-c35148/" "Mozilla/5.0 (Windows NT 6.1; WOW64; Trident/7.0; rv:11.0) like Gecko" TCP_MISS:DIRECT
62.245.107.7 - - [28/Feb/2014:22:20:27 +0100] "GET http://www.autodily-cardo.cz/img/design/ico-mobil.png HTTP/1.1" 200 3324 "http://www.autodily-cardo.cz/filtry-2/vzduchovy-filtr-mann-c35148-mf-c35148/" "Mozilla/5.0 (Windows NT 6.1; WOW64; Trident/7.0; rv:11.0) like Gecko" TCP_MISS:DIRECT
62.245.107.7 - - [28/Feb/2014:22:20:27 +0100] "GET http://www.autodily-cardo.cz/img/design/header.jpg HTTP/1.1" 200 73455 "http://www.autodily-cardo.cz/filtry-2/vzduchovy-filtr-mann-c35148-mf-c35148/" "Mozilla/5.0 (Windows NT 6.1; WOW64; Trident/7.0; rv:11.0) like Gecko" TCP_MISS:DIRECT
62.245.107.7 - - [28/Feb/2014:22:20:27 +0100] "GET http://www.autodily-cardo.cz/favicon.ico HTTP/1.1" 404 10208 "-" "Mozilla/5.0 (Windows NT 6.1; Win64; x64; Trident/7.0; rv:11.0) like Gecko" TCP_MISS:DIRECT
77.75.73.11 - - [28/Feb/2014:22:20:28 +0100] "GET http://www.autodily-cardo.cz/rozvody/rozvodovy-remen-gates-gt-5510xs/ HTTP/1.1" 200 11318 "-" "Mozilla/5.0 (compatible; SeznamBot/3.2; +http://fulltext.sblog.cz/)" TCP_MISS:DIRECT
77.75.73.11 - - [28/Feb/2014:22:20:30 +0100] "GET http://www.autodily-cardo.cz/svicky/zhavici-svicka-ngk-y-701rs/? HTTP/1.1" 200 11208 "-" "Mozilla/5.0 (compatible; SeznamBot/3.2; +http://fulltext.sblog.cz/)" TCP_MISS:DIRECT
77.75.73.11 - - [28/Feb/2014:22:20:32 +0100] "GET http://www.autodily-cardo.cz/brzdovy-system/brzdovy-kotouc-brembo-09-9746-10/ HTTP/1.1" 200 11461 "-" "Mozilla/5.0 (compatible; SeznamBot/3.2; +http://fulltext.sblog.cz/)" TCP_MISS:DIRECT
62.245.107.7 - - [28/Feb/2014:22:20:32 +0100] "GET http://www.autodily-cardo.cz/favicon.ico HTTP/1.1" 404 10089 "-" "Mozilla/5.0 (compatible; Google Desktop)" TCP_MISS:DIRECT
193.164.219.2 - - [28/Feb/2014:22:20:33 +0100] "GET http://www.autodily-cardo.cz/ HTTP/1.1" 200 65224 "http://www.autodily-cardo.cz/clanky/prodejna/" "Mozilla/5.0 (Windows NT 5.1; rv:27.0) Gecko/20100101 Firefox/27.0" TCP_MISS:DIRECT
157.55.34.166 - - [28/Feb/2014:22:20:33 +0100] "GET http://www.autodily-cardo.cz/brzdovy-system/brzdovy-kotouc-brembo-08-5456-10/ HTTP/1.1" 200 11569 "-" "Mozilla/5.0 (compatible; bingbot/2.0; +http://www.bing.com/bingbot.htm)" TCP_MISS:DIRECT
77.75.73.11 - - [28/Feb/2014:22:20:34 +0100] "GET http://www.autodily-cardo.cz/rozvody/vodni-pumpa-graf-gr-pa625-bmw-5-e34-530i/? HTTP/1.1" 200 11465 "-" "Mozilla/5.0 (compatible; SeznamBot/3.2; +http://fulltext.sblog.cz/)" TCP_MISS:DIRECT
157.55.34.166 - - [28/Feb/2014:22:20:36 +0100] "GET http://www.autodily-cardo.cz/brzdovy-system/sada-brzdovych-celisti-trw-gsk1036-superkit-renault/ HTTP/1.1" 200 12060 "-" "Mozilla/5.0 (compatible; bingbot/2.0; +http://www.bing.com/bingbot.htm)" TCP_MISS:DIRECT
77.75.73.11 - - [28/Feb/2014:22:20:36 +0100] "GET http://www.autodily-cardo.cz/rozvody/vodni-pumpa-febi-fb-27688/ HTTP/1.1" 200 12661 "-" "Mozilla/5.0 (compatible; SeznamBot/3.2; +http://fulltext.sblog.cz/)" TCP_MISS:DIRECT
46.30.238.157 - - [28/Feb/2014:22:20:37 +0100] "GET http://www.autodily-cardo.cz/brzdovy-system/ HTTP/1.1" 200 14189 "http://www.autodily-cardo.cz/clanky/doprava/" "Mozilla/5.0 (Windows NT 6.1; WOW64; rv:27.0) Gecko/20100101 Firefox/27.0" TCP_MISS:DIRECT
46.30.238.157 - - [28/Feb/2014:22:20:37 +0100] "GET http://www.autodily-cardo.cz/obrazky/65416/tazne-lanko-parkovaci-brzdy-trw-gch1853-small.jpg HTTP/1.1" 200 3404 "http://www.autodily-cardo.cz/brzdovy-system/" "Mozilla/5.0 (Windows NT 6.1; WOW64; rv:27.0) Gecko/20100101 Firefox/27.0" TCP_MISS:DIRECT
46.30.238.157 - - [28/Feb/2014:22:20:37 +0100] "GET http://www.autodily-cardo.cz/obrazky/65417/tazne-lanko-parkovaci-brzdy-trw-gch1854-small.jpg HTTP/1.1" 200 2938 "http://www.autodily-cardo.cz/brzdovy-system/" "Mozilla/5.0 (Windows NT 6.1; WOW64; rv:27.0) Gecko/20100101 Firefox/27.0" TCP_MISS:DIRECT
66.249.64.84 - - [28/Feb/2014:22:20:38 +0100] "GET http://www.autodily-cardo.cz/svicky/zapalovaci/? HTTP/1.1" 200 12499 "-" "Mozilla/5.0 (compatible; Googlebot/2.1; +http://www.google.com/bot.html)" TCP_MISS:DIRECT
77.75.73.11 - - [28/Feb/2014:22:20:39 +0100] "GET http://www.autodily-cardo.cz/spojka/spojkova-sada-valeo-sp-786021/ HTTP/1.1" 200 11880 "-" "Mozilla/5.0 (compatible; SeznamBot/3.2; +http://fulltext.sblog.cz/)" TCP_MISS:DIRECT
193.164.219.2 - - [28/Feb/2014:22:20:40 +0100] "POST http://www.autodily-cardo.cz/ajax.php? HTTP/1.1" 200 1734 "http://www.autodily-cardo.cz/" "Mozilla/5.0 (Windows NT 5.1; rv:27.0) Gecko/20100101 Firefox/27.0" TCP_MISS:DIRECT
77.75.73.11 - - [28/Feb/2014:22:20:41 +0100] "GET http://www.autodily-cardo.cz/rozvody/remeny/? HTTP/1.1" 200 13051 "-" "Mozilla/5.0 (compatible; SeznamBot/3.2; +http://fulltext.sblog.cz/)" TCP_MISS:DIRECT
77.75.73.11 - - [28/Feb/2014:22:20:43 +0100] "GET http://www.autodily-cardo.cz/rozvody/klinovy-remen-dayco-dy-10a1450hd/ HTTP/1.1" 200 11056 "-" "Mozilla/5.0 (compatible; SeznamBot/3.2; +http://fulltext.sblog.cz/)" TCP_MISS:DIRECT
66.249.64.74 - - [28/Feb/2014:22:20:43 +0100] "GET http://www.autodily-cardo.cz/obrazky/15942/rozvodovy-remen-dayco-94910-dy-095rp-234h-original.jpg HTTP/1.1" 200 6994 "-" "Googlebot-Image/1.0" TCP_MISS:DIRECT
5.10.83.88 - - [28/Feb/2014:22:20:43 +0100] "GET http://www.autodily-cardo.cz/filtry-2/vzduchovy-filtr-mann-c25740-mf-c25740/ HTTP/1.1" 200 11205 "-" "Mozilla/5.0 (compatible; AhrefsBot/5.0; +http://ahrefs.com/robot/)" TCP_MISS:DIRECT
77.75.73.11 - - [28/Feb/2014:22:20:45 +0100] "GET http://www.autodily-cardo.cz/silentbloky/zaveseni-motoru-febi-fb-32012/ HTTP/1.1" 200 11416 "-" "Mozilla/5.0 (compatible; SeznamBot/3.2; +http://fulltext.sblog.cz/)" TCP_MISS:DIRECT
193.164.219.2 - - [28/Feb/2014:22:20:47 +0100] "POST http://www.autodily-cardo.cz/ajax.php? HTTP/1.1" 200 1766 "http://www.autodily-cardo.cz/" "Mozilla/5.0 (Windows NT 5.1; rv:27.0) Gecko/20100101 Firefox/27.0" TCP_MISS:DIRECT
77.75.73.11 - - [28/Feb/2014:22:20:50 +0100] "GET http://www.autodily-cardo.cz/podvozek/ramena/? HTTP/1.1" 200 12940 "-" "Mozilla/5.0 (compatible; SeznamBot/3.2; +http://fulltext.sblog.cz/)" TCP_MISS:DIRECT
66.249.64.74 - - [28/Feb/2014:22:20:50 +0100] "GET http://www.autodily-cardo.cz/brzdovy-system/brzdove-desticky/? HTTP/1.1" 200 12569 "-" "Mozilla/5.0 (compatible; Googlebot/2.1; +http://www.google.com/bot.html)" TCP_MISS:DIRECT
46.30.238.157 - - [28/Feb/2014:22:20:53 +0100] "GET http://www.autodily-cardo.cz/brzdovy-system/sada-brzdovych-celisti-trw-gs8570-fiat-punto/ HTTP/1.1" 200 12641 "http://www.autodily-cardo.cz/brzdovy-system/" "Mozilla/5.0 (Windows NT 6.1; WOW64; rv:27.0) Gecko/20100101 Firefox/27.0" TCP_MISS:DIRECT
176.107.123.11 - - [28/Feb/2014:22:20:53 +0100] "GET http://www.autodily-cardo.cz/podvozek/tlumic-perovani/ HTTP/1.1" 200 12929 "http://www.autodily-cardo.cz/rozvody/remeny/" "Mozilla/5.0 (Windows NT 6.1; WOW64; Trident/7.0; rv:11.0) like Gecko" TCP_MISS:DIRECT
46.30.238.157 - - [28/Feb/2014:22:20:53 +0100] "GET http://www.autodily-cardo.cz/obrazky/45980/sada-brzdovych-celisti-trw-gs8570-fiat-punto-default.jpg HTTP/1.1" 200 12063 "http://www.autodily-cardo.cz/brzdovy-system/sada-brzdovych-celisti-trw-gs8570-fiat-punto/" "Mozilla/5.0 (Windows NT 6.1; WOW64; rv:27.0) Gecko/20100101 Firefox/27.0" TCP_MISS:DIRECT
176.107.123.11 - - [28/Feb/2014:22:20:53 +0100] "GET http://www.autodily-cardo.cz/obrazky/8360/tlumic-perovani-monroe-moe1221-mo-e1221-zadni-vw-golf-iv-1-8-1-8-t-1-9-tdi-mimo-quattro-sport-wers-hd-small.jpg HTTP/1.1" 200 3652 "http://www.autodily-cardo.cz/podvozek/tlumic-perovani/" "Mozilla/5.0 (Windows NT 6.1; WOW64; Trident/7.0; rv:11.0) like Gecko" TCP_MISS:DIRECT
176.107.123.11 - - [28/Feb/2014:22:20:53 +0100] "GET http://www.autodily-cardo.cz/obrazky/8789/tlumic-perovani-monroe-moe4858-mo-e4858-audi-a3-96-small.jpg HTTP/1.1" 200 4007 "http://www.autodily-cardo.cz/podvozek/tlumic-perovani/" "Mozilla/5.0 (Windows NT 6.1; WOW64; Trident/7.0; rv:11.0) like Gecko" TCP_MISS:DIRECT
176.107.123.11 - - [28/Feb/2014:22:20:53 +0100] "GET http://www.autodily-cardo.cz/obrazky/7297/tlumic-perovani-monroe-mo16731-mo-16731-vw-golf-iv-1-6-1-8-1-8-t-1-9-tdi-mimo-quattro-sport-wers-hd-small.jpg HTTP/1.1" 200 3610 "http://www.autodily-cardo.cz/podvozek/tlumic-perovani/" "Mozilla/5.0 (Windows NT 6.1; WOW64; Trident/7.0; rv:11.0) like Gecko" TCP_MISS:DIRECT
176.107.123.11 - - [28/Feb/2014:22:20:53 +0100] "GET http://www.autodily-cardo.cz/obrazky/8735/tlumic-perovani-monroe-moe4593-mo-e4593-predni-skoda-octavia-audi-a3-small.jpg HTTP/1.1" 200 4172 "http://www.autodily-cardo.cz/podvozek/tlumic-perovani/" "Mozilla/5.0 (Windows NT 6.1; WOW64; Trident/7.0; rv:11.0) like Gecko" TCP_MISS:DIRECT
176.107.123.11 - - [28/Feb/2014:22:20:53 +0100] "GET http://www.autodily-cardo.cz/obrazky/8353/tlumic-perovani-monroe-moe1212-mo-e1212-zadni-vw-golf-iv-small.jpg HTTP/1.1" 200 3015 "http://www.autodily-cardo.cz/podvozek/tlumic-perovani/" "Mozilla/5.0 (Windows NT 6.1; WOW64; Trident/7.0; rv:11.0) like Gecko" TCP_MISS:DIRECT
176.107.123.11 - - [28/Feb/2014:22:20:53 +0100] "GET http://www.autodily-cardo.cz/obrazky/7540/tlumic-perovani-monroe-mo23890-mo-23890-zadni-vw-golf-97-1-8-1-8-t-1-9-tdi-mimo-quattro-sport-wers-hd-small.jpg HTTP/1.1" 200 3315 "http://www.autodily-cardo.cz/podvozek/tlumic-perovani/" "Mozilla/5.0 (Windows NT 6.1; WOW64; Trident/7.0; rv:11.0) like Gecko" TCP_MISS:DIRECT
176.107.123.11 - - [28/Feb/2014:22:20:53 +0100] "GET http://www.autodily-cardo.cz/obrazky/61699/tlumic-perovani-sachs-200-954-audi-seat-skoda-vw-small.jpg HTTP/1.1" 200 3388 "http://www.autodily-cardo.cz/podvozek/tlumic-perovani/" "Mozilla/5.0 (Windows NT 6.1; WOW64; Trident/7.0; rv:11.0) like Gecko" TCP_MISS:DIRECT
176.107.123.11 - - [28/Feb/2014:22:20:53 +0100] "GET http://www.autodily-cardo.cz/obrazky/61535/tlumic-perovani-sachs-315-087-audi-seat-skoda-vw-small.jpg HTTP/1.1" 200 3153 "http://www.autodily-cardo.cz/podvozek/tlumic-perovani/" "Mozilla/5.0 (Windows NT 6.1; WOW64; Trident/7.0; rv:11.0) like Gecko" TCP_MISS:DIRECT
176.107.123.11 - - [28/Feb/2014:22:20:53 +0100] "GET http://www.autodily-cardo.cz/obrazky/62398/tlumic-perovani-sachs-556-268-seat-vw-small.jpg HTTP/1.1" 200 2802 "http://www.autodily-cardo.cz/podvozek/tlumic-perovani/" "Mozilla/5.0 (Windows NT 6.1; WOW64; Trident/7.0; rv:11.0) like Gecko" TCP_MISS:DIRECT
176.107.123.11 - - [28/Feb/2014:22:20:53 +0100] "GET http://www.autodily-cardo.cz/obrazky/62399/tlumic-perovani-sachs-556-269-seat-skoda-vw-small.jpg HTTP/1.1" 200 2843 "http://www.autodily-cardo.cz/podvozek/tlumic-perovani/" "Mozilla/5.0 (Windows NT 6.1; WOW64; Trident/7.0; rv:11.0) like Gecko" TCP_MISS:DIRECT
46.30.238.157 - - [28/Feb/2014:22:20:53 +0100] "POST http://www.autodily-cardo.cz/ajax.php? HTTP/1.1" 200 530 "http://www.autodily-cardo.cz/brzdovy-system/sada-brzdovych-celisti-trw-gs8570-fiat-punto/" "Mozilla/5.0 (Windows NT 6.1; WOW64; rv:27.0) Gecko/20100101 Firefox/27.0" TCP_MISS:DIRECT
176.107.123.11 - - [28/Feb/2014:22:20:53 +0100] "GET http://www.autodily-cardo.cz/obrazky/62400/tlumic-perovani-sachs-556-271-seat-skoda-vw-small.jpg HTTP/1.1" 200 2790 "http://www.autodily-cardo.cz/podvozek/tlumic-perovani/" "Mozilla/5.0 (Windows NT 6.1; WOW64; Trident/7.0; rv:11.0) like Gecko" TCP_MISS:DIRECT
193.164.219.2 - - [28/Feb/2014:22:20:54 +0100] "POST http://www.autodily-cardo.cz/ajax.php? HTTP/1.1" 200 1509 "http://www.autodily-cardo.cz/" "Mozilla/5.0 (Windows NT 5.1; rv:27.0) Gecko/20100101 Firefox/27.0" TCP_MISS:DIRECT
46.30.238.157 - - [28/Feb/2014:22:20:54 +0100] "GET http://www.autodily-cardo.cz/obrazky/45980/sada-brzdovych-celisti-trw-gs8570-fiat-punto-original.jpg HTTP/1.1" 200 52086 "http://www.autodily-cardo.cz/brzdovy-system/sada-brzdovych-celisti-trw-gs8570-fiat-punto/" "Mozilla/5.0 (Windows NT 6.1; WOW64; rv:27.0) Gecko/20100101 Firefox/27.0" TCP_MISS:DIRECT
77.75.73.11 - - [28/Feb/2014:22:20:58 +0100] "GET http://www.autodily-cardo.cz/filtry-2/palivovy-filtr-mann-wdk13145-mf-wdk13145/ HTTP/1.1" 200 11154 "-" "Mozilla/5.0 (compatible; SeznamBot/3.2; +http://fulltext.sblog.cz/)" TCP_MISS:DIRECT
77.75.73.11 - - [28/Feb/2014:22:21:01 +0100] "GET http://www.autodily-cardo.cz/rozvody/sada-rozvodoveho-remene-snr-kd457-44/ HTTP/1.1" 200 11390 "-" "Mozilla/5.0 (compatible; SeznamBot/3.2; +http://fulltext.sblog.cz/)" TCP_MISS:DIRECT
157.55.32.226 - - [28/Feb/2014:22:21:03 +0100] "GET http://www.autodily-cardo.cz/brzdovy-system/sada-brzdovych-celisti-trw-gsk1734-superkit-fiat-l-ancia/ HTTP/1.1" 200 11686 "-" "Mozilla/5.0 (compatible; bingbot/2.0; +http://www.bing.com/bingbot.htm)" TCP_MISS:DIRECT
193.164.219.2 - - [28/Feb/2014:22:21:04 +0100] "POST http://www.autodily-cardo.cz/? HTTP/1.1" 200 14527 "http://www.autodily-cardo.cz/" "Mozilla/5.0 (Windows NT 5.1; rv:27.0) Gecko/20100101 Firefox/27.0" TCP_MISS:DIRECT
193.164.219.2 - - [28/Feb/2014:22:21:04 +0100] "GET http://www.autodily-cardo.cz/img/goods/small/noimage.gif HTTP/1.1" 200 573 "http://www.autodily-cardo.cz/?page=search" "Mozilla/5.0 (Windows NT 5.1; rv:27.0) Gecko/20100101 Firefox/27.0" TCP_MISS:DIRECT
193.164.219.2 - - [28/Feb/2014:22:21:04 +0100] "GET http://www.autodily-cardo.cz/obrazky/32398/alternatorova-volnobezka-predstihova-spojka-gates-gt-oap7034-citroen-fiat-peugeot-small.jpg HTTP/1.1" 200 3442 "http://www.autodily-cardo.cz/?page=search" "Mozilla/5.0 (Windows NT 5.1; rv:27.0) Gecko/20100101 Firefox/27.0" TCP_MISS:DIRECT
193.164.219.2 - - [28/Feb/2014:22:21:04 +0100] "GET http://www.autodily-cardo.cz/obrazky/13174/alternatorova-volnobezka-predstihova-spojka-dayco-dy-alp2361-citroen-small.jpg HTTP/1.1" 200 3370 "http://www.autodily-cardo.cz/?page=search" "Mozilla/5.0 (Windows NT 5.1; rv:27.0) Gecko/20100101 Firefox/27.0" TCP_MISS:DIRECT
193.164.219.2 - - [28/Feb/2014:22:21:04 +0100] "GET http://www.autodily-cardo.cz/obrazky/10496/alternatorova-volnobezka-predstihova-spojka-ina-in-535005910-citroen-small.jpg HTTP/1.1" 200 3656 "http://www.autodily-cardo.cz/?page=search" "Mozilla/5.0 (Windows NT 5.1; rv:27.0) Gecko/20100101 Firefox/27.0" TCP_MISS:DIRECT
193.164.219.2 - - [28/Feb/2014:22:21:04 +0100] "GET http://www.autodily-cardo.cz/obrazky/65512/alternatorova-volnobezka-predstihova-spojka-ina-in-535017910-small.jpg HTTP/1.1" 200 3670 "http://www.autodily-cardo.cz/?page=search" "Mozilla/5.0 (Windows NT 5.1; rv:27.0) Gecko/20100101 Firefox/27.0" TCP_MISS:DIRECT
193.164.219.2 - - [28/Feb/2014:22:21:04 +0100] "GET http://www.autodily-cardo.cz/obrazky/55991/alternatorova-volnobezka-predstihova-spojka-snr-ga759-01-small.jpg HTTP/1.1" 200 3202 "http://www.autodily-cardo.cz/?page=search" "Mozilla/5.0 (Windows NT 5.1; rv:27.0) Gecko/20100101 Firefox/27.0" TCP_MISS:DIRECT
193.164.219.2 - - [28/Feb/2014:22:21:04 +0100] "GET http://www.autodily-cardo.cz/obrazky/60745/autozarovka-osram-cool-blue-intense-h1-55w-12v-p14-5s-small.jpg HTTP/1.1" 200 3434 "http://www.autodily-cardo.cz/?page=search" "Mozilla/5.0 (Windows NT 5.1; rv:27.0) Gecko/20100101 Firefox/27.0" TCP_MISS:DIRECT
193.164.219.2 - - [28/Feb/2014:22:21:04 +0100] "GET http://www.autodily-cardo.cz/obrazky/61014/autozarovka-osram-cool-blue-intense-h4-60-55w-12v-p43t-small.jpg HTTP/1.1" 200 3412 "http://www.autodily-cardo.cz/?page=search" "Mozilla/5.0 (Windows NT 5.1; rv:27.0) Gecko/20100101 Firefox/27.0" TCP_MISS:DIRECT
193.164.219.2 - - [28/Feb/2014:22:21:04 +0100] "GET http://www.autodily-cardo.cz/obrazky/61030/autozarovka-osram-cool-blue-intense-h7-55w-12v-px26d-small.jpg HTTP/1.1" 200 3410 "http://www.autodily-cardo.cz/?page=search" "Mozilla/5.0 (Windows NT 5.1; rv:27.0) Gecko/20100101 Firefox/27.0" TCP_MISS:DIRECT
193.164.219.2 - - [28/Feb/2014:22:21:04 +0100] "GET http://www.autodily-cardo.cz/obrazky/61026/autozarovka-osram-cool-blue-intense-h3-55w-12v-pk22s-small.jpg HTTP/1.1" 200 3474 "http://www.autodily-cardo.cz/?page=search" "Mozilla/5.0 (Windows NT 5.1; rv:27.0) Gecko/20100101 Firefox/27.0" TCP_MISS:DIRECT
193.164.219.2 - - [28/Feb/2014:22:21:04 +0100] "GET http://www.autodily-cardo.cz/obrazky/50629/autozarovka-osram-night-breaker-plus-h1-55w-12v-p14-5s-small.jpg HTTP/1.1" 200 3474 "http://www.autodily-cardo.cz/?page=search" "Mozilla/5.0 (Windows NT 5.1; rv:27.0) Gecko/20100101 Firefox/27.0" TCP_MISS:DIRECT
193.164.219.2 - - [28/Feb/2014:22:21:04 +0100] "GET http://www.autodily-cardo.cz/obrazky/61016/autozarovka-osram-night-breaker-plus-h4-60-55w-12v-p43t-small.jpg HTTP/1.1" 200 3413 "http://www.autodily-cardo.cz/?page=search" "Mozilla/5.0 (Windows NT 5.1; rv:27.0) Gecko/20100101 Firefox/27.0" TCP_MISS:DIRECT
193.164.219.2 - - [28/Feb/2014:22:21:04 +0100] "GET http://www.autodily-cardo.cz/obrazky/61027/autozarovka-osram-night-breaker-plus-h3-55w-12v-pk22s-small.jpg HTTP/1.1" 200 3458 "http://www.autodily-cardo.cz/?page=search" "Mozilla/5.0 (Windows NT 5.1; rv:27.0) Gecko/20100101 Firefox/27.0" TCP_MISS:DIRECT
193.164.219.2 - - [28/Feb/2014:22:21:04 +0100] "GET http://www.autodily-cardo.cz/obrazky/61032/autozarovka-osram-night-breaker-plus-h7-55w-12v-px26d-small.jpg HTTP/1.1" 200 3438 "http://www.autodily-cardo.cz/?page=search" "Mozilla/5.0 (Windows NT 5.1; rv:27.0) Gecko/20100101 Firefox/27.0" TCP_MISS:DIRECT
193.164.219.2 - - [28/Feb/2014:22:21:04 +0100] "GET http://www.autodily-cardo.cz/obrazky/61009/autozarovka-osram-original-line-h1-55w-12v-p14-5s-small.jpg HTTP/1.1" 200 3359 "http://www.autodily-cardo.cz/?page=search" "Mozilla/5.0 (Windows NT 5.1; rv:27.0) Gecko/20100101 Firefox/27.0" TCP_MISS:DIRECT
193.164.219.2 - - [28/Feb/2014:22:21:04 +0100] "GET http://www.autodily-cardo.cz/obrazky/61024/autozarovka-osram-original-line-h3-55w-12v-pk22s-small.jpg HTTP/1.1" 200 3336 "http://www.autodily-cardo.cz/?page=search" "Mozilla/5.0 (Windows NT 5.1; rv:27.0) Gecko/20100101 Firefox/27.0" TCP_MISS:DIRECT
193.164.219.2 - - [28/Feb/2014:22:21:04 +0100] "GET http://www.autodily-cardo.cz/obrazky/61020/autozarovka-osram-original-line-h4-60-55w-12v-p43t-small.jpg HTTP/1.1" 200 3583 "http://www.autodily-cardo.cz/?page=search" "Mozilla/5.0 (Windows NT 5.1; rv:27.0) Gecko/20100101 Firefox/27.0" TCP_MISS:DIRECT
193.164.219.2 - - [28/Feb/2014:22:21:04 +0100] "GET http://www.autodily-cardo.cz/obrazky/61028/autozarovka-osram-original-line-h7-55w-12v-px26d-small.jpg HTTP/1.1" 200 3334 "http://www.autodily-cardo.cz/?page=search" "Mozilla/5.0 (Windows NT 5.1; rv:27.0) Gecko/20100101 Firefox/27.0" TCP_MISS:DIRECT
193.164.219.2 - - [28/Feb/2014:22:21:04 +0100] "GET http://www.autodily-cardo.cz/obrazky/61008/autozarovka-osram-silverstar-2-0-h1-55w-12v-p14-5s-small.jpg HTTP/1.1" 200 3302 "http://www.autodily-cardo.cz/?page=search" "Mozilla/5.0 (Windows NT 5.1; rv:27.0) Gecko/20100101 Firefox/27.0" TCP_MISS:DIRECT
193.164.219.2 - - [28/Feb/2014:22:21:04 +0100] "GET http://www.autodily-cardo.cz/img/design/tick.gif HTTP/1.1" 200 989 "http://www.autodily-cardo.cz/style.css" "Mozilla/5.0 (Windows NT 5.1; rv:27.0) Gecko/20100101 Firefox/27.0" TCP_MISS:DIRECT
157.55.32.226 - - [28/Feb/2014:22:21:05 +0100] "GET http://www.autodily-cardo.cz/podvozek/tlumic-perovani-bilstein-b8-ve3-4169-levy-predni-bmw-7-e38-2-8-5-0-2-5tds-4-0d-94-01/ HTTP/1.1" 200 11306 "-" "Mozilla/5.0 (compatible; bingbot/2.0; +http://www.bing.com/bingbot.htm)" TCP_MISS:DIRECT
157.55.32.226 - - [28/Feb/2014:22:21:06 +0100] "GET http://www.autodily-cardo.cz/podvozek/tlumic-perovani-sachs-313-297/ HTTP/1.1" 200 11364 "-" "Mozilla/5.0 (compatible; bingbot/2.0; +http://www.bing.com/bingbot.htm)" TCP_MISS:DIRECT
157.55.32.226 - - [28/Feb/2014:22:21:08 +0100] "GET http://www.autodily-cardo.cz/brzdovy-system/brzdovy-kotouc-brembo-09-5889-10/? HTTP/1.1" 200 11695 "-" "Mozilla/5.0 (compatible; bingbot/2.0; +http://www.bing.com/bingbot.htm)" TCP_MISS:DIRECT
77.75.73.11 - - [28/Feb/2014:22:21:08 +0100] "GET http://www.autodily-cardo.cz/svicky/zapalovaci-svicka-denso-pk20r8/ HTTP/1.1" 200 11748 "-" "Mozilla/5.0 (compatible; SeznamBot/3.2; +http://fulltext.sblog.cz/)" TCP_MISS:DIRECT
66.249.64.79 - - [28/Feb/2014:22:21:08 +0100] "GET http://www.autodily-cardo.cz/filtry-2/? HTTP/1.1" 200 13624 "-" "Mozilla/5.0 (compatible; Googlebot/2.1; +http://www.google.com/bot.html)" TCP_MISS:DIRECT
157.55.32.226 - - [28/Feb/2014:22:21:09 +0100] "GET http://www.autodily-cardo.cz/brzdovy-system/brzdovy-kotouc-ate-24-0125-0158-at-425158/ HTTP/1.1" 200 15665 "-" "Mozilla/5.0 (compatible; bingbot/2.0; +http://www.bing.com/bingbot.htm)" TCP_MISS:DIRECT
193.164.219.2 - - [28/Feb/2014:22:21:10 +0100] "GET http://www.autodily-cardo.cz/rozvody/ HTTP/1.1" 200 96401 "http://www.autodily-cardo.cz/?page=search" "Mozilla/5.0 (Windows NT 5.1; rv:27.0) Gecko/20100101 Firefox/27.0" TCP_MISS:DIRECT
193.164.219.2 - - [28/Feb/2014:22:21:10 +0100] "GET http://www.autodily-cardo.cz/obrazky/13862/drazkovy-remen-dayco-dy-6pk1468-citroen-peugeot-small.jpg HTTP/1.1" 200 2229 "http://www.autodily-cardo.cz/rozvody/" "Mozilla/5.0 (Windows NT 5.1; rv:27.0) Gecko/20100101 Firefox/27.0" TCP_MISS:DIRECT
193.164.219.2 - - [28/Feb/2014:22:21:10 +0100] "GET http://www.autodily-cardo.cz/obrazky/33221/drazkovy-remen-gates-gt-6pk1740-alfa-romeo-citroen-peugeot-small.jpg HTTP/1.1" 200 4033 "http://www.autodily-cardo.cz/rozvody/" "Mozilla/5.0 (Windows NT 5.1; rv:27.0) Gecko/20100101 Firefox/27.0" TCP_MISS:DIRECT
193.164.219.2 - - [28/Feb/2014:22:21:10 +0100] "GET http://www.autodily-cardo.cz/obrazky/13926/drazkovy-remen-dayco-dy-6pk1740-small.jpg HTTP/1.1" 200 2229 "http://www.autodily-cardo.cz/rozvody/" "Mozilla/5.0 (Windows NT 5.1; rv:27.0) Gecko/20100101 Firefox/27.0" TCP_MISS:DIRECT
193.164.219.2 - - [28/Feb/2014:22:21:10 +0100] "GET http://www.autodily-cardo.cz/obrazky/33183/drazkovy-remen-gates-gt-6pk1470-citroen-fiat-peugeot-small.jpg HTTP/1.1" 200 4033 "http://www.autodily-cardo.cz/rozvody/" "Mozilla/5.0 (Windows NT 5.1; rv:27.0) Gecko/20100101 Firefox/27.0" TCP_MISS:DIRECT
193.164.219.2 - - [28/Feb/2014:22:21:10 +0100] "GET http://www.autodily-cardo.cz/obrazky/15190/napinaci-kladka-dayco-dy-apv2016-citroen-small.jpg HTTP/1.1" 200 4405 "http://www.autodily-cardo.cz/rozvody/" "Mozilla/5.0 (Windows NT 5.1; rv:27.0) Gecko/20100101 Firefox/27.0" TCP_MISS:DIRECT
193.164.219.2 - - [28/Feb/2014:22:21:10 +0100] "GET http://www.autodily-cardo.cz/obrazky/15224/napinaci-kladka-dayco-dy-apv2055-citroen-small.jpg HTTP/1.1" 200 4381 "http://www.autodily-cardo.cz/rozvody/" "Mozilla/5.0 (Windows NT 5.1; rv:27.0) Gecko/20100101 Firefox/27.0" TCP_MISS:DIRECT
193.164.219.2 - - [28/Feb/2014:22:21:10 +0100] "GET http://www.autodily-cardo.cz/obrazky/41545/napinaci-kladka-febi-17063-citroen-peugeot-small.jpg HTTP/1.1" 200 3185 "http://www.autodily-cardo.cz/rozvody/" "Mozilla/5.0 (Windows NT 5.1; rv:27.0) Gecko/20100101 Firefox/27.0" TCP_MISS:DIRECT
193.164.219.2 - - [28/Feb/2014:22:21:10 +0100] "GET http://www.autodily-cardo.cz/obrazky/41467/napinaci-kladka-febi-19119-fb-19119-citroen-peugeot-small.jpg HTTP/1.1" 200 4029 "http://www.autodily-cardo.cz/rozvody/" "Mozilla/5.0 (Windows NT 5.1; rv:27.0) Gecko/20100101 Firefox/27.0" TCP_MISS:DIRECT
193.164.219.2 - - [28/Feb/2014:22:21:10 +0100] "GET http://www.autodily-cardo.cz/obrazky/33952/napinaci-kladka-gates-gt-t36067-citroen-fiat-peugeot-small.jpg HTTP/1.1" 200 3158 "http://www.autodily-cardo.cz/rozvody/" "Mozilla/5.0 (Windows NT 5.1; rv:27.0) Gecko/20100101 Firefox/27.0" TCP_MISS:DIRECT
193.164.219.2 - - [28/Feb/2014:22:21:10 +0100] "GET http://www.autodily-cardo.cz/obrazky/34045/napinaci-kladka-gates-gt-t38231-citroen-fiat-peugeot-small.jpg HTTP/1.1" 200 3024 "http://www.autodily-cardo.cz/rozvody/" "Mozilla/5.0 (Windows NT 5.1; rv:27.0) Gecko/20100101 Firefox/27.0" TCP_MISS:DIRECT
193.164.219.2 - - [28/Feb/2014:22:21:10 +0100] "GET http://www.autodily-cardo.cz/obrazky/10686/napinaci-kladka-ina-in-531014810-citroen-small.jpg HTTP/1.1" 200 4067 "http://www.autodily-cardo.cz/rozvody/" "Mozilla/5.0 (Windows NT 5.1; rv:27.0) Gecko/20100101 Firefox/27.0" TCP_MISS:DIRECT
193.164.219.2 - - [28/Feb/2014:22:21:10 +0100] "GET http://www.autodily-cardo.cz/obrazky/10794/napinaci-kladka-ina-in-531026410-citroen-small.jpg HTTP/1.1" 200 3330 "http://www.autodily-cardo.cz/rozvody/" "Mozilla/5.0 (Windows NT 5.1; rv:27.0) Gecko/20100101 Firefox/27.0" TCP_MISS:DIRECT
193.164.219.2 - - [28/Feb/2014:22:21:10 +0100] "GET http://www.autodily-cardo.cz/obrazky/10868/napinaci-kladka-ina-in-531037310-fiat-citroen-peugeot-small.jpg HTTP/1.1" 200 4338 "http://www.autodily-cardo.cz/rozvody/" "Mozilla/5.0 (Windows NT 5.1; rv:27.0) Gecko/20100101 Firefox/27.0" TCP_MISS:DIRECT
157.55.32.226 - - [28/Feb/2014:22:21:11 +0100] "GET http://www.autodily-cardo.cz/podvozek/tycka-stabilizatoru-optimal-g7-820/ HTTP/1.1" 200 10928 "-" "Mozilla/5.0 (compatible; bingbot/2.0; +http://www.bing.com/bingbot.htm)" TCP_MISS:DIRECT
157.55.32.226 - - [28/Feb/2014:22:21:12 +0100] "GET http://www.autodily-cardo.cz/brzdovy-system/brzdovy-kotouc-brembo-09-7286-10/ HTTP/1.1" 200 11351 "-" "Mozilla/5.0 (compatible; bingbot/2.0; +http://www.bing.com/bingbot.htm)" TCP_MISS:DIRECT
77.75.73.11 - - [28/Feb/2014:22:21:16 +0100] "GET http://www.autodily-cardo.cz/rozvody/tlumic-vibraci-napinak-ina-in-534011420-db/ HTTP/1.1" 200 12719 "-" "Mozilla/5.0 (compatible; SeznamBot/3.2; +http://fulltext.sblog.cz/)" TCP_MISS:DIRECT
46.30.238.157 - - [28/Feb/2014:22:21:17 +0100] "GET http://www.autodily-cardo.cz/brzdovy-system/ HTTP/1.1" 200 14176 "http://www.autodily-cardo.cz/clanky/doprava/" "Mozilla/5.0 (Windows NT 6.1; WOW64; rv:27.0) Gecko/20100101 Firefox/27.0" TCP_MISS:DIRECT
46.30.238.157 - - [28/Feb/2014:22:21:17 +0100] "GET http://www.autodily-cardo.cz/obrazky/26139/castrol-edge-5w-30-fst-5l-stitek-castrol-mini.jpg HTTP/1.1" 200 2029 "http://www.autodily-cardo.cz/brzdovy-system/" "Mozilla/5.0 (Windows NT 6.1; WOW64; rv:27.0) Gecko/20100101 Firefox/27.0" TCP_MISS:DIRECT
193.164.219.2 - - [28/Feb/2014:22:21:19 +0100] "GET http://www.autodily-cardo.cz/rozvody/rozvodove-sady/ HTTP/1.1" 200 83000 "http://www.autodily-cardo.cz/rozvody/" "Mozilla/5.0 (Windows NT 5.1; rv:27.0) Gecko/20100101 Firefox/27.0" TCP_MISS:DIRECT
193.164.219.2 - - [28/Feb/2014:22:21:19 +0100] "GET http://www.autodily-cardo.cz/obrazky/66038/sada-rozvodoveho-remene-febi-fb-19623-small.jpg HTTP/1.1" 200 2905 "http://www.autodily-cardo.cz/rozvody/rozvodove-sady/" "Mozilla/5.0 (Windows NT 5.1; rv:27.0) Gecko/20100101 Firefox/27.0" TCP_MISS:DIRECT
193.164.219.2 - - [28/Feb/2014:22:21:19 +0100] "GET http://www.autodily-cardo.cz/obrazky/35183/sada-rozvodoveho-remene-gates-gt-k025524xs-citroen-peugeot-small.jpg HTTP/1.1" 200 4033 "http://www.autodily-cardo.cz/rozvody/rozvodove-sady/" "Mozilla/5.0 (Windows NT 5.1; rv:27.0) Gecko/20100101 Firefox/27.0" TCP_MISS:DIRECT
193.164.219.2 - - [28/Feb/2014:22:21:19 +0100] "GET http://www.autodily-cardo.cz/obrazky/16168/sada-rozvodoveho-remene-dayco-dy-ktb197-citroen-peugeot-small.jpg HTTP/1.1" 200 2229 "http://www.autodily-cardo.cz/rozvody/rozvodove-sady/" "Mozilla/5.0 (Windows NT 5.1; rv:27.0) Gecko/20100101 Firefox/27.0" TCP_MISS:DIRECT
193.164.219.2 - - [28/Feb/2014:22:21:19 +0100] "GET http://www.autodily-cardo.cz/obrazky/35291/sada-rozvodoveho-remene-gates-gt-kp15524xs-citroen-fiat-peugeot-small.jpg HTTP/1.1" 200 4033 "http://www.autodily-cardo.cz/rozvody/rozvodove-sady/" "Mozilla/5.0 (Windows NT 5.1; rv:27.0) Gecko/20100101 Firefox/27.0" TCP_MISS:DIRECT
193.164.219.2 - - [28/Feb/2014:22:21:19 +0100] "GET http://www.autodily-cardo.cz/obrazky/35061/sada-rozvodoveho-remene-gates-gt-k015524xs-citroen-fiat-peugeot-small.jpg HTTP/1.1" 200 4033 "http://www.autodily-cardo.cz/rozvody/rozvodove-sady/" "Mozilla/5.0 (Windows NT 5.1; rv:27.0) Gecko/20100101 Firefox/27.0" TCP_MISS:DIRECT
193.164.219.2 - - [28/Feb/2014:22:21:19 +0100] "GET http://www.autodily-cardo.cz/obrazky/35307/sada-rozvodoveho-remene-gates-gt-kp25524xs-citroen-peugeot-small.jpg HTTP/1.1" 200 4033 "http://www.autodily-cardo.cz/rozvody/rozvodove-sady/" "Mozilla/5.0 (Windows NT 5.1; rv:27.0) Gecko/20100101 Firefox/27.0" TCP_MISS:DIRECT
193.164.219.2 - - [28/Feb/2014:22:21:19 +0100] "GET http://www.autodily-cardo.cz/obrazky/65318/sada-rozvodoveho-remene-ina-in-530011130-small.jpg HTTP/1.1" 200 4205 "http://www.autodily-cardo.cz/rozvody/rozvodove-sady/" "Mozilla/5.0 (Windows NT 5.1; rv:27.0) Gecko/20100101 Firefox/27.0" TCP_MISS:DIRECT
193.164.219.2 - - [28/Feb/2014:22:21:19 +0100] "GET http://www.autodily-cardo.cz/obrazky/11567/sada-rozvodoveho-remene-ina-in-530011110-peugeot-small.jpg HTTP/1.1" 200 3305 "http://www.autodily-cardo.cz/rozvody/rozvodove-sady/" "Mozilla/5.0 (Windows NT 5.1; rv:27.0) Gecko/20100101 Firefox/27.0" TCP_MISS:DIRECT
193.164.219.2 - - [28/Feb/2014:22:21:19 +0100] "GET http://www.autodily-cardo.cz/obrazky/65920/sada-rozvodoveho-remene-s-vodni-pumpou-ina-in-530047030-small.jpg HTTP/1.1" 200 4216 "http://www.autodily-cardo.cz/rozvody/rozvodove-sady/" "Mozilla/5.0 (Windows NT 5.1; rv:27.0) Gecko/20100101 Firefox/27.0" TCP_MISS:DIRECT
