62.245.107.7 - - [28/Feb/2014:22:28:17 +0100] "GET http://www.autodily-cardo.cz/? HTTP/1.1" 200 15151 "http://www.autodily-cardo.cz/?page=search&sortmode=7&searchtext=w+1130%2F3&search=dGV4dCd3IDExMzAvMyd0ZW1wbGF0ZSdhbGwnb25seV90ZXh0X3NlYXJjaCd0cnVl" "Mozilla/5.0 (Windows NT 6.1; WOW64; Trident/7.0; rv:11.0) like Gecko" TCP_MISS:DIRECT
46.13.150.206 - - [28/Feb/2014:22:28:17 +0100] "GET http://www.autodily-cardo.cz/motorove-oleje/? HTTP/1.1" 200 12812 "http://www.autodily-cardo.cz/motorove-oleje/?pageno=3&sortmode=5" "Mozilla/5.0 (Windows NT 6.1; WOW64) AppleWebKit/537.36 (KHTML, like Gecko) Chrome/33.0.1750.117 Safari/537.36" TCP_MISS:DIRECT
176.107.123.11 - - [28/Feb/2014:22:28:17 +0100] "GET http://www.autodily-cardo.cz/brzdovy-system/ HTTP/1.1" 200 13653 "http://www.autodily-cardo.cz/podvozek/dily-rizeni/" "Mozilla/5.0 (Windows NT 6.1; WOW64; Trident/7.0; rv:11.0) like Gecko" TCP_MISS:DIRECT
46.13.150.206 - - [28/Feb/2014:22:28:17 +0100] "GET http://www.autodily-cardo.cz/obrazky/74/mobil-new-life-0w-40-4l-small.jpg HTTP/1.1" 200 3216 "http://www.autodily-cardo.cz/motorove-oleje/?pageno=4&sortmode=5" "Mozilla/5.0 (Windows NT 6.1; WOW64) AppleWebKit/537.36 (KHTML, like Gecko) Chrome/33.0.1750.117 Safari/537.36" TCP_MISS:DIRECT
62.245.107.7 - - [28/Feb/2014:22:28:17 +0100] "GET http://www.autodily-cardo.cz/obrazky/58758/zapalovaci-svicka-denso-w22tt-alfa-romeo-lancia-renault-small.jpg HTTP/1.1" 200 2611 "http://www.autodily-cardo.cz/?page=search&sortmode=7&searchtext=w+1130&search=dGV4dCd3IDExMzAndGVtcGxhdGUnYWxsJ29ubHlfdGV4dF9zZWFyY2gndHJ1ZQ" "Mozilla/5.0 (Windows NT 6.1; WOW64; Trident/7.0; rv:11.0) like Gecko" TCP_MISS:DIRECT
62.245.107.7 - - [28/Feb/2014:22:28:17 +0100] "GET http://www.autodily-cardo.cz/obrazky/58750/zapalovaci-svicka-denso-w22fp-u10-small.jpg HTTP/1.1" 200 2611 "http://www.autodily-cardo.cz/?page=search&sortmode=7&searchtext=w+1130&search=dGV4dCd3IDExMzAndGVtcGxhdGUnYWxsJ29ubHlfdGV4dF9zZWFyY2gndHJ1ZQ" "Mozilla/5.0 (Windows NT 6.1; WOW64; Trident/7.0; rv:11.0) like Gecko" TCP_MISS:DIRECT
62.245.107.7 - - [28/Feb/2014:22:28:17 +0100] "GET http://www.autodily-cardo.cz/obrazky/58739/zapalovaci-svicka-denso-w22epru11-small.jpg HTTP/1.1" 200 2534 "http://www.autodily-cardo.cz/?page=search&sortmode=7&searchtext=w+1130&search=dGV4dCd3IDExMzAndGVtcGxhdGUnYWxsJ29ubHlfdGV4dF9zZWFyY2gndHJ1ZQ" "Mozilla/5.0 (Windows NT 6.1; WOW64; Trident/7.0; rv:11.0) like Gecko" TCP_MISS:DIRECT
62.245.107.7 - - [28/Feb/2014:22:28:17 +0100] "GET http://www.autodily-cardo.cz/obrazky/58732/zapalovaci-svicka-denso-w20pr-u-mercedes-benz-small.jpg HTTP/1.1" 200 2611 "http://www.autodily-cardo.cz/?page=search&sortmode=7&searchtext=w+1130&search=dGV4dCd3IDExMzAndGVtcGxhdGUnYWxsJ29ubHlfdGV4dF9zZWFyY2gndHJ1ZQ" "Mozilla/5.0 (Windows NT 6.1; WOW64; Trident/7.0; rv:11.0) like Gecko" TCP_MISS:DIRECT
62.245.107.7 - - [28/Feb/2014:22:28:17 +0100] "GET http://www.autodily-cardo.cz/obrazky/58688/zapalovaci-svicka-denso-w16etrs-audi-vw-small.jpg HTTP/1.1" 200 2611 "http://www.autodily-cardo.cz/?page=search&sortmode=7&searchtext=w+1130&search=dGV4dCd3IDExMzAndGVtcGxhdGUnYWxsJ29ubHlfdGV4dF9zZWFyY2gndHJ1ZQ" "Mozilla/5.0 (Windows NT 6.1; WOW64; Trident/7.0; rv:11.0) like Gecko" TCP_MISS:DIRECT
62.245.107.7 - - [28/Feb/2014:22:28:17 +0100] "GET http://www.autodily-cardo.cz/obrazky/58746/zapalovaci-svicka-denso-w22etr-l8-small.jpg HTTP/1.1" 200 2611 "http://www.autodily-cardo.cz/?page=search&sortmode=7&searchtext=w+1130&search=dGV4dCd3IDExMzAndGVtcGxhdGUnYWxsJ29ubHlfdGV4dF9zZWFyY2gndHJ1ZQ" "Mozilla/5.0 (Windows NT 6.1; WOW64; Trident/7.0; rv:11.0) like Gecko" TCP_MISS:DIRECT
62.245.107.7 - - [28/Feb/2014:22:28:17 +0100] "GET http://www.autodily-cardo.cz/obrazky/58784/zapalovaci-svicka-denso-w27esru-small.jpg HTTP/1.1" 200 2534 "http://www.autodily-cardo.cz/?page=search&sortmode=7&searchtext=w+1130&search=dGV4dCd3IDExMzAndGVtcGxhdGUnYWxsJ29ubHlfdGV4dF9zZWFyY2gndHJ1ZQ" "Mozilla/5.0 (Windows NT 6.1; WOW64; Trident/7.0; rv:11.0) like Gecko" TCP_MISS:DIRECT
46.13.150.206 - - [28/Feb/2014:22:28:17 +0100] "GET http://www.autodily-cardo.cz/obrazky/41250/mobil-1-turbo-diesel-0w-40-5l-4-1-small.jpg HTTP/1.1" 200 4049 "http://www.autodily-cardo.cz/motorove-oleje/?pageno=4&sortmode=5" "Mozilla/5.0 (Windows NT 6.1; WOW64) AppleWebKit/537.36 (KHTML, like Gecko) Chrome/33.0.1750.117 Safari/537.36" TCP_MISS:DIRECT
46.13.150.206 - - [28/Feb/2014:22:28:17 +0100] "GET http://www.autodily-cardo.cz/obrazky/172/mobil-1-peak-life-rally-formula-5w-50-5l-4-1-small.jpg HTTP/1.1" 200 4019 "http://www.autodily-cardo.cz/motorove-oleje/?pageno=4&sortmode=5" "Mozilla/5.0 (Windows NT 6.1; WOW64) AppleWebKit/537.36 (KHTML, like Gecko) Chrome/33.0.1750.117 Safari/537.36" TCP_MISS:DIRECT
62.245.107.7 - - [28/Feb/2014:22:28:17 +0100] "GET http://www.autodily-cardo.cz/obrazky/58685/zapalovaci-svicka-denso-w16epu-bmw-vw-small.jpg HTTP/1.1" 200 2534 "http://www.autodily-cardo.cz/?page=search&sortmode=7&searchtext=w+1130&search=dGV4dCd3IDExMzAndGVtcGxhdGUnYWxsJ29ubHlfdGV4dF9zZWFyY2gndHJ1ZQ" "Mozilla/5.0 (Windows NT 6.1; WOW64; Trident/7.0; rv:11.0) like Gecko" TCP_MISS:DIRECT
62.245.107.7 - - [28/Feb/2014:22:28:17 +0100] "GET http://www.autodily-cardo.cz/obrazky/58729/zapalovaci-svicka-denso-w20mp-u-small.jpg HTTP/1.1" 200 2547 "http://www.autodily-cardo.cz/?page=search&sortmode=7&searchtext=w+1130&search=dGV4dCd3IDExMzAndGVtcGxhdGUnYWxsJ29ubHlfdGV4dF9zZWFyY2gndHJ1ZQ" "Mozilla/5.0 (Windows NT 6.1; WOW64; Trident/7.0; rv:11.0) like Gecko" TCP_MISS:DIRECT
62.245.107.7 - - [28/Feb/2014:22:28:17 +0100] "GET http://www.autodily-cardo.cz/obrazky/58713/zapalovaci-svicka-denso-w20es-u-vw-small.jpg HTTP/1.1" 200 2534 "http://www.autodily-cardo.cz/?page=search&sortmode=7&searchtext=w+1130&search=dGV4dCd3IDExMzAndGVtcGxhdGUnYWxsJ29ubHlfdGV4dF9zZWFyY2gndHJ1ZQ" "Mozilla/5.0 (Windows NT 6.1; WOW64; Trident/7.0; rv:11.0) like Gecko" TCP_MISS:DIRECT
62.245.107.7 - - [28/Feb/2014:22:28:17 +0100] "GET http://www.autodily-cardo.cz/obrazky/58731/zapalovaci-svicka-denso-w20mus-small.jpg HTTP/1.1" 200 2547 "http://www.autodily-cardo.cz/?page=search&sortmode=7&searchtext=w+1130&search=dGV4dCd3IDExMzAndGVtcGxhdGUnYWxsJ29ubHlfdGV4dF9zZWFyY2gndHJ1ZQ" "Mozilla/5.0 (Windows NT 6.1; WOW64; Trident/7.0; rv:11.0) like Gecko" TCP_MISS:DIRECT
62.245.107.7 - - [28/Feb/2014:22:28:17 +0100] "GET http://www.autodily-cardo.cz/obrazky/58740/zapalovaci-svicka-denso-w22epu-renault-small.jpg HTTP/1.1" 200 2534 "http://www.autodily-cardo.cz/?page=search&sortmode=7&searchtext=w+1130&search=dGV4dCd3IDExMzAndGVtcGxhdGUnYWxsJ29ubHlfdGV4dF9zZWFyY2gndHJ1ZQ" "Mozilla/5.0 (Windows NT 6.1; WOW64; Trident/7.0; rv:11.0) like Gecko" TCP_MISS:DIRECT
46.13.150.206 - - [28/Feb/2014:22:28:17 +0100] "GET http://www.autodily-cardo.cz/obrazky/9/mobil-1-peak-life-rally-formula-5w-50-4l-small.jpg HTTP/1.1" 200 3639 "http://www.autodily-cardo.cz/motorove-oleje/?pageno=4&sortmode=5" "Mozilla/5.0 (Windows NT 6.1; WOW64) AppleWebKit/537.36 (KHTML, like Gecko) Chrome/33.0.1750.117 Safari/537.36" TCP_MISS:DIRECT
62.245.107.7 - - [28/Feb/2014:22:28:17 +0100] "GET http://www.autodily-cardo.cz/obrazky/58704/zapalovaci-svicka-denso-w20epb-alfa-romeo-audi-vw-small.jpg HTTP/1.1" 200 2611 "http://www.autodily-cardo.cz/?page=search&sortmode=7&searchtext=w+1130&search=dGV4dCd3IDExMzAndGVtcGxhdGUnYWxsJ29ubHlfdGV4dF9zZWFyY2gndHJ1ZQ" "Mozilla/5.0 (Windows NT 6.1; WOW64; Trident/7.0; rv:11.0) like Gecko" TCP_MISS:DIRECT
62.245.107.7 - - [28/Feb/2014:22:28:17 +0100] "GET http://www.autodily-cardo.cz/obrazky/60377/vzduchovy-filtr-champion-ch-w101-606-opel-vw-small.jpg HTTP/1.1" 200 2105 "http://www.autodily-cardo.cz/?page=search&sortmode=7&searchtext=w+1130&search=dGV4dCd3IDExMzAndGVtcGxhdGUnYWxsJ29ubHlfdGV4dF9zZWFyY2gndHJ1ZQ" "Mozilla/5.0 (Windows NT 6.1; WOW64; Trident/7.0; rv:11.0) like Gecko" TCP_MISS:DIRECT
62.245.107.7 - - [28/Feb/2014:22:28:17 +0100] "GET http://www.autodily-cardo.cz/obrazky/60381/vzduchovy-filtr-champion-ch-w110-606-ford-skoda-small.jpg HTTP/1.1" 200 2319 "http://www.autodily-cardo.cz/?page=search&sortmode=7&searchtext=w+1130&search=dGV4dCd3IDExMzAndGVtcGxhdGUnYWxsJ29ubHlfdGV4dF9zZWFyY2gndHJ1ZQ" "Mozilla/5.0 (Windows NT 6.1; WOW64; Trident/7.0; rv:11.0) like Gecko" TCP_MISS:DIRECT
62.245.107.7 - - [28/Feb/2014:22:28:17 +0100] "GET http://www.autodily-cardo.cz/obrazky/60382/vzduchovy-filtr-champion-ch-w115-606-citroen-renault-small.jpg HTTP/1.1" 200 2145 "http://www.autodily-cardo.cz/?page=search&sortmode=7&searchtext=w+1130&search=dGV4dCd3IDExMzAndGVtcGxhdGUnYWxsJ29ubHlfdGV4dF9zZWFyY2gndHJ1ZQ" "Mozilla/5.0 (Windows NT 6.1; WOW64; Trident/7.0; rv:11.0) like Gecko" TCP_MISS:DIRECT
62.245.107.7 - - [28/Feb/2014:22:28:17 +0100] "GET http://www.autodily-cardo.cz/obrazky/58737/zapalovaci-svicka-denso-w22epb-lancia-small.jpg HTTP/1.1" 200 2611 "http://www.autodily-cardo.cz/?page=search&sortmode=7&searchtext=w+1130&search=dGV4dCd3IDExMzAndGVtcGxhdGUnYWxsJ29ubHlfdGV4dF9zZWFyY2gndHJ1ZQ" "Mozilla/5.0 (Windows NT 6.1; WOW64; Trident/7.0; rv:11.0) like Gecko" TCP_MISS:DIRECT
46.13.150.206 - - [28/Feb/2014:22:28:17 +0100] "GET http://www.autodily-cardo.cz/obrazky/3/mobil-1-esp-formula-5w-30-5l-small.jpg HTTP/1.1" 200 3580 "http://www.autodily-cardo.cz/motorove-oleje/?pageno=4&sortmode=5" "Mozilla/5.0 (Windows NT 6.1; WOW64) AppleWebKit/537.36 (KHTML, like Gecko) Chrome/33.0.1750.117 Safari/537.36" TCP_MISS:DIRECT
62.245.107.7 - - [28/Feb/2014:22:28:17 +0100] "GET http://www.autodily-cardo.cz/obrazky/58806/zapalovaci-svicka-denso-w9lmrus-small.jpg HTTP/1.1" 200 2530 "http://www.autodily-cardo.cz/?page=search&sortmode=7&searchtext=w+1130&search=dGV4dCd3IDExMzAndGVtcGxhdGUnYWxsJ29ubHlfdGV4dF9zZWFyY2gndHJ1ZQ" "Mozilla/5.0 (Windows NT 6.1; WOW64; Trident/7.0; rv:11.0) like Gecko" TCP_MISS:DIRECT
66.249.64.84 - - [28/Feb/2014:22:28:17 +0100] "GET http://www.autodily-cardo.cz/spojka/pritlacny-talir-sachs-sa-3082000476/ HTTP/1.1" 200 11297 "-" "Mozilla/5.0 (compatible; Googlebot/2.1; +http://www.google.com/bot.html)" TCP_MISS:DIRECT
46.13.150.206 - - [28/Feb/2014:22:28:17 +0100] "GET http://www.autodily-cardo.cz/obrazky/116/liqui-moly-top-tec-4500-5w-30-5l-small.jpg HTTP/1.1" 200 4316 "http://www.autodily-cardo.cz/motorove-oleje/?pageno=4&sortmode=5" "Mozilla/5.0 (Windows NT 6.1; WOW64) AppleWebKit/537.36 (KHTML, like Gecko) Chrome/33.0.1750.117 Safari/537.36" TCP_MISS:DIRECT
66.249.64.84 - - [28/Feb/2014:22:28:17 +0100] "GET http://www.autodily-cardo.cz/svicky/zapalovaci-svicka-denso-x20es-u/ HTTP/1.1" 200 11084 "-" "Mozilla/5.0 (iPhone; CPU iPhone OS 6_0 like Mac OS X) AppleWebKit/536.26 (KHTML, like Gecko) Version/6.0 Mobile/10A5376e Safari/8536.25 (compatible; Googlebot/2.1; +http://www.google.com/bot.html)" TCP_MISS:DIRECT
176.107.123.11 - - [28/Feb/2014:22:28:25 +0100] "GET http://www.autodily-cardo.cz/brzdovy-system/brzdove-kotouce/ HTTP/1.1" 200 13241 "http://www.autodily-cardo.cz/brzdovy-system/" "Mozilla/5.0 (Windows NT 6.1; WOW64; Trident/7.0; rv:11.0) like Gecko" TCP_MISS:DIRECT
66.249.64.79 - - [28/Feb/2014:22:28:25 +0100] "GET http://www.autodily-cardo.cz/rozvody/kladky/? HTTP/1.1" 200 13517 "-" "Mozilla/5.0 (compatible; Googlebot/2.1; +http://www.google.com/bot.html)" TCP_MISS:DIRECT
66.249.64.84 - - [28/Feb/2014:22:28:29 +0100] "GET http://www.autodily-cardo.cz/p49495-pritlacny-talir-sachs-sa-3082001181-subaru/ HTTP/1.1" 301 743 "-" "Mozilla/5.0 (compatible; Googlebot/2.1; +http://www.google.com/bot.html)" TCP_MISS:DIRECT
157.55.32.226 - - [28/Feb/2014:22:28:30 +0100] "GET http://www.autodily-cardo.cz/silentbloky/zaveseni-motoru-febi-fb-31426/? HTTP/1.1" 200 11631 "-" "Mozilla/5.0 (compatible; bingbot/2.0; +http://www.bing.com/bingbot.htm)" TCP_MISS:DIRECT
62.245.107.7 - - [28/Feb/2014:22:28:33 +0100] "GET http://www.autodily-cardo.cz/? HTTP/1.1" 200 15783 "http://www.autodily-cardo.cz/filtry-2/vzduchovy-filtr-mann-c35148-mf-c35148/" "Mozilla/5.0 (Windows NT 6.1; WOW64; Trident/7.0; rv:11.0) like Gecko" TCP_MISS:DIRECT
66.249.64.74 - - [28/Feb/2014:22:28:33 +0100] "GET http://www.autodily-cardo.cz/spojka/pritlacny-talir-sachs-sa-3082001181/ HTTP/1.1" 200 11605 "-" "Mozilla/5.0 (compatible; Googlebot/2.1; +http://www.google.com/bot.html)" TCP_MISS:DIRECT
37.48.34.85 - - [28/Feb/2014:22:28:33 +0100] "GET http://www.autodily-cardo.cz/db/xml/rss.xml HTTP/1.1" 304 362 "-" "Apple-PubSub/65.28" TCP_MISS:DIRECT
66.249.64.79 - - [28/Feb/2014:22:28:35 +0100] "GET http://www.autodily-cardo.cz/p49491-pritlacny-talir-sachs-sa-3082000276-chrysler/ HTTP/1.1" 301 743 "-" "Mozilla/5.0 (compatible; Googlebot/2.1; +http://www.google.com/bot.html)" TCP_MISS:DIRECT
77.75.73.11 - - [28/Feb/2014:22:28:37 +0100] "GET http://www.autodily-cardo.cz/rozvody/klinovy-remen-gates-gt-6257mc/ HTTP/1.1" 200 10991 "-" "Mozilla/5.0 (compatible; SeznamBot/3.2; +http://fulltext.sblog.cz/)" TCP_MISS:DIRECT
66.249.64.79 - - [28/Feb/2014:22:28:37 +0100] "GET http://www.autodily-cardo.cz/spojka/pritlacny-talir-sachs-sa-3082000276/ HTTP/1.1" 200 11209 "-" "Mozilla/5.0 (compatible; Googlebot/2.1; +http://www.google.com/bot.html)" TCP_MISS:DIRECT
77.75.73.11 - - [28/Feb/2014:22:28:39 +0100] "GET http://www.autodily-cardo.cz/podvozek/ulozeni-ridici-mechanismus-trw-jbu153-opel-corsa-b/ HTTP/1.1" 200 11457 "-" "Mozilla/5.0 (compatible; SeznamBot/3.2; +http://fulltext.sblog.cz/)" TCP_MISS:DIRECT
176.107.123.11 - - [28/Feb/2014:22:28:40 +0100] "GET http://www.autodily-cardo.cz/brzdovy-system/brzdovy-kotouc-trw-df4271-vw-touran/ HTTP/1.1" 200 13344 "http://www.autodily-cardo.cz/brzdovy-system/brzdove-kotouce/" "Mozilla/5.0 (Windows NT 6.1; WOW64; Trident/7.0; rv:11.0) like Gecko" TCP_MISS:DIRECT
176.107.123.11 - - [28/Feb/2014:22:28:40 +0100] "GET http://www.autodily-cardo.cz/obrazky/43322/brzdovy-kotouc-trw-df4271-vw-touran-default.jpg HTTP/1.1" 200 16229 "http://www.autodily-cardo.cz/brzdovy-system/brzdovy-kotouc-trw-df4271-vw-touran/" "Mozilla/5.0 (Windows NT 6.1; WOW64; Trident/7.0; rv:11.0) like Gecko" TCP_MISS:DIRECT
66.249.64.79 - - [28/Feb/2014:22:28:41 +0100] "GET http://www.autodily-cardo.cz/p49490-pritlacny-talir-sachs-sa-3082000244-audi-seat-vw/ HTTP/1.1" 301 743 "-" "Mozilla/5.0 (compatible; Googlebot/2.1; +http://www.google.com/bot.html)" TCP_MISS:DIRECT
66.249.64.74 - - [28/Feb/2014:22:28:42 +0100] "GET http://www.autodily-cardo.cz/spojka/pritlacny-talir-sachs-sa-3082000244/ HTTP/1.1" 200 11790 "-" "Mozilla/5.0 (compatible; Googlebot/2.1; +http://www.google.com/bot.html)" TCP_MISS:DIRECT
176.107.123.11 - - [28/Feb/2014:22:28:43 +0100] "GET http://www.autodily-cardo.cz/brzdovy-system/brzdove-kotouce/ HTTP/1.1" 200 13240 "http://www.autodily-cardo.cz/brzdovy-system/" "Mozilla/5.0 (Windows NT 6.1; WOW64; Trident/7.0; rv:11.0) like Gecko" TCP_MISS:DIRECT
176.107.123.11 - - [28/Feb/2014:22:28:47 +0100] "GET http://www.autodily-cardo.cz/brzdovy-system/brzdovy-kotouc-trw-df4276-vw-golf-v-audi-a3/ HTTP/1.1" 200 13729 "http://www.autodily-cardo.cz/brzdovy-system/brzdove-kotouce/" "Mozilla/5.0 (Windows NT 6.1; WOW64; Trident/7.0; rv:11.0) like Gecko" TCP_MISS:DIRECT
176.107.123.11 - - [28/Feb/2014:22:28:47 +0100] "GET http://www.autodily-cardo.cz/obrazky/43331/brzdovy-kotouc-trw-df4276-vw-golf-v-audi-a3-default.jpg HTTP/1.1" 200 16068 "http://www.autodily-cardo.cz/brzdovy-system/brzdovy-kotouc-trw-df4276-vw-golf-v-audi-a3/" "Mozilla/5.0 (Windows NT 6.1; WOW64; Trident/7.0; rv:11.0) like Gecko" TCP_MISS:DIRECT
66.249.64.79 - - [28/Feb/2014:22:28:50 +0100] "GET http://www.autodily-cardo.cz/brzdovy-system/sada-brzdovych-desticek-brembo-p50008/ HTTP/1.1" 200 12408 "-" "Mozilla/5.0 (compatible; Googlebot/2.1; +http://www.google.com/bot.html)" TCP_MISS:DIRECT
66.249.64.74 - - [28/Feb/2014:22:28:51 +0100] "GET http://www.autodily-cardo.cz/rozvody/rozvodovy-remen-dayco-94870-dy-153sp-270/? HTTP/1.1" 200 11290 "-" "Mozilla/5.0 (compatible; Googlebot/2.1; +http://www.google.com/bot.html)" TCP_MISS:DIRECT
77.75.73.11 - - [28/Feb/2014:22:28:52 +0100] "GET http://www.autodily-cardo.cz/brzdovy-system/sada-brzdovych-desticek-trw-gdb957-opel-omega-b/ HTTP/1.1" 200 11862 "-" "Mozilla/5.0 (compatible; SeznamBot/3.2; +http://fulltext.sblog.cz/)" TCP_MISS:DIRECT
66.249.64.79 - - [28/Feb/2014:22:28:53 +0100] "GET http://www.autodily-cardo.cz/p49496-pritlacny-talir-sachs-sa-3082007333-alfa-romeo-bmw/ HTTP/1.1" 301 743 "-" "Mozilla/5.0 (compatible; Googlebot/2.1; +http://www.google.com/bot.html)" TCP_MISS:DIRECT
176.107.123.11 - - [28/Feb/2014:22:28:53 +0100] "GET http://www.autodily-cardo.cz/brzdovy-system/brzdove-kotouce/ HTTP/1.1" 200 13240 "http://www.autodily-cardo.cz/brzdovy-system/" "Mozilla/5.0 (Windows NT 6.1; WOW64; Trident/7.0; rv:11.0) like Gecko" TCP_MISS:DIRECT
62.245.107.7 - - [28/Feb/2014:22:28:53 +0100] "GET http://www.autodily-cardo.cz/kosik/? HTTP/1.1" 301 589 "http://www.autodily-cardo.cz/?page=search&sortmode=7&searchtext=w+1130%2F3&search=dGV4dCd3IDExMzAvMyd0ZW1wbGF0ZSdhbGwnb25seV90ZXh0X3NlYXJjaCd0cnVl" "Mozilla/5.0 (Windows NT 6.1; WOW64; Trident/7.0; rv:11.0) like Gecko" TCP_MISS:DIRECT
62.245.107.7 - - [28/Feb/2014:22:28:53 +0100] "GET http://www.autodily-cardo.cz/kosik/ HTTP/1.1" 200 10906 "http://www.autodily-cardo.cz/?page=search&sortmode=7&searchtext=w+1130%2F3&search=dGV4dCd3IDExMzAvMyd0ZW1wbGF0ZSdhbGwnb25seV90ZXh0X3NlYXJjaCd0cnVl" "Mozilla/5.0 (Windows NT 6.1; WOW64; Trident/7.0; rv:11.0) like Gecko" TCP_MISS:DIRECT
62.245.107.7 - - [28/Feb/2014:22:28:54 +0100] "GET http://www.autodily-cardo.cz/img/icons/delete.gif HTTP/1.1" 200 647 "http://www.autodily-cardo.cz/kosik/" "Mozilla/5.0 (Windows NT 6.1; WOW64; Trident/7.0; rv:11.0) like Gecko" TCP_MISS:DIRECT
62.245.107.7 - - [28/Feb/2014:22:28:54 +0100] "GET http://www.autodily-cardo.cz/img/design/midbtn.png HTTP/1.1" 200 3360 "http://www.autodily-cardo.cz/kosik/" "Mozilla/5.0 (Windows NT 6.1; WOW64; Trident/7.0; rv:11.0) like Gecko" TCP_MISS:DIRECT
62.245.107.7 - - [28/Feb/2014:22:28:54 +0100] "GET http://www.autodily-cardo.cz/img/design/inorder.png HTTP/1.1" 200 5326 "http://www.autodily-cardo.cz/kosik/" "Mozilla/5.0 (Windows NT 6.1; WOW64; Trident/7.0; rv:11.0) like Gecko" TCP_MISS:DIRECT
62.245.107.7 - - [28/Feb/2014:22:28:54 +0100] "GET http://www.autodily-cardo.cz/img/design/bigbtn.png HTTP/1.1" 200 3363 "http://www.autodily-cardo.cz/kosik/" "Mozilla/5.0 (Windows NT 6.1; WOW64; Trident/7.0; rv:11.0) like Gecko" TCP_MISS:DIRECT
66.249.64.84 - - [28/Feb/2014:22:28:54 +0100] "GET http://www.autodily-cardo.cz/svicky/? HTTP/1.1" 200 13232 "-" "Mozilla/5.0 (compatible; Googlebot/2.1; +http://www.google.com/bot.html)" TCP_MISS:DIRECT
66.249.64.79 - - [28/Feb/2014:22:28:54 +0100] "GET http://www.autodily-cardo.cz/spojka/pritlacny-talir-sachs-sa-3082007333/ HTTP/1.1" 200 11895 "-" "Mozilla/5.0 (compatible; Googlebot/2.1; +http://www.google.com/bot.html)" TCP_MISS:DIRECT
95.102.185.49 - - [28/Feb/2014:22:28:55 +0100] "GET http://www.autodily-cardo.cz/favicon.ico HTTP/1.1" 404 10197 "-" "Mozilla/5.0 (Windows NT 6.1; WOW64) AppleWebKit/537.36 (KHTML, like Gecko) Chrome/32.0.1700.107 Safari/537.36 OPR/19.0.1326.63" TCP_MISS:DIRECT
176.107.123.11 - - [28/Feb/2014:22:28:56 +0100] "GET http://www.autodily-cardo.cz/brzdovy-system/brzdovy-kotouc-trw-df4295-vw-golf-v-audi-a3/ HTTP/1.1" 200 14491 "http://www.autodily-cardo.cz/brzdovy-system/brzdove-kotouce/" "Mozilla/5.0 (Windows NT 6.1; WOW64; Trident/7.0; rv:11.0) like Gecko" TCP_MISS:DIRECT
176.107.123.11 - - [28/Feb/2014:22:28:56 +0100] "GET http://www.autodily-cardo.cz/obrazky/43345/brzdovy-kotouc-trw-df4295-vw-golf-v-audi-a3-default.jpg HTTP/1.1" 200 16158 "http://www.autodily-cardo.cz/brzdovy-system/brzdovy-kotouc-trw-df4295-vw-golf-v-audi-a3/" "Mozilla/5.0 (Windows NT 6.1; WOW64; Trident/7.0; rv:11.0) like Gecko" TCP_MISS:DIRECT
66.249.64.84 - - [28/Feb/2014:22:28:57 +0100] "GET http://www.autodily-cardo.cz/filtry-2/palivove-filtry/? HTTP/1.1" 200 12606 "-" "Mozilla/5.0 (compatible; Googlebot/2.1; +http://www.google.com/bot.html)" TCP_MISS:DIRECT
176.107.123.11 - - [28/Feb/2014:22:28:59 +0100] "GET http://www.autodily-cardo.cz/brzdovy-system/brzdove-kotouce/ HTTP/1.1" 200 13239 "http://www.autodily-cardo.cz/brzdovy-system/" "Mozilla/5.0 (Windows NT 6.1; WOW64; Trident/7.0; rv:11.0) like Gecko" TCP_MISS:DIRECT
77.75.73.11 - - [28/Feb/2014:22:28:59 +0100] "GET http://www.autodily-cardo.cz/podvozek/tlumic-perovani/? HTTP/1.1" 200 14203 "-" "Mozilla/5.0 (compatible; SeznamBot/3.2; +http://fulltext.sblog.cz/)" TCP_MISS:DIRECT
188.75.185.65 - - [28/Feb/2014:22:29:01 +0100] "GET http://www.autodily-cardo.cz/zarovky/h4/ HTTP/1.1" 200 12157 "http://www.autodily-cardo.cz/zarovky/" "Mozilla/5.0 (Linux; Android 4.1.2; IdeaTabA1000-F Build/JZO54K) AppleWebKit/537.36 (KHTML, like Gecko) Chrome/33.0.1750.135 Safari/537.36" TCP_MISS:DIRECT
188.75.185.65 - - [28/Feb/2014:22:29:02 +0100] "GET http://www.autodily-cardo.cz/obrazky/66290/palivovy-filtr-purflux-ep196-mini.jpg HTTP/1.1" 200 1902 "http://www.autodily-cardo.cz/zarovky/h4/" "Mozilla/5.0 (Linux; Android 4.1.2; IdeaTabA1000-F Build/JZO54K) AppleWebKit/537.36 (KHTML, like Gecko) Chrome/33.0.1750.135 Safari/537.36" TCP_MISS:DIRECT
188.75.185.65 - - [28/Feb/2014:22:29:02 +0100] "GET http://www.autodily-cardo.cz/obrazky/66289/vzduchovy-filtr-purflux-a591-mini.jpg HTTP/1.1" 200 2230 "http://www.autodily-cardo.cz/zarovky/h4/" "Mozilla/5.0 (Linux; Android 4.1.2; IdeaTabA1000-F Build/JZO54K) AppleWebKit/537.36 (KHTML, like Gecko) Chrome/33.0.1750.135 Safari/537.36" TCP_MISS:DIRECT
176.107.123.11 - - [28/Feb/2014:22:29:02 +0100] "GET http://www.autodily-cardo.cz/brzdovy-system/brzdovy-kotouc-trw-df4294-vw-golf-v-audi-a3/ HTTP/1.1" 200 13629 "http://www.autodily-cardo.cz/brzdovy-system/brzdove-kotouce/" "Mozilla/5.0 (Windows NT 6.1; WOW64; Trident/7.0; rv:11.0) like Gecko" TCP_MISS:DIRECT
89.103.63.196 - - [28/Feb/2014:22:29:02 +0100] "GET http://www.autodily-cardo.cz/galerie/185/monterky-monroe-default.jpg HTTP/1.1" 200 170180 "-" "Mozilla/5.0 (Windows NT 6.1) AppleWebKit/537.36 (KHTML, like Gecko) Chrome/33.0.1750.117 Safari/537.36" TCP_MISS:DIRECT
188.75.185.65 - - [28/Feb/2014:22:29:03 +0100] "GET http://www.autodily-cardo.cz/favicon.ico HTTP/1.1" 404 10022 "-" "Mozilla/5.0 (Linux; Android 4.1.2; IdeaTabA1000-F Build/JZO54K) AppleWebKit/537.36 (KHTML, like Gecko) Chrome/33.0.1750.135 Safari/537.36" TCP_MISS:DIRECT
66.249.64.74 - - [28/Feb/2014:22:29:03 +0100] "GET http://www.autodily-cardo.cz/podvozek/tlumic-perovani/? HTTP/1.1" 200 14298 "-" "Mozilla/5.0 (compatible; Googlebot/2.1; +http://www.google.com/bot.html)" TCP_MISS:DIRECT
65.55.24.246 - - [28/Feb/2014:22:29:05 +0100] "GET http://www.autodily-cardo.cz/spojka/spojkova-sada-luk-fiat-500-1-2-07-lk-620313100-luk620313100/ HTTP/1.1" 200 11407 "-" "Mozilla/5.0 (compatible; bingbot/2.0; +http://www.bing.com/bingbot.htm)" TCP_MISS:DIRECT
65.55.24.246 - - [28/Feb/2014:22:29:06 +0100] "GET http://www.autodily-cardo.cz/brzdovy-system/brzdovy-kotouc-brembo-08-9441-10/? HTTP/1.1" 200 11667 "-" "Mozilla/5.0 (compatible; bingbot/2.0; +http://www.bing.com/bingbot.htm)" TCP_MISS:DIRECT
66.249.64.74 - - [28/Feb/2014:22:29:07 +0100] "GET http://www.autodily-cardo.cz/obrazky/25917/sada-brzdovych-desticek-brembo-p85068-vw-small.jpg HTTP/1.1" 200 2698 "-" "Googlebot-Image/1.0" TCP_MISS:DIRECT
85.71.129.81 - - [28/Feb/2014:22:29:09 +0100] "GET http://www.autodily-cardo.cz/spojka/ HTTP/1.1" 200 13341 "http://st-rs.cz/forum/viewtopic.php?f=3&t=96&start=350" "Mozilla/5.0 (Windows NT 6.3; WOW64) AppleWebKit/537.36 (KHTML, like Gecko) Chrome/33.0.1750.117 Safari/537.36" TCP_MISS:DIRECT
85.71.129.81 - - [28/Feb/2014:22:29:09 +0100] "GET http://www.autodily-cardo.cz/style.css HTTP/1.1" 200 10102 "http://www.autodily-cardo.cz/spojka/" "Mozilla/5.0 (Windows NT 6.3; WOW64) AppleWebKit/537.36 (KHTML, like Gecko) Chrome/33.0.1750.117 Safari/537.36" TCP_MISS:DIRECT
85.71.129.81 - - [28/Feb/2014:22:29:09 +0100] "GET http://www.autodily-cardo.cz/scripts/support.js HTTP/1.1" 200 1738 "http://www.autodily-cardo.cz/spojka/" "Mozilla/5.0 (Windows NT 6.3; WOW64) AppleWebKit/537.36 (KHTML, like Gecko) Chrome/33.0.1750.117 Safari/537.36" TCP_MISS:DIRECT
85.71.129.81 - - [28/Feb/2014:22:29:09 +0100] "GET http://www.autodily-cardo.cz/scripts/windows.js HTTP/1.1" 200 1360 "http://www.autodily-cardo.cz/spojka/" "Mozilla/5.0 (Windows NT 6.3; WOW64) AppleWebKit/537.36 (KHTML, like Gecko) Chrome/33.0.1750.117 Safari/537.36" TCP_MISS:DIRECT
85.71.129.81 - - [28/Feb/2014:22:29:09 +0100] "GET http://www.autodily-cardo.cz/scripts/functions.js? HTTP/1.1" 200 2449 "http://www.autodily-cardo.cz/spojka/" "Mozilla/5.0 (Windows NT 6.3; WOW64) AppleWebKit/537.36 (KHTML, like Gecko) Chrome/33.0.1750.117 Safari/537.36" TCP_MISS:DIRECT
85.71.129.81 - - [28/Feb/2014:22:29:09 +0100] "GET http://www.autodily-cardo.cz/scripts/flash_news.js HTTP/1.1" 200 1406 "http://www.autodily-cardo.cz/spojka/" "Mozilla/5.0 (Windows NT 6.3; WOW64) AppleWebKit/537.36 (KHTML, like Gecko) Chrome/33.0.1750.117 Safari/537.36" TCP_MISS:DIRECT
85.71.129.81 - - [28/Feb/2014:22:29:09 +0100] "GET http://www.autodily-cardo.cz/print.css HTTP/1.1" 200 1421 "http://www.autodily-cardo.cz/spojka/" "Mozilla/5.0 (Windows NT 6.3; WOW64) AppleWebKit/537.36 (KHTML, like Gecko) Chrome/33.0.1750.117 Safari/537.36" TCP_MISS:DIRECT
85.71.129.81 - - [28/Feb/2014:22:29:09 +0100] "GET http://www.autodily-cardo.cz/img/design/colorizer.css HTTP/1.1" 200 906 "http://www.autodily-cardo.cz/spojka/" "Mozilla/5.0 (Windows NT 6.3; WOW64) AppleWebKit/537.36 (KHTML, like Gecko) Chrome/33.0.1750.117 Safari/537.36" TCP_MISS:DIRECT
85.71.129.81 - - [28/Feb/2014:22:29:09 +0100] "GET http://www.autodily-cardo.cz/img/ajax-spinner.gif HTTP/1.1" 200 1317 "http://www.autodily-cardo.cz/spojka/" "Mozilla/5.0 (Windows NT 6.3; WOW64) AppleWebKit/537.36 (KHTML, like Gecko) Chrome/33.0.1750.117 Safari/537.36" TCP_MISS:DIRECT
85.71.129.81 - - [28/Feb/2014:22:29:09 +0100] "GET http://www.autodily-cardo.cz/img/icons/tree_none.gif HTTP/1.1" 200 526 "http://www.autodily-cardo.cz/spojka/" "Mozilla/5.0 (Windows NT 6.3; WOW64) AppleWebKit/537.36 (KHTML, like Gecko) Chrome/33.0.1750.117 Safari/537.36" TCP_MISS:DIRECT
85.71.129.81 - - [28/Feb/2014:22:29:09 +0100] "GET http://www.autodily-cardo.cz/img/icons/tree_close.gif HTTP/1.1" 200 648 "http://www.autodily-cardo.cz/spojka/" "Mozilla/5.0 (Windows NT 6.3; WOW64) AppleWebKit/537.36 (KHTML, like Gecko) Chrome/33.0.1750.117 Safari/537.36" TCP_MISS:DIRECT
85.71.129.81 - - [28/Feb/2014:22:29:09 +0100] "GET http://www.autodily-cardo.cz/img/icons/tree_open.gif HTTP/1.1" 200 645 "http://www.autodily-cardo.cz/spojka/" "Mozilla/5.0 (Windows NT 6.3; WOW64) AppleWebKit/537.36 (KHTML, like Gecko) Chrome/33.0.1750.117 Safari/537.36" TCP_MISS:DIRECT
85.71.129.81 - - [28/Feb/2014:22:29:09 +0100] "GET http://www.autodily-cardo.cz/img/design/arrow.gif HTTP/1.1" 200 569 "http://www.autodily-cardo.cz/spojka/" "Mozilla/5.0 (Windows NT 6.3; WOW64) AppleWebKit/537.36 (KHTML, like Gecko) Chrome/33.0.1750.117 Safari/537.36" TCP_MISS:DIRECT
85.71.129.81 - - [28/Feb/2014:22:29:09 +0100] "GET http://www.autodily-cardo.cz/img/design/arrow-up.gif HTTP/1.1" 200 569 "http://www.autodily-cardo.cz/spojka/" "Mozilla/5.0 (Windows NT 6.3; WOW64) AppleWebKit/537.36 (KHTML, like Gecko) Chrome/33.0.1750.117 Safari/537.36" TCP_MISS:DIRECT
85.71.129.81 - - [28/Feb/2014:22:29:09 +0100] "GET http://www.autodily-cardo.cz/scripts/prototype.js HTTP/1.1" 200 28676 "http://www.autodily-cardo.cz/spojka/" "Mozilla/5.0 (Windows NT 6.3; WOW64) AppleWebKit/537.36 (KHTML, like Gecko) Chrome/33.0.1750.117 Safari/537.36" TCP_MISS:DIRECT
85.71.129.81 - - [28/Feb/2014:22:29:09 +0100] "GET http://www.autodily-cardo.cz/img/design/navbar_corners_top.png HTTP/1.1" 200 676 "http://www.autodily-cardo.cz/spojka/" "Mozilla/5.0 (Windows NT 6.3; WOW64) AppleWebKit/537.36 (KHTML, like Gecko) Chrome/33.0.1750.117 Safari/537.36" TCP_MISS:DIRECT
85.71.129.81 - - [28/Feb/2014:22:29:09 +0100] "GET http://www.autodily-cardo.cz/img/design/panel_h3.png HTTP/1.1" 200 572 "http://www.autodily-cardo.cz/spojka/" "Mozilla/5.0 (Windows NT 6.3; WOW64) AppleWebKit/537.36 (KHTML, like Gecko) Chrome/33.0.1750.117 Safari/537.36" TCP_MISS:DIRECT
85.71.129.81 - - [28/Feb/2014:22:29:09 +0100] "GET http://www.autodily-cardo.cz/img/design/ico-basket.black.gif HTTP/1.1" 200 1307 "http://www.autodily-cardo.cz/spojka/" "Mozilla/5.0 (Windows NT 6.3; WOW64) AppleWebKit/537.36 (KHTML, like Gecko) Chrome/33.0.1750.117 Safari/537.36" TCP_MISS:DIRECT
85.71.129.81 - - [28/Feb/2014:22:29:09 +0100] "GET http://www.autodily-cardo.cz/img/design/navbar.png HTTP/1.1" 200 580 "http://www.autodily-cardo.cz/spojka/" "Mozilla/5.0 (Windows NT 6.3; WOW64) AppleWebKit/537.36 (KHTML, like Gecko) Chrome/33.0.1750.117 Safari/537.36" TCP_MISS:DIRECT
85.71.129.81 - - [28/Feb/2014:22:29:09 +0100] "GET http://www.autodily-cardo.cz/img/design/lupa.png HTTP/1.1" 200 1693 "http://www.autodily-cardo.cz/spojka/" "Mozilla/5.0 (Windows NT 6.3; WOW64) AppleWebKit/537.36 (KHTML, like Gecko) Chrome/33.0.1750.117 Safari/537.36" TCP_MISS:DIRECT
85.71.129.81 - - [28/Feb/2014:22:29:09 +0100] "GET http://www.autodily-cardo.cz/img/design/ico-user.black.gif HTTP/1.1" 200 1316 "http://www.autodily-cardo.cz/spojka/" "Mozilla/5.0 (Windows NT 6.3; WOW64) AppleWebKit/537.36 (KHTML, like Gecko) Chrome/33.0.1750.117 Safari/537.36" TCP_MISS:DIRECT
85.71.129.81 - - [28/Feb/2014:22:29:09 +0100] "GET http://www.autodily-cardo.cz/img/design/navbar_corners_bottom.png HTTP/1.1" 200 766 "http://www.autodily-cardo.cz/spojka/" "Mozilla/5.0 (Windows NT 6.3; WOW64) AppleWebKit/537.36 (KHTML, like Gecko) Chrome/33.0.1750.117 Safari/537.36" TCP_MISS:DIRECT
85.71.129.81 - - [28/Feb/2014:22:29:09 +0100] "GET http://www.autodily-cardo.cz/img/design/arrow-down.gif HTTP/1.1" 200 569 "http://www.autodily-cardo.cz/spojka/" "Mozilla/5.0 (Windows NT 6.3; WOW64) AppleWebKit/537.36 (KHTML, like Gecko) Chrome/33.0.1750.117 Safari/537.36" TCP_MISS:DIRECT
85.71.129.81 - - [28/Feb/2014:22:29:09 +0100] "GET http://www.autodily-cardo.cz/obrazky/64936/centralni-vysouvac-spojky-febi-fb-15916-small.jpg HTTP/1.1" 200 2202 "http://www.autodily-cardo.cz/spojka/" "Mozilla/5.0 (Windows NT 6.3; WOW64) AppleWebKit/537.36 (KHTML, like Gecko) Chrome/33.0.1750.117 Safari/537.36" TCP_MISS:DIRECT
85.71.129.81 - - [28/Feb/2014:22:29:09 +0100] "GET http://www.autodily-cardo.cz/img/goods/small/noimage.gif HTTP/1.1" 200 573 "http://www.autodily-cardo.cz/spojka/" "Mozilla/5.0 (Windows NT 6.3; WOW64) AppleWebKit/537.36 (KHTML, like Gecko) Chrome/33.0.1750.117 Safari/537.36" TCP_MISS:DIRECT
85.71.129.81 - - [28/Feb/2014:22:29:09 +0100] "GET http://www.autodily-cardo.cz/obrazky/12912/dvouhmotovy-setrvacnik-luk-lk-415000111-luk415000111-bmw-small.jpg HTTP/1.1" 200 4117 "http://www.autodily-cardo.cz/spojka/" "Mozilla/5.0 (Windows NT 6.3; WOW64) AppleWebKit/537.36 (KHTML, like Gecko) Chrome/33.0.1750.117 Safari/537.36" TCP_MISS:DIRECT
85.71.129.81 - - [28/Feb/2014:22:29:09 +0100] "GET http://www.autodily-cardo.cz/img/design/header.jpg HTTP/1.1" 200 73455 "http://www.autodily-cardo.cz/spojka/" "Mozilla/5.0 (Windows NT 6.3; WOW64) AppleWebKit/537.36 (KHTML, like Gecko) Chrome/33.0.1750.117 Safari/537.36" TCP_MISS:DIRECT
85.71.129.81 - - [28/Feb/2014:22:29:09 +0100] "GET http://www.autodily-cardo.cz/obrazky/12913/dvouhmotovy-setrvacnik-luk-lk-415000310-luk415000310-bmw-small.jpg HTTP/1.1" 200 4117 "http://www.autodily-cardo.cz/spojka/" "Mozilla/5.0 (Windows NT 6.3; WOW64) AppleWebKit/537.36 (KHTML, like Gecko) Chrome/33.0.1750.117 Safari/537.36" TCP_MISS:DIRECT
85.71.129.81 - - [28/Feb/2014:22:29:09 +0100] "GET http://www.autodily-cardo.cz/obrazky/13003/dvouhmotovy-setrvacnik-luk-lk-415000910-luk415000910-jaguar-small.jpg HTTP/1.1" 200 4117 "http://www.autodily-cardo.cz/spojka/" "Mozilla/5.0 (Windows NT 6.3; WOW64) AppleWebKit/537.36 (KHTML, like Gecko) Chrome/33.0.1750.117 Safari/537.36" TCP_MISS:DIRECT
85.71.129.81 - - [28/Feb/2014:22:29:09 +0100] "GET http://www.autodily-cardo.cz/obrazky/12951/dvouhmotovy-setrvacnik-luk-lk-415001210-luk415001210-db-small.jpg HTTP/1.1" 200 4117 "http://www.autodily-cardo.cz/spojka/" "Mozilla/5.0 (Windows NT 6.3; WOW64) AppleWebKit/537.36 (KHTML, like Gecko) Chrome/33.0.1750.117 Safari/537.36" TCP_MISS:DIRECT
85.71.129.81 - - [28/Feb/2014:22:29:09 +0100] "GET http://www.autodily-cardo.cz/obrazky/12952/dvouhmotovy-setrvacnik-luk-lk-415001310-luk415001310-db-small.jpg HTTP/1.1" 200 4117 "http://www.autodily-cardo.cz/spojka/" "Mozilla/5.0 (Windows NT 6.3; WOW64) AppleWebKit/537.36 (KHTML, like Gecko) Chrome/33.0.1750.117 Safari/537.36" TCP_MISS:DIRECT
85.71.129.81 - - [28/Feb/2014:22:29:09 +0100] "GET http://www.autodily-cardo.cz/img/icons/orange-arrow.png HTTP/1.1" 200 3286 "http://www.autodily-cardo.cz/spojka/" "Mozilla/5.0 (Windows NT 6.3; WOW64) AppleWebKit/537.36 (KHTML, like Gecko) Chrome/33.0.1750.117 Safari/537.36" TCP_MISS:DIRECT
85.71.129.81 - - [28/Feb/2014:22:29:09 +0100] "GET http://www.autodily-cardo.cz/img/design/ico-mobil.png HTTP/1.1" 200 3324 "http://www.autodily-cardo.cz/spojka/" "Mozilla/5.0 (Windows NT 6.3; WOW64) AppleWebKit/537.36 (KHTML, like Gecko) Chrome/33.0.1750.117 Safari/537.36" TCP_MISS:DIRECT
85.71.129.81 - - [28/Feb/2014:22:29:09 +0100] "GET http://www.autodily-cardo.cz/img/blank.gif HTTP/1.1" 200 519 "http://www.autodily-cardo.cz/spojka/" "Mozilla/5.0 (Windows NT 6.3; WOW64) AppleWebKit/537.36 (KHTML, like Gecko) Chrome/33.0.1750.117 Safari/537.36" TCP_MISS:DIRECT
85.71.129.81 - - [28/Feb/2014:22:29:09 +0100] "GET http://www.autodily-cardo.cz/img/design/bg_page.png HTTP/1.1" 200 1100 "http://www.autodily-cardo.cz/spojka/" "Mozilla/5.0 (Windows NT 6.3; WOW64) AppleWebKit/537.36 (KHTML, like Gecko) Chrome/33.0.1750.117 Safari/537.36" TCP_MISS:DIRECT
85.71.129.81 - - [28/Feb/2014:22:29:09 +0100] "GET http://www.autodily-cardo.cz/img/design/ico-email.png HTTP/1.1" 200 3320 "http://www.autodily-cardo.cz/spojka/" "Mozilla/5.0 (Windows NT 6.3; WOW64) AppleWebKit/537.36 (KHTML, like Gecko) Chrome/33.0.1750.117 Safari/537.36" TCP_MISS:DIRECT
85.71.129.81 - - [28/Feb/2014:22:29:09 +0100] "GET http://www.autodily-cardo.cz/obrazky/26139/castrol-edge-5w-30-fst-5l-stitek-castrol-mini.jpg HTTP/1.1" 200 2029 "http://www.autodily-cardo.cz/spojka/" "Mozilla/5.0 (Windows NT 6.3; WOW64) AppleWebKit/537.36 (KHTML, like Gecko) Chrome/33.0.1750.117 Safari/537.36" TCP_MISS:DIRECT
85.71.129.81 - - [28/Feb/2014:22:29:09 +0100] "GET http://www.autodily-cardo.cz/img/design/bg_products_cleaner.png HTTP/1.1" 200 565 "http://www.autodily-cardo.cz/spojka/" "Mozilla/5.0 (Windows NT 6.3; WOW64) AppleWebKit/537.36 (KHTML, like Gecko) Chrome/33.0.1750.117 Safari/537.36" TCP_MISS:DIRECT
85.71.129.81 - - [28/Feb/2014:22:29:09 +0100] "GET http://www.autodily-cardo.cz/obrazky/26119/castrol-edge-turbo-diesel-5w-40-5l-fst-stitek-castrol-mini.jpg HTTP/1.1" 200 2001 "http://www.autodily-cardo.cz/spojka/" "Mozilla/5.0 (Windows NT 6.3; WOW64) AppleWebKit/537.36 (KHTML, like Gecko) Chrome/33.0.1750.117 Safari/537.36" TCP_MISS:DIRECT
85.71.129.81 - - [28/Feb/2014:22:29:09 +0100] "GET http://www.autodily-cardo.cz/obrazky/31760/ford-formula-f-5w-30-5l-mini.jpg HTTP/1.1" 200 1903 "http://www.autodily-cardo.cz/spojka/" "Mozilla/5.0 (Windows NT 6.3; WOW64) AppleWebKit/537.36 (KHTML, like Gecko) Chrome/33.0.1750.117 Safari/537.36" TCP_MISS:DIRECT
85.71.129.81 - - [28/Feb/2014:22:29:09 +0100] "GET http://www.autodily-cardo.cz/img/design/button.png HTTP/1.1" 200 3342 "http://www.autodily-cardo.cz/spojka/" "Mozilla/5.0 (Windows NT 6.3; WOW64) AppleWebKit/537.36 (KHTML, like Gecko) Chrome/33.0.1750.117 Safari/537.36" TCP_MISS:DIRECT
85.71.129.81 - - [28/Feb/2014:22:29:09 +0100] "GET http://www.autodily-cardo.cz/obrazky/12953/dvouhmotovy-setrvacnik-luk-lk-415001411-luk415001411-db-small.jpg HTTP/1.1" 200 4117 "http://www.autodily-cardo.cz/spojka/" "Mozilla/5.0 (Windows NT 6.3; WOW64) AppleWebKit/537.36 (KHTML, like Gecko) Chrome/33.0.1750.117 Safari/537.36" TCP_MISS:DIRECT
85.71.129.81 - - [28/Feb/2014:22:29:09 +0100] "GET http://www.autodily-cardo.cz/obrazky/12898/dvouhmotovy-setrvacnik-luk-lk-415001511-luk415001511-audi-small.jpg HTTP/1.1" 200 4117 "http://www.autodily-cardo.cz/spojka/" "Mozilla/5.0 (Windows NT 6.3; WOW64) AppleWebKit/537.36 (KHTML, like Gecko) Chrome/33.0.1750.117 Safari/537.36" TCP_MISS:DIRECT
85.71.129.81 - - [28/Feb/2014:22:29:09 +0100] "GET http://www.autodily-cardo.cz/obrazky/12915/dvouhmotovy-setrvacnik-luk-lk-415001711-luk415001711-bmw-small.jpg HTTP/1.1" 200 4117 "http://www.autodily-cardo.cz/spojka/" "Mozilla/5.0 (Windows NT 6.3; WOW64) AppleWebKit/537.36 (KHTML, like Gecko) Chrome/33.0.1750.117 Safari/537.36" TCP_MISS:DIRECT
85.71.129.81 - - [28/Feb/2014:22:29:09 +0100] "GET http://www.autodily-cardo.cz/obrazky/12914/dvouhmotovy-setrvacnik-luk-lk-415001610-luk415001610-bmw-small.jpg HTTP/1.1" 200 4117 "http://www.autodily-cardo.cz/spojka/" "Mozilla/5.0 (Windows NT 6.3; WOW64) AppleWebKit/537.36 (KHTML, like Gecko) Chrome/33.0.1750.117 Safari/537.36" TCP_MISS:DIRECT
85.71.129.81 - - [28/Feb/2014:22:29:09 +0100] "GET http://www.autodily-cardo.cz/obrazky/13049/dvouhmotovy-setrvacnik-luk-lk-415001910-luk415001910-porsche-small.jpg HTTP/1.1" 200 4117 "http://www.autodily-cardo.cz/spojka/" "Mozilla/5.0 (Windows NT 6.3; WOW64) AppleWebKit/537.36 (KHTML, like Gecko) Chrome/33.0.1750.117 Safari/537.36" TCP_MISS:DIRECT
85.71.129.81 - - [28/Feb/2014:22:29:10 +0100] "GET http://www.autodily-cardo.cz/obrazky/12916/dvouhmotovy-setrvacnik-luk-lk-415002110-luk415002110-bmw-small.jpg HTTP/1.1" 200 4117 "http://www.autodily-cardo.cz/spojka/" "Mozilla/5.0 (Windows NT 6.3; WOW64) AppleWebKit/537.36 (KHTML, like Gecko) Chrome/33.0.1750.117 Safari/537.36" TCP_MISS:DIRECT
85.71.129.81 - - [28/Feb/2014:22:29:10 +0100] "GET http://www.autodily-cardo.cz/obrazky/12954/dvouhmotovy-setrvacnik-luk-lk-415002210-luk415002210-db-small.jpg HTTP/1.1" 200 4117 "http://www.autodily-cardo.cz/spojka/" "Mozilla/5.0 (Windows NT 6.3; WOW64) AppleWebKit/537.36 (KHTML, like Gecko) Chrome/33.0.1750.117 Safari/537.36" TCP_MISS:DIRECT
85.71.129.81 - - [28/Feb/2014:22:29:10 +0100] "GET http://www.autodily-cardo.cz/obrazky/12955/dvouhmotovy-setrvacnik-luk-lk-415002311-luk415002311-db-small.jpg HTTP/1.1" 200 4117 "http://www.autodily-cardo.cz/spojka/" "Mozilla/5.0 (Windows NT 6.3; WOW64) AppleWebKit/537.36 (KHTML, like Gecko) Chrome/33.0.1750.117 Safari/537.36" TCP_MISS:DIRECT
85.71.129.81 - - [28/Feb/2014:22:29:10 +0100] "GET http://www.autodily-cardo.cz/obrazky/12917/dvouhmotovy-setrvacnik-luk-lk-415002410-luk415002410-bmw-small.jpg HTTP/1.1" 200 4117 "http://www.autodily-cardo.cz/spojka/" "Mozilla/5.0 (Windows NT 6.3; WOW64) AppleWebKit/537.36 (KHTML, like Gecko) Chrome/33.0.1750.117 Safari/537.36" TCP_MISS:DIRECT
85.71.129.81 - - [28/Feb/2014:22:29:10 +0100] "GET http://www.autodily-cardo.cz/obrazky/12977/dvouhmotovy-setrvacnik-luk-lk-415003110-luk415003110-ford-small.jpg HTTP/1.1" 200 4117 "http://www.autodily-cardo.cz/spojka/" "Mozilla/5.0 (Windows NT 6.3; WOW64) AppleWebKit/537.36 (KHTML, like Gecko) Chrome/33.0.1750.117 Safari/537.36" TCP_MISS:DIRECT
85.71.129.81 - - [28/Feb/2014:22:29:10 +0100] "GET http://www.autodily-cardo.cz/obrazky/12918/dvouhmotovy-setrvacnik-luk-lk-415003210-luk415003210-bmw-small.jpg HTTP/1.1" 200 4117 "http://www.autodily-cardo.cz/spojka/" "Mozilla/5.0 (Windows NT 6.3; WOW64) AppleWebKit/537.36 (KHTML, like Gecko) Chrome/33.0.1750.117 Safari/537.36" TCP_MISS:DIRECT
192.162.96.94 - - [28/Feb/2014:22:29:10 +0100] "GET http://www.autodily-cardo.cz/rozvody/? HTTP/1.1" 200 13999 "http://www.autodily-cardo.cz/rozvody/" "Mozilla/5.0 (Windows NT 6.1; WOW64; Trident/7.0; rv:11.0) like Gecko" TCP_MISS:DIRECT
85.71.129.81 - - [28/Feb/2014:22:29:10 +0100] "GET http://www.autodily-cardo.cz/obrazky/13026/dvouhmotovy-setrvacnik-luk-lk-415003510-luk415003510-opel-small.jpg HTTP/1.1" 200 4117 "http://www.autodily-cardo.cz/spojka/" "Mozilla/5.0 (Windows NT 6.3; WOW64) AppleWebKit/537.36 (KHTML, like Gecko) Chrome/33.0.1750.117 Safari/537.36" TCP_MISS:DIRECT
85.71.129.81 - - [28/Feb/2014:22:29:10 +0100] "GET http://www.autodily-cardo.cz/obrazky/13027/dvouhmotovy-setrvacnik-luk-lk-415003810-luk415003810-opel-small.jpg HTTP/1.1" 200 4117 "http://www.autodily-cardo.cz/spojka/" "Mozilla/5.0 (Windows NT 6.3; WOW64) AppleWebKit/537.36 (KHTML, like Gecko) Chrome/33.0.1750.117 Safari/537.36" TCP_MISS:DIRECT
85.71.129.81 - - [28/Feb/2014:22:29:10 +0100] "GET http://www.autodily-cardo.cz/obrazky/66290/palivovy-filtr-purflux-ep196-mini.jpg HTTP/1.1" 200 1902 "http://www.autodily-cardo.cz/spojka/" "Mozilla/5.0 (Windows NT 6.3; WOW64) AppleWebKit/537.36 (KHTML, like Gecko) Chrome/33.0.1750.117 Safari/537.36" TCP_MISS:DIRECT
85.71.129.81 - - [28/Feb/2014:22:29:10 +0100] "GET http://www.autodily-cardo.cz/img/design/rss.gif HTTP/1.1" 200 696 "http://www.autodily-cardo.cz/spojka/" "Mozilla/5.0 (Windows NT 6.3; WOW64) AppleWebKit/537.36 (KHTML, like Gecko) Chrome/33.0.1750.117 Safari/537.36" TCP_MISS:DIRECT
192.162.96.94 - - [28/Feb/2014:22:29:10 +0100] "GET http://www.autodily-cardo.cz/img/design/arrow-left.gif HTTP/1.1" 200 569 "http://www.autodily-cardo.cz/rozvody/?pageno=2" "Mozilla/5.0 (Windows NT 6.1; WOW64; Trident/7.0; rv:11.0) like Gecko" TCP_MISS:DIRECT
192.162.96.94 - - [28/Feb/2014:22:29:10 +0100] "GET http://www.autodily-cardo.cz/obrazky/11381/sada-kladek-ina-in-530041609-audi-small.jpg HTTP/1.1" 200 4238 "http://www.autodily-cardo.cz/rozvody/?pageno=2" "Mozilla/5.0 (Windows NT 6.1; WOW64; Trident/7.0; rv:11.0) like Gecko" TCP_MISS:DIRECT
192.162.96.94 - - [28/Feb/2014:22:29:10 +0100] "GET http://www.autodily-cardo.cz/obrazky/35189/sada-rozvodoveho-remene-gates-gt-k025557xs-audi-vw-small.jpg HTTP/1.1" 200 4033 "http://www.autodily-cardo.cz/rozvody/?pageno=2" "Mozilla/5.0 (Windows NT 6.1; WOW64; Trident/7.0; rv:11.0) like Gecko" TCP_MISS:DIRECT
192.162.96.94 - - [28/Feb/2014:22:29:10 +0100] "GET http://www.autodily-cardo.cz/obrazky/35075/sada-rozvodoveho-remene-gates-gt-k015557xs-audi-skoda-vw-small.jpg HTTP/1.1" 200 4033 "http://www.autodily-cardo.cz/rozvody/?pageno=2" "Mozilla/5.0 (Windows NT 6.1; WOW64; Trident/7.0; rv:11.0) like Gecko" TCP_MISS:DIRECT
192.162.96.94 - - [28/Feb/2014:22:29:10 +0100] "GET http://www.autodily-cardo.cz/obrazky/34695/rozvodovy-remen-gates-gt-5557xs-audi-small.jpg HTTP/1.1" 200 3645 "http://www.autodily-cardo.cz/rozvody/?pageno=2" "Mozilla/5.0 (Windows NT 6.1; WOW64; Trident/7.0; rv:11.0) like Gecko" TCP_MISS:DIRECT
192.162.96.94 - - [28/Feb/2014:22:29:10 +0100] "GET http://www.autodily-cardo.cz/obrazky/12057/sada-rozvodoveho-remene-ina-in-530036410-vw-small.jpg HTTP/1.1" 200 4090 "http://www.autodily-cardo.cz/rozvody/?pageno=2" "Mozilla/5.0 (Windows NT 6.1; WOW64; Trident/7.0; rv:11.0) like Gecko" TCP_MISS:DIRECT
192.162.96.94 - - [28/Feb/2014:22:29:10 +0100] "GET http://www.autodily-cardo.cz/obrazky/12059/sada-rozvodoveho-remene-ina-in-530036510-vw-small.jpg HTTP/1.1" 200 4695 "http://www.autodily-cardo.cz/rozvody/?pageno=2" "Mozilla/5.0 (Windows NT 6.1; WOW64; Trident/7.0; rv:11.0) like Gecko" TCP_MISS:DIRECT
85.71.129.81 - - [28/Feb/2014:22:29:10 +0100] "GET http://www.autodily-cardo.cz/img/design/button-basket.png HTTP/1.1" 200 3970 "http://www.autodily-cardo.cz/spojka/" "Mozilla/5.0 (Windows NT 6.3; WOW64) AppleWebKit/537.36 (KHTML, like Gecko) Chrome/33.0.1750.117 Safari/537.36" TCP_MISS:DIRECT
192.162.96.94 - - [28/Feb/2014:22:29:10 +0100] "GET http://www.autodily-cardo.cz/obrazky/12145/sada-rozvodoveho-remene-ina-in-530041610-audi-small.jpg HTTP/1.1" 200 5215 "http://www.autodily-cardo.cz/rozvody/?pageno=2" "Mozilla/5.0 (Windows NT 6.1; WOW64; Trident/7.0; rv:11.0) like Gecko" TCP_MISS:DIRECT
192.162.96.94 - - [28/Feb/2014:22:29:10 +0100] "GET http://www.autodily-cardo.cz/obrazky/50782/sada-rozvodoveho-remene-ina-in-530053910-audi-small.jpg HTTP/1.1" 200 3947 "http://www.autodily-cardo.cz/rozvody/?pageno=2" "Mozilla/5.0 (Windows NT 6.1; WOW64; Trident/7.0; rv:11.0) like Gecko" TCP_MISS:DIRECT
192.162.96.94 - - [28/Feb/2014:22:29:10 +0100] "GET http://www.autodily-cardo.cz/obrazky/57363/sada-rozvodoveho-remene-snr-kd457-48-small.jpg HTTP/1.1" 200 3686 "http://www.autodily-cardo.cz/rozvody/?pageno=2" "Mozilla/5.0 (Windows NT 6.1; WOW64; Trident/7.0; rv:11.0) like Gecko" TCP_MISS:DIRECT
192.162.96.94 - - [28/Feb/2014:22:29:10 +0100] "GET http://www.autodily-cardo.cz/obrazky/34221/tlumic-vibraci-napinak-gates-gt-t41094-audi-skoda-vw-small.jpg HTTP/1.1" 200 2773 "http://www.autodily-cardo.cz/rozvody/?pageno=2" "Mozilla/5.0 (Windows NT 6.1; WOW64; Trident/7.0; rv:11.0) like Gecko" TCP_MISS:DIRECT
192.162.96.94 - - [28/Feb/2014:22:29:10 +0100] "GET http://www.autodily-cardo.cz/obrazky/35809/tlumic-vibraci-napinak-gates-gt-t43029-audi-vw-small.jpg HTTP/1.1" 200 2783 "http://www.autodily-cardo.cz/rozvody/?pageno=2" "Mozilla/5.0 (Windows NT 6.1; WOW64; Trident/7.0; rv:11.0) like Gecko" TCP_MISS:DIRECT
192.162.96.94 - - [28/Feb/2014:22:29:10 +0100] "GET http://www.autodily-cardo.cz/obrazky/12257/tlumic-vibraci-napinak-ina-in-533008320-audi-small.jpg HTTP/1.1" 200 3724 "http://www.autodily-cardo.cz/rozvody/?pageno=2" "Mozilla/5.0 (Windows NT 6.1; WOW64; Trident/7.0; rv:11.0) like Gecko" TCP_MISS:DIRECT
192.162.96.94 - - [28/Feb/2014:22:29:10 +0100] "GET http://www.autodily-cardo.cz/obrazky/12210/tlumic-vibraci-napinak-ina-in-533002920-audi-small.jpg HTTP/1.1" 200 2911 "http://www.autodily-cardo.cz/rozvody/?pageno=2" "Mozilla/5.0 (Windows NT 6.1; WOW64; Trident/7.0; rv:11.0) like Gecko" TCP_MISS:DIRECT
192.162.96.94 - - [28/Feb/2014:22:29:10 +0100] "GET http://www.autodily-cardo.cz/obrazky/65968/tlumic-vibraci-zebrovany-klinovy-remen-febi-fb-27604-small.jpg HTTP/1.1" 200 2669 "http://www.autodily-cardo.cz/rozvody/?pageno=2" "Mozilla/5.0 (Windows NT 6.1; WOW64; Trident/7.0; rv:11.0) like Gecko" TCP_MISS:DIRECT
192.162.96.94 - - [28/Feb/2014:22:29:10 +0100] "GET http://www.autodily-cardo.cz/obrazky/12417/vlecna-paka-ina-in-422010210-vw-audi-small.jpg HTTP/1.1" 200 3539 "http://www.autodily-cardo.cz/rozvody/?pageno=2" "Mozilla/5.0 (Windows NT 6.1; WOW64; Trident/7.0; rv:11.0) like Gecko" TCP_MISS:DIRECT
192.162.96.94 - - [28/Feb/2014:22:29:10 +0100] "GET http://www.autodily-cardo.cz/obrazky/12419/vlecna-paka-ina-in-422010810-vw-audi-small.jpg HTTP/1.1" 200 2826 "http://www.autodily-cardo.cz/rozvody/?pageno=2" "Mozilla/5.0 (Windows NT 6.1; WOW64; Trident/7.0; rv:11.0) like Gecko" TCP_MISS:DIRECT
192.162.96.94 - - [28/Feb/2014:22:29:10 +0100] "GET http://www.autodily-cardo.cz/obrazky/40019/vodni-pumpa-febi-fb-24226-audi-vw-small.jpg HTTP/1.1" 200 2803 "http://www.autodily-cardo.cz/rozvody/?pageno=2" "Mozilla/5.0 (Windows NT 6.1; WOW64; Trident/7.0; rv:11.0) like Gecko" TCP_MISS:DIRECT
192.162.96.94 - - [28/Feb/2014:22:29:10 +0100] "GET http://www.autodily-cardo.cz/obrazky/31604/vodni-pumpa-graf-gr-pa868-vw-skoda-audi-small.jpg HTTP/1.1" 200 3046 "http://www.autodily-cardo.cz/rozvody/?pageno=2" "Mozilla/5.0 (Windows NT 6.1; WOW64; Trident/7.0; rv:11.0) like Gecko" TCP_MISS:DIRECT
192.162.96.94 - - [28/Feb/2014:22:29:10 +0100] "GET http://www.autodily-cardo.cz/obrazky/65696/vodni-pumpa-valeo-506591-small.jpg HTTP/1.1" 200 4289 "http://www.autodily-cardo.cz/rozvody/?pageno=2" "Mozilla/5.0 (Windows NT 6.1; WOW64; Trident/7.0; rv:11.0) like Gecko" TCP_MISS:DIRECT
192.162.96.94 - - [28/Feb/2014:22:29:10 +0100] "GET http://www.autodily-cardo.cz/obrazky/35980/vratna-vodici-kladka-gates-gt-t38059-audi-volvo-vw-small.jpg HTTP/1.1" 200 3044 "http://www.autodily-cardo.cz/rozvody/?pageno=2" "Mozilla/5.0 (Windows NT 6.1; WOW64; Trident/7.0; rv:11.0) like Gecko" TCP_MISS:DIRECT
85.71.129.81 - - [28/Feb/2014:22:29:10 +0100] "GET http://www.autodily-cardo.cz/obrazky/66289/vzduchovy-filtr-purflux-a591-mini.jpg HTTP/1.1" 200 2230 "http://www.autodily-cardo.cz/spojka/" "Mozilla/5.0 (Windows NT 6.3; WOW64) AppleWebKit/537.36 (KHTML, like Gecko) Chrome/33.0.1750.117 Safari/537.36" TCP_MISS:DIRECT
85.71.129.81 - - [28/Feb/2014:22:29:10 +0100] "GET http://www.autodily-cardo.cz/img/goods/mini/noimage.gif HTTP/1.1" 200 534 "http://www.autodily-cardo.cz/spojka/" "Mozilla/5.0 (Windows NT 6.3; WOW64) AppleWebKit/537.36 (KHTML, like Gecko) Chrome/33.0.1750.117 Safari/537.36" TCP_MISS:DIRECT
77.75.73.11 - - [28/Feb/2014:22:29:10 +0100] "GET http://www.autodily-cardo.cz/nove/cistic-brzd-500ml-trw-pfc105/ HTTP/1.1" 200 11008 "-" "Mozilla/5.0 (compatible; SeznamBot/3.2; +http://fulltext.sblog.cz/)" TCP_MISS:DIRECT
5.10.83.12 - - [28/Feb/2014:22:29:10 +0100] "GET http://www.autodily-cardo.cz/brzdovy-system/brzdovy-kotouc-ate-24-0111-0159-at-411159/ HTTP/1.1" 200 11560 "-" "Mozilla/5.0 (compatible; AhrefsBot/5.0; +http://ahrefs.com/robot/)" TCP_MISS:DIRECT
65.55.24.246 - - [28/Feb/2014:22:29:11 +0100] "GET http://www.autodily-cardo.cz/podvozek/? HTTP/1.1" 200 15363 "-" "Mozilla/5.0 (compatible; bingbot/2.0; +http://www.bing.com/bingbot.htm)" TCP_MISS:DIRECT
85.71.129.81 - - [28/Feb/2014:22:29:11 +0100] "GET http://www.autodily-cardo.cz/favicon.ico HTTP/1.1" 404 10019 "-" "Mozilla/5.0 (Windows NT 6.3; WOW64) AppleWebKit/537.36 (KHTML, like Gecko) Chrome/33.0.1750.117 Safari/537.36" TCP_MISS:DIRECT
66.249.64.84 - - [28/Feb/2014:22:29:11 +0100] "GET http://www.autodily-cardo.cz/p49494-pritlacny-talir-sachs-sa-3082000593-mitsubishi-smart/ HTTP/1.1" 301 743 "-" "Mozilla/5.0 (compatible; Googlebot/2.1; +http://www.google.com/bot.html)" TCP_MISS:DIRECT
66.249.64.84 - - [28/Feb/2014:22:29:13 +0100] "GET http://www.autodily-cardo.cz/podvozek/tlumic-perovani/? HTTP/1.1" 200 14004 "-" "Mozilla/5.0 (compatible; Googlebot/2.1; +http://www.google.com/bot.html)" TCP_MISS:DIRECT
66.249.64.84 - - [28/Feb/2014:22:29:13 +0100] "GET http://www.autodily-cardo.cz/spojka/pritlacny-talir-sachs-sa-3082000593/ HTTP/1.1" 200 11347 "-" "Mozilla/5.0 (compatible; Googlebot/2.1; +http://www.google.com/bot.html)" TCP_MISS:DIRECT
65.55.24.246 - - [28/Feb/2014:22:29:13 +0100] "GET http://www.autodily-cardo.cz/brzdovy-system/brzdovy-kotouc-brembo-09-9495-10/ HTTP/1.1" 200 11633 "-" "Mozilla/5.0 (compatible; bingbot/2.0; +http://www.bing.com/bingbot.htm)" TCP_MISS:DIRECT
