178.72.237.234 - - [28/Feb/2014:22:18:37 +0100] "GET http://www.autodily-cardo.cz/img/icons/orange-arrow.png HTTP/1.1" 200 3286 "http://www.autodily-cardo.cz/rozvody/rozvodove-sady/?pageno=73" "Opera/9.80 (Windows NT 6.1; WOW64) Presto/2.12.388 Version/12.16" TCP_MISS:DIRECT
178.72.237.234 - - [28/Feb/2014:22:18:37 +0100] "GET http://www.autodily-cardo.cz/obrazky/11788/sada-rozvodoveho-remene-ina-in-530022820-small.jpg HTTP/1.1" 200 4465 "http://www.autodily-cardo.cz/rozvody/rozvodove-sady/?pageno=73" "Opera/9.80 (Windows NT 6.1; WOW64) Presto/2.12.388 Version/12.16" TCP_MISS:DIRECT
178.72.237.234 - - [28/Feb/2014:22:18:37 +0100] "GET http://www.autodily-cardo.cz/obrazky/11794/sada-rozvodoveho-remene-ina-in-530023120-small.jpg HTTP/1.1" 200 4465 "http://www.autodily-cardo.cz/rozvody/rozvodove-sady/?pageno=73" "Opera/9.80 (Windows NT 6.1; WOW64) Presto/2.12.388 Version/12.16" TCP_MISS:DIRECT
178.72.237.234 - - [28/Feb/2014:22:18:37 +0100] "GET http://www.autodily-cardo.cz/obrazky/31760/ford-formula-f-5w-30-5l-mini.jpg HTTP/1.1" 200 1903 "http://www.autodily-cardo.cz/rozvody/rozvodove-sady/?pageno=73" "Opera/9.80 (Windows NT 6.1; WOW64) Presto/2.12.388 Version/12.16" TCP_MISS:DIRECT
178.72.237.234 - - [28/Feb/2014:22:18:37 +0100] "GET http://www.autodily-cardo.cz/img/design/ico-mobil.png HTTP/1.1" 200 3324 "http://www.autodily-cardo.cz/rozvody/rozvodove-sady/?pageno=73" "Opera/9.80 (Windows NT 6.1; WOW64) Presto/2.12.388 Version/12.16" TCP_MISS:DIRECT
157.55.34.166 - - [28/Feb/2014:22:18:42 +0100] "GET http://www.autodily-cardo.cz/rozvody/drazkovy-remen-gates-gt-88367es/? HTTP/1.1" 200 11238 "-" "Mozilla/5.0 (compatible; bingbot/2.0; +http://www.bing.com/bingbot.htm)" TCP_MISS:DIRECT
157.55.34.166 - - [28/Feb/2014:22:18:45 +0100] "GET http://www.autodily-cardo.cz/brzdovy-system/brzdovy-kotouc-trw-df6016-mini-works-03/ HTTP/1.1" 200 11839 "-" "Mozilla/5.0 (compatible; bingbot/2.0; +http://www.bing.com/bingbot.htm)" TCP_MISS:DIRECT
77.75.73.11 - - [28/Feb/2014:22:18:45 +0100] "GET http://www.autodily-cardo.cz/sterace-2/list-sterace-champion-ch-wx41-705/ HTTP/1.1" 200 11031 "-" "Mozilla/5.0 (compatible; SeznamBot/3.2; +http://fulltext.sblog.cz/)" TCP_MISS:DIRECT
157.55.34.166 - - [28/Feb/2014:22:18:46 +0100] "GET http://www.autodily-cardo.cz/brzdovy-system/brzdovy-kotouc-trw-df4836s-kia-carnival-ii-01/? HTTP/1.1" 200 12029 "-" "Mozilla/5.0 (compatible; bingbot/2.0; +http://www.bing.com/bingbot.htm)" TCP_MISS:DIRECT
77.75.73.11 - - [28/Feb/2014:22:18:47 +0100] "GET http://www.autodily-cardo.cz/rozvody/drazkovy-remen-dayco-dy-9pk1880hd/ HTTP/1.1" 200 11264 "-" "Mozilla/5.0 (compatible; SeznamBot/3.2; +http://fulltext.sblog.cz/)" TCP_MISS:DIRECT
176.107.123.11 - - [28/Feb/2014:22:18:47 +0100] "GET http://www.autodily-cardo.cz/rozvody/drazkovy-remen-gates-gt-6pk1053-2/ HTTP/1.1" 200 14248 "http://www.autodily-cardo.cz/rozvody/remeny/" "Mozilla/5.0 (Windows NT 6.1; WOW64; Trident/7.0; rv:11.0) like Gecko" TCP_MISS:DIRECT
176.107.123.11 - - [28/Feb/2014:22:18:47 +0100] "GET http://www.autodily-cardo.cz/obrazky/33127/drazkovy-remen-gates-gt-6pk1053-iveco-opel-seat-skoda-vw-default.jpg HTTP/1.1" 200 11978 "http://www.autodily-cardo.cz/rozvody/drazkovy-remen-gates-gt-6pk1053-2/" "Mozilla/5.0 (Windows NT 6.1; WOW64; Trident/7.0; rv:11.0) like Gecko" TCP_MISS:DIRECT
176.107.123.11 - - [28/Feb/2014:22:18:48 +0100] "POST http://www.autodily-cardo.cz/ajax.php? HTTP/1.1" 200 530 "http://www.autodily-cardo.cz/rozvody/drazkovy-remen-gates-gt-6pk1053-2/" "Mozilla/5.0 (Windows NT 6.1; WOW64; Trident/7.0; rv:11.0) like Gecko" TCP_MISS:DIRECT
176.107.123.11 - - [28/Feb/2014:22:18:52 +0100] "GET http://www.autodily-cardo.cz/rozvody/remeny/ HTTP/1.1" 200 12427 "http://www.autodily-cardo.cz/rozvody/rozvodove-sady/" "Mozilla/5.0 (Windows NT 6.1; WOW64; Trident/7.0; rv:11.0) like Gecko" TCP_MISS:DIRECT
77.75.73.11 - - [28/Feb/2014:22:18:54 +0100] "GET http://www.autodily-cardo.cz/nove/kabinovy-pylovy-filtr-purflux-ahc190/? HTTP/1.1" 200 11828 "-" "Mozilla/5.0 (compatible; SeznamBot/3.2; +http://fulltext.sblog.cz/)" TCP_MISS:DIRECT
212.79.110.52 - - [28/Feb/2014:22:18:59 +0100] "GET http://www.autodily-cardo.cz/obrazky/8185/tlumic-perovani-monroe-mod7699-mo-d7699-zadni-kia-sportage-original.jpg HTTP/1.1" 200 33237 "-" "Mozilla/5.0 (Macintosh; Intel Mac OS X 10_9_1) AppleWebKit/537.36 (KHTML, like Gecko) Chrome/32.0.1700.107 Safari/537.36" TCP_MISS:DIRECT
212.79.110.52 - - [28/Feb/2014:22:18:59 +0100] "GET http://www.autodily-cardo.cz/obrazky/7375/tlumic-perovani-monroe-mo21663-mo-21663-zadni-kia-carnival-99-original.jpg HTTP/1.1" 200 31535 "-" "Mozilla/5.0 (Macintosh; Intel Mac OS X 10_9_1) AppleWebKit/537.36 (KHTML, like Gecko) Chrome/32.0.1700.107 Safari/537.36" TCP_MISS:DIRECT
193.164.219.2 - - [28/Feb/2014:22:19:00 +0100] "GET http://www.autodily-cardo.cz/rozvody/rozvodove-sady/ HTTP/1.1" 200 93685 "-" "Mozilla/5.0 (Windows NT 5.1; rv:27.0) Gecko/20100101 Firefox/27.0" TCP_MISS:DIRECT
77.75.73.11 - - [28/Feb/2014:22:19:00 +0100] "GET http://www.autodily-cardo.cz/svicky/zhavici-svicka-ngk-y-274/ HTTP/1.1" 200 11245 "-" "Mozilla/5.0 (compatible; SeznamBot/3.2; +http://fulltext.sblog.cz/)" TCP_MISS:DIRECT
193.164.219.2 - - [28/Feb/2014:22:19:01 +0100] "GET http://www.autodily-cardo.cz/favicon.ico HTTP/1.1" 404 10033 "-" "Mozilla/5.0 (Windows NT 5.1; rv:27.0) Gecko/20100101 Firefox/27.0" TCP_MISS:DIRECT
193.164.219.2 - - [28/Feb/2014:22:19:01 +0100] "GET http://www.autodily-cardo.cz/favicon.ico HTTP/1.1" 404 10031 "-" "Mozilla/5.0 (Windows NT 5.1; rv:27.0) Gecko/20100101 Firefox/27.0" TCP_MISS:DIRECT
212.79.110.52 - - [28/Feb/2014:22:19:03 +0100] "GET http://www.autodily-cardo.cz/podvozek/tlumic-perovani-monroe-mod7699-mo-d7699-zadni-kia-sportage/ HTTP/1.1" 200 11155 "https://www.google.cz/" "Mozilla/5.0 (Macintosh; Intel Mac OS X 10_9_1) AppleWebKit/537.36 (KHTML, like Gecko) Chrome/32.0.1700.107 Safari/537.36" TCP_MISS:DIRECT
212.79.110.52 - - [28/Feb/2014:22:19:03 +0100] "GET http://www.autodily-cardo.cz/obrazky/8185/tlumic-perovani-monroe-mod7699-mo-d7699-zadni-kia-sportage-default.jpg HTTP/1.1" 200 14674 "http://www.autodily-cardo.cz/podvozek/tlumic-perovani-monroe-mod7699-mo-d7699-zadni-kia-sportage/" "Mozilla/5.0 (Macintosh; Intel Mac OS X 10_9_1) AppleWebKit/537.36 (KHTML, like Gecko) Chrome/32.0.1700.107 Safari/537.36" TCP_MISS:DIRECT
77.75.73.11 - - [28/Feb/2014:22:19:05 +0100] "GET http://www.autodily-cardo.cz/filtry-2/vzduchovy-filtr-mann-c17100-mf-c17100/ HTTP/1.1" 200 11111 "-" "Mozilla/5.0 (compatible; SeznamBot/3.2; +http://fulltext.sblog.cz/)" TCP_MISS:DIRECT
77.75.77.123 - - [28/Feb/2014:22:19:06 +0100] "GET http://www.autodily-cardo.cz/scripts/support.js HTTP/1.1" 200 1738 "http://www.autodily-cardo.cz/rozvody/napinaci-kladka-gates-gt-t38433/" "Mozilla/5.0 (compatible; Seznam screenshot-generator 2.0; +http://fulltext.sblog.cz/screenshot/)" TCP_MISS:DIRECT
77.75.77.123 - - [28/Feb/2014:22:19:06 +0100] "GET http://www.autodily-cardo.cz/scripts/windows.js HTTP/1.1" 200 1360 "http://www.autodily-cardo.cz/rozvody/napinaci-kladka-gates-gt-t38433/" "Mozilla/5.0 (compatible; Seznam screenshot-generator 2.0; +http://fulltext.sblog.cz/screenshot/)" TCP_MISS:DIRECT
77.75.77.123 - - [28/Feb/2014:22:19:06 +0100] "GET http://www.autodily-cardo.cz/scripts/functions.js? HTTP/1.1" 200 2449 "http://www.autodily-cardo.cz/rozvody/napinaci-kladka-gates-gt-t38433/" "Mozilla/5.0 (compatible; Seznam screenshot-generator 2.0; +http://fulltext.sblog.cz/screenshot/)" TCP_MISS:DIRECT
77.75.77.123 - - [28/Feb/2014:22:19:06 +0100] "GET http://www.autodily-cardo.cz/scripts/lightbox/lightbox.js HTTP/1.1" 200 5486 "http://www.autodily-cardo.cz/rozvody/napinaci-kladka-gates-gt-t38433/" "Mozilla/5.0 (compatible; Seznam screenshot-generator 2.0; +http://fulltext.sblog.cz/screenshot/)" TCP_MISS:DIRECT
77.75.77.123 - - [28/Feb/2014:22:19:06 +0100] "GET http://www.autodily-cardo.cz/style.css HTTP/1.1" 200 10102 "http://www.autodily-cardo.cz/rozvody/napinaci-kladka-gates-gt-t38433/" "Mozilla/5.0 (compatible; Seznam screenshot-generator 2.0; +http://fulltext.sblog.cz/screenshot/)" TCP_MISS:DIRECT
77.75.77.123 - - [28/Feb/2014:22:19:06 +0100] "GET http://www.autodily-cardo.cz/scripts/flash_news.js HTTP/1.1" 200 1406 "http://www.autodily-cardo.cz/rozvody/napinaci-kladka-gates-gt-t38433/" "Mozilla/5.0 (compatible; Seznam screenshot-generator 2.0; +http://fulltext.sblog.cz/screenshot/)" TCP_MISS:DIRECT
77.75.77.123 - - [28/Feb/2014:22:19:06 +0100] "GET http://www.autodily-cardo.cz/scripts/lightbox/prototype.js HTTP/1.1" 200 37924 "http://www.autodily-cardo.cz/rozvody/napinaci-kladka-gates-gt-t38433/" "Mozilla/5.0 (compatible; Seznam screenshot-generator 2.0; +http://fulltext.sblog.cz/screenshot/)" TCP_MISS:DIRECT
77.75.77.123 - - [28/Feb/2014:22:19:06 +0100] "GET http://www.autodily-cardo.cz/img/design/colorizer.css HTTP/1.1" 200 906 "http://www.autodily-cardo.cz/rozvody/napinaci-kladka-gates-gt-t38433/" "Mozilla/5.0 (compatible; Seznam screenshot-generator 2.0; +http://fulltext.sblog.cz/screenshot/)" TCP_MISS:DIRECT
77.75.77.123 - - [28/Feb/2014:22:19:06 +0100] "GET http://www.autodily-cardo.cz/scripts/prototype.js HTTP/1.1" 200 28676 "http://www.autodily-cardo.cz/rozvody/napinaci-kladka-gates-gt-t38433/" "Mozilla/5.0 (compatible; Seznam screenshot-generator 2.0; +http://fulltext.sblog.cz/screenshot/)" TCP_MISS:DIRECT
77.75.77.123 - - [28/Feb/2014:22:19:06 +0100] "GET http://www.autodily-cardo.cz/scripts/lightbox/builder.js HTTP/1.1" 200 2365 "http://www.autodily-cardo.cz/rozvody/napinaci-kladka-gates-gt-t38433/" "Mozilla/5.0 (compatible; Seznam screenshot-generator 2.0; +http://fulltext.sblog.cz/screenshot/)" TCP_MISS:DIRECT
77.75.77.123 - - [28/Feb/2014:22:19:06 +0100] "GET http://www.autodily-cardo.cz/scripts/lightbox/effects.js HTTP/1.1" 200 9251 "http://www.autodily-cardo.cz/rozvody/napinaci-kladka-gates-gt-t38433/" "Mozilla/5.0 (compatible; Seznam screenshot-generator 2.0; +http://fulltext.sblog.cz/screenshot/)" TCP_MISS:DIRECT
77.75.77.123 - - [28/Feb/2014:22:19:06 +0100] "GET http://www.autodily-cardo.cz/img/design/navbar_corners_top.png HTTP/1.1" 200 676 "http://www.autodily-cardo.cz/rozvody/napinaci-kladka-gates-gt-t38433/" "Mozilla/5.0 (compatible; Seznam screenshot-generator 2.0; +http://fulltext.sblog.cz/screenshot/)" TCP_MISS:DIRECT
77.75.77.123 - - [28/Feb/2014:22:19:06 +0100] "GET http://www.autodily-cardo.cz/img/ajax-spinner.gif HTTP/1.1" 200 1317 "http://www.autodily-cardo.cz/rozvody/napinaci-kladka-gates-gt-t38433/" "Mozilla/5.0 (compatible; Seznam screenshot-generator 2.0; +http://fulltext.sblog.cz/screenshot/)" TCP_MISS:DIRECT
77.75.77.123 - - [28/Feb/2014:22:19:06 +0100] "GET http://www.autodily-cardo.cz/img/design/lupa.png HTTP/1.1" 200 1693 "http://www.autodily-cardo.cz/rozvody/napinaci-kladka-gates-gt-t38433/" "Mozilla/5.0 (compatible; Seznam screenshot-generator 2.0; +http://fulltext.sblog.cz/screenshot/)" TCP_MISS:DIRECT
77.75.77.123 - - [28/Feb/2014:22:19:06 +0100] "GET http://www.autodily-cardo.cz/img/design/navbar.png HTTP/1.1" 200 580 "http://www.autodily-cardo.cz/rozvody/napinaci-kladka-gates-gt-t38433/" "Mozilla/5.0 (compatible; Seznam screenshot-generator 2.0; +http://fulltext.sblog.cz/screenshot/)" TCP_MISS:DIRECT
77.75.77.123 - - [28/Feb/2014:22:19:06 +0100] "GET http://www.autodily-cardo.cz/img/design/ico-basket.black.gif HTTP/1.1" 200 1307 "http://www.autodily-cardo.cz/rozvody/napinaci-kladka-gates-gt-t38433/" "Mozilla/5.0 (compatible; Seznam screenshot-generator 2.0; +http://fulltext.sblog.cz/screenshot/)" TCP_MISS:DIRECT
77.75.77.123 - - [28/Feb/2014:22:19:06 +0100] "GET http://www.autodily-cardo.cz/img/design/ico-user.black.gif HTTP/1.1" 200 1316 "http://www.autodily-cardo.cz/rozvody/napinaci-kladka-gates-gt-t38433/" "Mozilla/5.0 (compatible; Seznam screenshot-generator 2.0; +http://fulltext.sblog.cz/screenshot/)" TCP_MISS:DIRECT
77.75.77.123 - - [28/Feb/2014:22:19:06 +0100] "GET http://www.autodily-cardo.cz/img/design/navbar_corners_bottom.png HTTP/1.1" 200 766 "http://www.autodily-cardo.cz/rozvody/napinaci-kladka-gates-gt-t38433/" "Mozilla/5.0 (compatible; Seznam screenshot-generator 2.0; +http://fulltext.sblog.cz/screenshot/)" TCP_MISS:DIRECT
77.75.77.123 - - [28/Feb/2014:22:19:06 +0100] "GET http://www.autodily-cardo.cz/img/icons/tree_none.gif HTTP/1.1" 200 526 "http://www.autodily-cardo.cz/rozvody/napinaci-kladka-gates-gt-t38433/" "Mozilla/5.0 (compatible; Seznam screenshot-generator 2.0; +http://fulltext.sblog.cz/screenshot/)" TCP_MISS:DIRECT
77.75.77.123 - - [28/Feb/2014:22:19:06 +0100] "GET http://www.autodily-cardo.cz/img/design/panel_h3.png HTTP/1.1" 200 572 "http://www.autodily-cardo.cz/rozvody/napinaci-kladka-gates-gt-t38433/" "Mozilla/5.0 (compatible; Seznam screenshot-generator 2.0; +http://fulltext.sblog.cz/screenshot/)" TCP_MISS:DIRECT
77.75.77.123 - - [28/Feb/2014:22:19:06 +0100] "GET http://www.autodily-cardo.cz/img/icons/tree_close.gif HTTP/1.1" 200 648 "http://www.autodily-cardo.cz/rozvody/napinaci-kladka-gates-gt-t38433/" "Mozilla/5.0 (compatible; Seznam screenshot-generator 2.0; +http://fulltext.sblog.cz/screenshot/)" TCP_MISS:DIRECT
77.75.77.123 - - [28/Feb/2014:22:19:06 +0100] "GET http://www.autodily-cardo.cz/img/icons/tree_open.gif HTTP/1.1" 200 645 "http://www.autodily-cardo.cz/rozvody/napinaci-kladka-gates-gt-t38433/" "Mozilla/5.0 (compatible; Seznam screenshot-generator 2.0; +http://fulltext.sblog.cz/screenshot/)" TCP_MISS:DIRECT
77.75.77.123 - - [28/Feb/2014:22:19:06 +0100] "GET http://www.autodily-cardo.cz/img/design/button.png HTTP/1.1" 200 3342 "http://www.autodily-cardo.cz/rozvody/napinaci-kladka-gates-gt-t38433/" "Mozilla/5.0 (compatible; Seznam screenshot-generator 2.0; +http://fulltext.sblog.cz/screenshot/)" TCP_MISS:DIRECT
77.75.77.123 - - [28/Feb/2014:22:19:06 +0100] "GET http://www.autodily-cardo.cz/img/icons/orange-arrow.png HTTP/1.1" 200 3286 "http://www.autodily-cardo.cz/rozvody/napinaci-kladka-gates-gt-t38433/" "Mozilla/5.0 (compatible; Seznam screenshot-generator 2.0; +http://fulltext.sblog.cz/screenshot/)" TCP_MISS:DIRECT
77.75.77.123 - - [28/Feb/2014:22:19:06 +0100] "GET http://www.autodily-cardo.cz/img/design/arrow.gif HTTP/1.1" 200 569 "http://www.autodily-cardo.cz/rozvody/napinaci-kladka-gates-gt-t38433/" "Mozilla/5.0 (compatible; Seznam screenshot-generator 2.0; +http://fulltext.sblog.cz/screenshot/)" TCP_MISS:DIRECT
77.75.77.123 - - [28/Feb/2014:22:19:06 +0100] "GET http://www.autodily-cardo.cz/img/design/header.jpg HTTP/1.1" 200 73455 "http://www.autodily-cardo.cz/rozvody/napinaci-kladka-gates-gt-t38433/" "Mozilla/5.0 (compatible; Seznam screenshot-generator 2.0; +http://fulltext.sblog.cz/screenshot/)" TCP_MISS:DIRECT
77.75.77.123 - - [28/Feb/2014:22:19:06 +0100] "GET http://www.autodily-cardo.cz/img/design/bg_page.png HTTP/1.1" 200 1100 "http://www.autodily-cardo.cz/rozvody/napinaci-kladka-gates-gt-t38433/" "Mozilla/5.0 (compatible; Seznam screenshot-generator 2.0; +http://fulltext.sblog.cz/screenshot/)" TCP_MISS:DIRECT
77.75.77.123 - - [28/Feb/2014:22:19:07 +0100] "GET http://www.autodily-cardo.cz/obrazky/34113/napinaci-kladka-gates-gt-t38433-chevrolet-opel-default.jpg HTTP/1.1" 200 11129 "http://www.autodily-cardo.cz/rozvody/napinaci-kladka-gates-gt-t38433/" "Mozilla/5.0 (compatible; Seznam screenshot-generator 2.0; +http://fulltext.sblog.cz/screenshot/)" TCP_MISS:DIRECT
77.75.77.123 - - [28/Feb/2014:22:19:07 +0100] "GET http://www.autodily-cardo.cz/img/design/button-basket.png HTTP/1.1" 200 3970 "http://www.autodily-cardo.cz/rozvody/napinaci-kladka-gates-gt-t38433/" "Mozilla/5.0 (compatible; Seznam screenshot-generator 2.0; +http://fulltext.sblog.cz/screenshot/)" TCP_MISS:DIRECT
77.75.77.123 - - [28/Feb/2014:22:19:07 +0100] "GET http://www.autodily-cardo.cz/img/design/bg_actions.png HTTP/1.1" 200 827 "http://www.autodily-cardo.cz/rozvody/napinaci-kladka-gates-gt-t38433/" "Mozilla/5.0 (compatible; Seznam screenshot-generator 2.0; +http://fulltext.sblog.cz/screenshot/)" TCP_MISS:DIRECT
77.75.77.123 - - [28/Feb/2014:22:19:07 +0100] "GET http://www.autodily-cardo.cz/img/design/ico-action-compare.png HTTP/1.1" 200 957 "http://www.autodily-cardo.cz/rozvody/napinaci-kladka-gates-gt-t38433/" "Mozilla/5.0 (compatible; Seznam screenshot-generator 2.0; +http://fulltext.sblog.cz/screenshot/)" TCP_MISS:DIRECT
77.75.77.123 - - [28/Feb/2014:22:19:07 +0100] "GET http://www.autodily-cardo.cz/img/design/ico-action-print.png HTTP/1.1" 200 1126 "http://www.autodily-cardo.cz/rozvody/napinaci-kladka-gates-gt-t38433/" "Mozilla/5.0 (compatible; Seznam screenshot-generator 2.0; +http://fulltext.sblog.cz/screenshot/)" TCP_MISS:DIRECT
77.75.77.123 - - [28/Feb/2014:22:19:07 +0100] "GET http://www.autodily-cardo.cz/img/design/ico-action-mail.png HTTP/1.1" 200 1044 "http://www.autodily-cardo.cz/rozvody/napinaci-kladka-gates-gt-t38433/" "Mozilla/5.0 (compatible; Seznam screenshot-generator 2.0; +http://fulltext.sblog.cz/screenshot/)" TCP_MISS:DIRECT
77.75.77.123 - - [28/Feb/2014:22:19:07 +0100] "GET http://www.autodily-cardo.cz/img/design/ico-email.png HTTP/1.1" 200 3320 "http://www.autodily-cardo.cz/rozvody/napinaci-kladka-gates-gt-t38433/" "Mozilla/5.0 (compatible; Seznam screenshot-generator 2.0; +http://fulltext.sblog.cz/screenshot/)" TCP_MISS:DIRECT
77.75.77.123 - - [28/Feb/2014:22:19:07 +0100] "GET http://www.autodily-cardo.cz/img/blank.gif HTTP/1.1" 200 519 "http://www.autodily-cardo.cz/rozvody/napinaci-kladka-gates-gt-t38433/" "Mozilla/5.0 (compatible; Seznam screenshot-generator 2.0; +http://fulltext.sblog.cz/screenshot/)" TCP_MISS:DIRECT
77.75.77.123 - - [28/Feb/2014:22:19:07 +0100] "GET http://www.autodily-cardo.cz/img/design/ico-mobil.png HTTP/1.1" 200 3324 "http://www.autodily-cardo.cz/rozvody/napinaci-kladka-gates-gt-t38433/" "Mozilla/5.0 (compatible; Seznam screenshot-generator 2.0; +http://fulltext.sblog.cz/screenshot/)" TCP_MISS:DIRECT
77.75.77.123 - - [28/Feb/2014:22:19:07 +0100] "GET http://www.autodily-cardo.cz/obrazky/26119/castrol-edge-turbo-diesel-5w-40-5l-fst-stitek-castrol-mini.jpg HTTP/1.1" 200 2001 "http://www.autodily-cardo.cz/rozvody/napinaci-kladka-gates-gt-t38433/" "Mozilla/5.0 (compatible; Seznam screenshot-generator 2.0; +http://fulltext.sblog.cz/screenshot/)" TCP_MISS:DIRECT
77.75.77.123 - - [28/Feb/2014:22:19:07 +0100] "GET http://www.autodily-cardo.cz/obrazky/31760/ford-formula-f-5w-30-5l-mini.jpg HTTP/1.1" 200 1903 "http://www.autodily-cardo.cz/rozvody/napinaci-kladka-gates-gt-t38433/" "Mozilla/5.0 (compatible; Seznam screenshot-generator 2.0; +http://fulltext.sblog.cz/screenshot/)" TCP_MISS:DIRECT
77.75.77.123 - - [28/Feb/2014:22:19:07 +0100] "GET http://www.autodily-cardo.cz/obrazky/59/total-quartz-9000-5w-40-5l-mini.jpg HTTP/1.1" 200 1995 "http://www.autodily-cardo.cz/rozvody/napinaci-kladka-gates-gt-t38433/" "Mozilla/5.0 (compatible; Seznam screenshot-generator 2.0; +http://fulltext.sblog.cz/screenshot/)" TCP_MISS:DIRECT
77.75.77.123 - - [28/Feb/2014:22:19:07 +0100] "GET http://www.autodily-cardo.cz/img/design/rss.gif HTTP/1.1" 200 696 "http://www.autodily-cardo.cz/rozvody/napinaci-kladka-gates-gt-t38433/" "Mozilla/5.0 (compatible; Seznam screenshot-generator 2.0; +http://fulltext.sblog.cz/screenshot/)" TCP_MISS:DIRECT
77.75.77.123 - - [28/Feb/2014:22:19:07 +0100] "GET http://www.autodily-cardo.cz/img/lightbox/loading.gif HTTP/1.1" 200 3238 "http://www.autodily-cardo.cz/rozvody/napinaci-kladka-gates-gt-t38433/" "Mozilla/5.0 (compatible; Seznam screenshot-generator 2.0; +http://fulltext.sblog.cz/screenshot/)" TCP_MISS:DIRECT
77.75.77.123 - - [28/Feb/2014:22:19:07 +0100] "GET http://www.autodily-cardo.cz/img/lightbox/closelabel.gif HTTP/1.1" 200 1976 "http://www.autodily-cardo.cz/rozvody/napinaci-kladka-gates-gt-t38433/" "Mozilla/5.0 (compatible; Seznam screenshot-generator 2.0; +http://fulltext.sblog.cz/screenshot/)" TCP_MISS:DIRECT
77.75.77.123 - - [28/Feb/2014:22:19:07 +0100] "GET http://www.autodily-cardo.cz/print.css HTTP/1.1" 200 1421 "http://www.autodily-cardo.cz/rozvody/napinaci-kladka-gates-gt-t38433/" "Mozilla/5.0 (compatible; Seznam screenshot-generator 2.0; +http://fulltext.sblog.cz/screenshot/)" TCP_MISS:DIRECT
66.249.64.79 - - [28/Feb/2014:22:19:08 +0100] "GET http://www.autodily-cardo.cz/baterie/motobaterie/? HTTP/1.1" 200 12822 "-" "Mozilla/5.0 (compatible; Googlebot/2.1; +http://www.google.com/bot.html)" TCP_MISS:DIRECT
157.55.32.55 - - [28/Feb/2014:22:19:09 +0100] "GET http://www.autodily-cardo.cz/brzdovy-system/brzdovy-kotouc-brembo-max-09-3090-75/ HTTP/1.1" 200 11642 "-" "Mozilla/5.0 (compatible; bingbot/2.0; +http://www.bing.com/bingbot.htm)" TCP_MISS:DIRECT
157.55.32.55 - - [28/Feb/2014:22:19:10 +0100] "GET http://www.autodily-cardo.cz/brzdovy-system/? HTTP/1.1" 200 13222 "-" "Mozilla/5.0 (compatible; bingbot/2.0; +http://www.bing.com/bingbot.htm)" TCP_MISS:DIRECT
176.107.123.11 - - [28/Feb/2014:22:19:11 +0100] "GET http://www.autodily-cardo.cz/rozvody/remeny/ HTTP/1.1" 200 12419 "-" "Mozilla/5.0 (Windows NT 6.1; WOW64; Trident/7.0; rv:11.0) like Gecko" TCP_MISS:DIRECT
157.55.32.55 - - [28/Feb/2014:22:19:12 +0100] "GET http://www.autodily-cardo.cz/brzdovy-system/brzdovy-kotouc-trw-df4094-jaguar-xj6/ HTTP/1.1" 200 11733 "-" "Mozilla/5.0 (compatible; bingbot/2.0; +http://www.bing.com/bingbot.htm)" TCP_MISS:DIRECT
77.75.73.11 - - [28/Feb/2014:22:19:12 +0100] "GET http://www.autodily-cardo.cz/rozvody/napinaci-kladka-zebrovany-klinovy-remen-snr-ga355-96/ HTTP/1.1" 200 11368 "-" "Mozilla/5.0 (compatible; SeznamBot/3.2; +http://fulltext.sblog.cz/)" TCP_MISS:DIRECT
66.249.64.79 - - [28/Feb/2014:22:19:12 +0100] "GET http://www.autodily-cardo.cz/rozvody/vratna-vodici-kladka-dayco-dy-apv2199-mercedes-g-klasse-230ge-87/? HTTP/1.1" 200 12089 "-" "Mozilla/5.0 (compatible; Googlebot/2.1; +http://www.google.com/bot.html)" TCP_MISS:DIRECT
157.55.32.55 - - [28/Feb/2014:22:19:14 +0100] "GET http://www.autodily-cardo.cz/spojka/spojkova-sada-valeo-va-826438/ HTTP/1.1" 200 11601 "-" "Mozilla/5.0 (compatible; bingbot/2.0; +http://www.bing.com/bingbot.htm)" TCP_MISS:DIRECT
77.75.73.11 - - [28/Feb/2014:22:19:14 +0100] "GET http://www.autodily-cardo.cz/silentbloky/silentblok-ulozeni-napravy-lemforder-lmi-27129-01/ HTTP/1.1" 200 11544 "-" "Mozilla/5.0 (compatible; SeznamBot/3.2; +http://fulltext.sblog.cz/)" TCP_MISS:DIRECT
157.55.32.55 - - [28/Feb/2014:22:19:15 +0100] "GET http://www.autodily-cardo.cz/brzdovy-system/brzdovy-kotouc-brembo-09-8955-10/? HTTP/1.1" 200 11729 "-" "Mozilla/5.0 (compatible; bingbot/2.0; +http://www.bing.com/bingbot.htm)" TCP_MISS:DIRECT
157.55.32.55 - - [28/Feb/2014:22:19:17 +0100] "GET http://www.autodily-cardo.cz/brzdovy-system/brzdovy-kotouc-trw-df4796-fiat-punto-1-2-1-4-1-3d-05/ HTTP/1.1" 200 11672 "-" "Mozilla/5.0 (compatible; bingbot/2.0; +http://www.bing.com/bingbot.htm)" TCP_MISS:DIRECT
176.107.123.11 - - [28/Feb/2014:22:19:17 +0100] "POST http://www.autodily-cardo.cz/ajax.php? HTTP/1.1" 200 1374 "http://www.autodily-cardo.cz/rozvody/remeny/" "Mozilla/5.0 (Windows NT 6.1; WOW64; Trident/7.0; rv:11.0) like Gecko" TCP_MISS:DIRECT
66.249.64.84 - - [28/Feb/2014:22:19:18 +0100] "GET http://www.autodily-cardo.cz/svicky/? HTTP/1.1" 200 12664 "-" "Mozilla/5.0 (compatible; Googlebot/2.1; +http://www.google.com/bot.html)" TCP_MISS:DIRECT
77.75.73.11 - - [28/Feb/2014:22:19:18 +0100] "GET http://www.autodily-cardo.cz/silentbloky/ulozeni-nosnik-prevodovky-febi-fb-10016/? HTTP/1.1" 200 11387 "-" "Mozilla/5.0 (compatible; SeznamBot/3.2; +http://fulltext.sblog.cz/)" TCP_MISS:DIRECT
176.107.123.11 - - [28/Feb/2014:22:19:21 +0100] "POST http://www.autodily-cardo.cz/rozvody/remeny/ HTTP/1.1" 200 12495 "http://www.autodily-cardo.cz/rozvody/remeny/" "Mozilla/5.0 (Windows NT 6.1; WOW64; Trident/7.0; rv:11.0) like Gecko" TCP_MISS:DIRECT
176.107.123.11 - - [28/Feb/2014:22:19:21 +0100] "GET http://www.autodily-cardo.cz/obrazky/13741/drazkovy-remen-dayco-dy-6pk1033-seat-skoda-small.jpg HTTP/1.1" 200 2229 "http://www.autodily-cardo.cz/rozvody/remeny/" "Mozilla/5.0 (Windows NT 6.1; WOW64; Trident/7.0; rv:11.0) like Gecko" TCP_MISS:DIRECT
176.107.123.11 - - [28/Feb/2014:22:19:21 +0100] "GET http://www.autodily-cardo.cz/obrazky/13772/drazkovy-remen-dayco-dy-6pk1125-audi-seat-skoda-vw-small.jpg HTTP/1.1" 200 2229 "http://www.autodily-cardo.cz/rozvody/remeny/" "Mozilla/5.0 (Windows NT 6.1; WOW64; Trident/7.0; rv:11.0) like Gecko" TCP_MISS:DIRECT
176.107.123.11 - - [28/Feb/2014:22:19:21 +0100] "GET http://www.autodily-cardo.cz/obrazky/33137/drazkovy-remen-gates-gt-6pk1123-audi-seat-skoda-renault-vw-small.jpg HTTP/1.1" 200 4033 "http://www.autodily-cardo.cz/rozvody/remeny/" "Mozilla/5.0 (Windows NT 6.1; WOW64; Trident/7.0; rv:11.0) like Gecko" TCP_MISS:DIRECT
176.107.123.11 - - [28/Feb/2014:22:19:21 +0100] "GET http://www.autodily-cardo.cz/obrazky/33104/drazkovy-remen-gates-gt-6dpk1195-audi-seat-skoda-vw-small.jpg HTTP/1.1" 200 4033 "http://www.autodily-cardo.cz/rozvody/remeny/" "Mozilla/5.0 (Windows NT 6.1; WOW64; Trident/7.0; rv:11.0) like Gecko" TCP_MISS:DIRECT
66.249.64.84 - - [28/Feb/2014:22:19:22 +0100] "GET http://www.autodily-cardo.cz/obrazky/50327/spojkova-sada-sachs-sa-3000970013-ford-original.jpg HTTP/1.1" 200 13009 "-" "Googlebot-Image/1.0" TCP_MISS:DIRECT
157.55.32.226 - - [28/Feb/2014:22:19:22 +0100] "GET http://www.autodily-cardo.cz/brzdovy-system/brzdovy-kotouc-trw-df2635-daihatsu-charade/? HTTP/1.1" 200 11918 "-" "Mozilla/5.0 (compatible; bingbot/2.0; +http://www.bing.com/bingbot.htm)" TCP_MISS:DIRECT
157.55.32.226 - - [28/Feb/2014:22:19:24 +0100] "GET http://www.autodily-cardo.cz/filtry-2/vzduchovy-filtr-mann-c321900-mf-c321900/ HTTP/1.1" 200 12217 "-" "Mozilla/5.0 (compatible; bingbot/2.0; +http://www.bing.com/bingbot.htm)" TCP_MISS:DIRECT
157.55.32.226 - - [28/Feb/2014:22:19:25 +0100] "GET http://www.autodily-cardo.cz/svicky/zapalovaci-svicka-ngk-bpmr4a/ HTTP/1.1" 200 11246 "-" "Mozilla/5.0 (compatible; bingbot/2.0; +http://www.bing.com/bingbot.htm)" TCP_MISS:DIRECT
176.107.123.11 - - [28/Feb/2014:22:19:27 +0100] "GET http://www.autodily-cardo.cz/rozvody/drazkove-remeny/ HTTP/1.1" 200 12440 "http://www.autodily-cardo.cz/rozvody/remeny/" "Mozilla/5.0 (Windows NT 6.1; WOW64; Trident/7.0; rv:11.0) like Gecko" TCP_MISS:DIRECT
77.75.73.11 - - [28/Feb/2014:22:19:27 +0100] "GET http://www.autodily-cardo.cz/podvozek/tlumic-perovani-monroe-mo23761-mo-23761-nahrazen-23821/ HTTP/1.1" 200 11521 "-" "Mozilla/5.0 (compatible; SeznamBot/3.2; +http://fulltext.sblog.cz/)" TCP_MISS:DIRECT
157.55.32.226 - - [28/Feb/2014:22:19:27 +0100] "GET http://www.autodily-cardo.cz/brzdovy-system/brzdovy-kotouc-ate-24-0310-0151-at-510151-power-disc/ HTTP/1.1" 200 12456 "-" "Mozilla/5.0 (compatible; bingbot/2.0; +http://www.bing.com/bingbot.htm)" TCP_MISS:DIRECT
157.55.32.226 - - [28/Feb/2014:22:19:29 +0100] "GET http://www.autodily-cardo.cz/brzdovy-system/brzdovy-kotouc-brembo-09-5568-10/? HTTP/1.1" 200 11768 "-" "Mozilla/5.0 (compatible; bingbot/2.0; +http://www.bing.com/bingbot.htm)" TCP_MISS:DIRECT
66.249.64.84 - - [28/Feb/2014:22:19:29 +0100] "GET http://www.autodily-cardo.cz/termostaty/? HTTP/1.1" 200 12273 "-" "Mozilla/5.0 (compatible; Googlebot/2.1; +http://www.google.com/bot.html)" TCP_MISS:DIRECT
77.75.73.11 - - [28/Feb/2014:22:19:29 +0100] "GET http://www.autodily-cardo.cz/termostaty/termostat-gates-gt-th38192g1/ HTTP/1.1" 200 11368 "-" "Mozilla/5.0 (compatible; SeznamBot/3.2; +http://fulltext.sblog.cz/)" TCP_MISS:DIRECT
157.55.32.226 - - [28/Feb/2014:22:19:30 +0100] "GET http://www.autodily-cardo.cz/brzdovy-system/brzdovy-kotouc-trw-df2563-mercedes-w124/? HTTP/1.1" 200 12237 "-" "Mozilla/5.0 (compatible; bingbot/2.0; +http://www.bing.com/bingbot.htm)" TCP_MISS:DIRECT
89.103.63.196 - - [28/Feb/2014:22:19:31 +0100] "GET http://www.autodily-cardo.cz/___monterky-akce___/monterky-monroe/ HTTP/1.1" 200 11416 "http://search.seznam.cz/?q=zna%C4%8Dkov%C3%A9+monterky&count=10&pId=ni8s1Z_fwAMdgUhqbKjK&from=10" "Mozilla/5.0 (Windows NT 6.1) AppleWebKit/537.36 (KHTML, like Gecko) Chrome/33.0.1750.117 Safari/537.36" TCP_MISS:DIRECT
89.103.63.196 - - [28/Feb/2014:22:19:32 +0100] "GET http://www.autodily-cardo.cz/style.css HTTP/1.1" 200 10102 "http://www.autodily-cardo.cz/___monterky-akce___/monterky-monroe/" "Mozilla/5.0 (Windows NT 6.1) AppleWebKit/537.36 (KHTML, like Gecko) Chrome/33.0.1750.117 Safari/537.36" TCP_MISS:DIRECT
89.103.63.196 - - [28/Feb/2014:22:19:32 +0100] "GET http://www.autodily-cardo.cz/print.css HTTP/1.1" 200 1421 "http://www.autodily-cardo.cz/___monterky-akce___/monterky-monroe/" "Mozilla/5.0 (Windows NT 6.1) AppleWebKit/537.36 (KHTML, like Gecko) Chrome/33.0.1750.117 Safari/537.36" TCP_MISS:DIRECT
157.55.32.226 - - [28/Feb/2014:22:19:32 +0100] "GET http://www.autodily-cardo.cz/svicky/zhavici-svicka-denso-dg-004/ HTTP/1.1" 200 12153 "-" "Mozilla/5.0 (compatible; bingbot/2.0; +http://www.bing.com/bingbot.htm)" TCP_MISS:DIRECT
89.103.63.196 - - [28/Feb/2014:22:19:32 +0100] "GET http://www.autodily-cardo.cz/scripts/windows.js HTTP/1.1" 200 1360 "http://www.autodily-cardo.cz/___monterky-akce___/monterky-monroe/" "Mozilla/5.0 (Windows NT 6.1) AppleWebKit/537.36 (KHTML, like Gecko) Chrome/33.0.1750.117 Safari/537.36" TCP_MISS:DIRECT
89.103.63.196 - - [28/Feb/2014:22:19:32 +0100] "GET http://www.autodily-cardo.cz/scripts/functions.js? HTTP/1.1" 200 2449 "http://www.autodily-cardo.cz/___monterky-akce___/monterky-monroe/" "Mozilla/5.0 (Windows NT 6.1) AppleWebKit/537.36 (KHTML, like Gecko) Chrome/33.0.1750.117 Safari/537.36" TCP_MISS:DIRECT
89.103.63.196 - - [28/Feb/2014:22:19:32 +0100] "GET http://www.autodily-cardo.cz/scripts/support.js HTTP/1.1" 200 1738 "http://www.autodily-cardo.cz/___monterky-akce___/monterky-monroe/" "Mozilla/5.0 (Windows NT 6.1) AppleWebKit/537.36 (KHTML, like Gecko) Chrome/33.0.1750.117 Safari/537.36" TCP_MISS:DIRECT
89.103.63.196 - - [28/Feb/2014:22:19:32 +0100] "GET http://www.autodily-cardo.cz/scripts/lightbox/scriptaculous.js? HTTP/1.1" 200 2022 "http://www.autodily-cardo.cz/___monterky-akce___/monterky-monroe/" "Mozilla/5.0 (Windows NT 6.1) AppleWebKit/537.36 (KHTML, like Gecko) Chrome/33.0.1750.117 Safari/537.36" TCP_MISS:DIRECT
89.103.63.196 - - [28/Feb/2014:22:19:32 +0100] "GET http://www.autodily-cardo.cz/scripts/lightbox/lightbox.js HTTP/1.1" 200 5486 "http://www.autodily-cardo.cz/___monterky-akce___/monterky-monroe/" "Mozilla/5.0 (Windows NT 6.1) AppleWebKit/537.36 (KHTML, like Gecko) Chrome/33.0.1750.117 Safari/537.36" TCP_MISS:DIRECT
89.103.63.196 - - [28/Feb/2014:22:19:32 +0100] "GET http://www.autodily-cardo.cz/scripts/flash_news.js HTTP/1.1" 200 1406 "http://www.autodily-cardo.cz/___monterky-akce___/monterky-monroe/" "Mozilla/5.0 (Windows NT 6.1) AppleWebKit/537.36 (KHTML, like Gecko) Chrome/33.0.1750.117 Safari/537.36" TCP_MISS:DIRECT
89.103.63.196 - - [28/Feb/2014:22:19:32 +0100] "GET http://www.autodily-cardo.cz/img/design/colorizer.css HTTP/1.1" 200 906 "http://www.autodily-cardo.cz/___monterky-akce___/monterky-monroe/" "Mozilla/5.0 (Windows NT 6.1) AppleWebKit/537.36 (KHTML, like Gecko) Chrome/33.0.1750.117 Safari/537.36" TCP_MISS:DIRECT
89.103.63.196 - - [28/Feb/2014:22:19:32 +0100] "GET http://www.autodily-cardo.cz/scripts/lightbox/prototype.js HTTP/1.1" 200 37924 "http://www.autodily-cardo.cz/___monterky-akce___/monterky-monroe/" "Mozilla/5.0 (Windows NT 6.1) AppleWebKit/537.36 (KHTML, like Gecko) Chrome/33.0.1750.117 Safari/537.36" TCP_MISS:DIRECT
89.103.63.196 - - [28/Feb/2014:22:19:32 +0100] "GET http://www.autodily-cardo.cz/img/ajax-spinner.gif HTTP/1.1" 200 1317 "http://www.autodily-cardo.cz/___monterky-akce___/monterky-monroe/" "Mozilla/5.0 (Windows NT 6.1) AppleWebKit/537.36 (KHTML, like Gecko) Chrome/33.0.1750.117 Safari/537.36" TCP_MISS:DIRECT
89.103.63.196 - - [28/Feb/2014:22:19:32 +0100] "GET http://www.autodily-cardo.cz/scripts/prototype.js HTTP/1.1" 200 28676 "http://www.autodily-cardo.cz/___monterky-akce___/monterky-monroe/" "Mozilla/5.0 (Windows NT 6.1) AppleWebKit/537.36 (KHTML, like Gecko) Chrome/33.0.1750.117 Safari/537.36" TCP_MISS:DIRECT
89.103.63.196 - - [28/Feb/2014:22:19:32 +0100] "GET http://www.autodily-cardo.cz/scripts/lightbox/builder.js HTTP/1.1" 200 2365 "http://www.autodily-cardo.cz/___monterky-akce___/monterky-monroe/" "Mozilla/5.0 (Windows NT 6.1) AppleWebKit/537.36 (KHTML, like Gecko) Chrome/33.0.1750.117 Safari/537.36" TCP_MISS:DIRECT
89.103.63.196 - - [28/Feb/2014:22:19:32 +0100] "GET http://www.autodily-cardo.cz/img/icons/tree_none.gif HTTP/1.1" 200 526 "http://www.autodily-cardo.cz/___monterky-akce___/monterky-monroe/" "Mozilla/5.0 (Windows NT 6.1) AppleWebKit/537.36 (KHTML, like Gecko) Chrome/33.0.1750.117 Safari/537.36" TCP_MISS:DIRECT
89.103.63.196 - - [28/Feb/2014:22:19:32 +0100] "GET http://www.autodily-cardo.cz/scripts/lightbox/effects.js HTTP/1.1" 200 9251 "http://www.autodily-cardo.cz/___monterky-akce___/monterky-monroe/" "Mozilla/5.0 (Windows NT 6.1) AppleWebKit/537.36 (KHTML, like Gecko) Chrome/33.0.1750.117 Safari/537.36" TCP_MISS:DIRECT
89.103.63.196 - - [28/Feb/2014:22:19:32 +0100] "GET http://www.autodily-cardo.cz/img/icons/tree_close.gif HTTP/1.1" 200 648 "http://www.autodily-cardo.cz/___monterky-akce___/monterky-monroe/" "Mozilla/5.0 (Windows NT 6.1) AppleWebKit/537.36 (KHTML, like Gecko) Chrome/33.0.1750.117 Safari/537.36" TCP_MISS:DIRECT
89.103.63.196 - - [28/Feb/2014:22:19:32 +0100] "GET http://www.autodily-cardo.cz/img/design/arrow.gif HTTP/1.1" 200 569 "http://www.autodily-cardo.cz/___monterky-akce___/monterky-monroe/" "Mozilla/5.0 (Windows NT 6.1) AppleWebKit/537.36 (KHTML, like Gecko) Chrome/33.0.1750.117 Safari/537.36" TCP_MISS:DIRECT
89.103.63.196 - - [28/Feb/2014:22:19:32 +0100] "GET http://www.autodily-cardo.cz/img/blank.gif HTTP/1.1" 200 519 "http://www.autodily-cardo.cz/___monterky-akce___/monterky-monroe/" "Mozilla/5.0 (Windows NT 6.1) AppleWebKit/537.36 (KHTML, like Gecko) Chrome/33.0.1750.117 Safari/537.36" TCP_MISS:DIRECT
89.103.63.196 - - [28/Feb/2014:22:19:32 +0100] "GET http://www.autodily-cardo.cz/galerie/185/monterky-monroe-small.jpg HTTP/1.1" 200 6508 "http://www.autodily-cardo.cz/___monterky-akce___/monterky-monroe/" "Mozilla/5.0 (Windows NT 6.1) AppleWebKit/537.36 (KHTML, like Gecko) Chrome/33.0.1750.117 Safari/537.36" TCP_MISS:DIRECT
89.103.63.196 - - [28/Feb/2014:22:19:32 +0100] "GET http://www.autodily-cardo.cz/obrazky/26119/castrol-edge-turbo-diesel-5w-40-5l-fst-stitek-castrol-mini.jpg HTTP/1.1" 200 2001 "http://www.autodily-cardo.cz/___monterky-akce___/monterky-monroe/" "Mozilla/5.0 (Windows NT 6.1) AppleWebKit/537.36 (KHTML, like Gecko) Chrome/33.0.1750.117 Safari/537.36" TCP_MISS:DIRECT
89.103.63.196 - - [28/Feb/2014:22:19:32 +0100] "GET http://www.autodily-cardo.cz/galerie/186/monterky-monroe-small.jpg HTTP/1.1" 200 3845 "http://www.autodily-cardo.cz/___monterky-akce___/monterky-monroe/" "Mozilla/5.0 (Windows NT 6.1) AppleWebKit/537.36 (KHTML, like Gecko) Chrome/33.0.1750.117 Safari/537.36" TCP_MISS:DIRECT
89.103.63.196 - - [28/Feb/2014:22:19:32 +0100] "GET http://www.autodily-cardo.cz/img/design/rss.gif HTTP/1.1" 200 696 "http://www.autodily-cardo.cz/___monterky-akce___/monterky-monroe/" "Mozilla/5.0 (Windows NT 6.1) AppleWebKit/537.36 (KHTML, like Gecko) Chrome/33.0.1750.117 Safari/537.36" TCP_MISS:DIRECT
89.103.63.196 - - [28/Feb/2014:22:19:32 +0100] "GET http://www.autodily-cardo.cz/obrazky/59/total-quartz-9000-5w-40-5l-mini.jpg HTTP/1.1" 200 1995 "http://www.autodily-cardo.cz/___monterky-akce___/monterky-monroe/" "Mozilla/5.0 (Windows NT 6.1) AppleWebKit/537.36 (KHTML, like Gecko) Chrome/33.0.1750.117 Safari/537.36" TCP_MISS:DIRECT
89.103.63.196 - - [28/Feb/2014:22:19:32 +0100] "GET http://www.autodily-cardo.cz/obrazky/31760/ford-formula-f-5w-30-5l-mini.jpg HTTP/1.1" 200 1903 "http://www.autodily-cardo.cz/___monterky-akce___/monterky-monroe/" "Mozilla/5.0 (Windows NT 6.1) AppleWebKit/537.36 (KHTML, like Gecko) Chrome/33.0.1750.117 Safari/537.36" TCP_MISS:DIRECT
89.103.63.196 - - [28/Feb/2014:22:19:33 +0100] "GET http://www.autodily-cardo.cz/img/design/lupa.png HTTP/1.1" 200 1693 "http://www.autodily-cardo.cz/___monterky-akce___/monterky-monroe/" "Mozilla/5.0 (Windows NT 6.1) AppleWebKit/537.36 (KHTML, like Gecko) Chrome/33.0.1750.117 Safari/537.36" TCP_MISS:DIRECT
89.103.63.196 - - [28/Feb/2014:22:19:33 +0100] "GET http://www.autodily-cardo.cz/obrazky/60883/monterky-monroe-default.jpg HTTP/1.1" 200 20010 "http://www.autodily-cardo.cz/___monterky-akce___/monterky-monroe/" "Mozilla/5.0 (Windows NT 6.1) AppleWebKit/537.36 (KHTML, like Gecko) Chrome/33.0.1750.117 Safari/537.36" TCP_MISS:DIRECT
89.103.63.196 - - [28/Feb/2014:22:19:33 +0100] "GET http://www.autodily-cardo.cz/img/design/panel_h3.png HTTP/1.1" 200 572 "http://www.autodily-cardo.cz/___monterky-akce___/monterky-monroe/" "Mozilla/5.0 (Windows NT 6.1) AppleWebKit/537.36 (KHTML, like Gecko) Chrome/33.0.1750.117 Safari/537.36" TCP_MISS:DIRECT
89.103.63.196 - - [28/Feb/2014:22:19:33 +0100] "GET http://www.autodily-cardo.cz/img/icons/orange-arrow.png HTTP/1.1" 200 3286 "http://www.autodily-cardo.cz/___monterky-akce___/monterky-monroe/" "Mozilla/5.0 (Windows NT 6.1) AppleWebKit/537.36 (KHTML, like Gecko) Chrome/33.0.1750.117 Safari/537.36" TCP_MISS:DIRECT
89.103.63.196 - - [28/Feb/2014:22:19:33 +0100] "GET http://www.autodily-cardo.cz/img/design/bg_page.png HTTP/1.1" 200 1100 "http://www.autodily-cardo.cz/___monterky-akce___/monterky-monroe/" "Mozilla/5.0 (Windows NT 6.1) AppleWebKit/537.36 (KHTML, like Gecko) Chrome/33.0.1750.117 Safari/537.36" TCP_MISS:DIRECT
89.103.63.196 - - [28/Feb/2014:22:19:33 +0100] "GET http://www.autodily-cardo.cz/img/design/header.jpg HTTP/1.1" 200 73455 "http://www.autodily-cardo.cz/___monterky-akce___/monterky-monroe/" "Mozilla/5.0 (Windows NT 6.1) AppleWebKit/537.36 (KHTML, like Gecko) Chrome/33.0.1750.117 Safari/537.36" TCP_MISS:DIRECT
89.103.63.196 - - [28/Feb/2014:22:19:33 +0100] "GET http://www.autodily-cardo.cz/img/design/ico-user.black.gif HTTP/1.1" 200 1316 "http://www.autodily-cardo.cz/___monterky-akce___/monterky-monroe/" "Mozilla/5.0 (Windows NT 6.1) AppleWebKit/537.36 (KHTML, like Gecko) Chrome/33.0.1750.117 Safari/537.36" TCP_MISS:DIRECT
89.103.63.196 - - [28/Feb/2014:22:19:33 +0100] "GET http://www.autodily-cardo.cz/img/design/button.png HTTP/1.1" 200 3342 "http://www.autodily-cardo.cz/___monterky-akce___/monterky-monroe/" "Mozilla/5.0 (Windows NT 6.1) AppleWebKit/537.36 (KHTML, like Gecko) Chrome/33.0.1750.117 Safari/537.36" TCP_MISS:DIRECT
89.103.63.196 - - [28/Feb/2014:22:19:33 +0100] "GET http://www.autodily-cardo.cz/img/design/button-basket.png HTTP/1.1" 200 3970 "http://www.autodily-cardo.cz/___monterky-akce___/monterky-monroe/" "Mozilla/5.0 (Windows NT 6.1) AppleWebKit/537.36 (KHTML, like Gecko) Chrome/33.0.1750.117 Safari/537.36" TCP_MISS:DIRECT
89.103.63.196 - - [28/Feb/2014:22:19:33 +0100] "GET http://www.autodily-cardo.cz/img/design/navbar_corners_top.png HTTP/1.1" 200 676 "http://www.autodily-cardo.cz/___monterky-akce___/monterky-monroe/" "Mozilla/5.0 (Windows NT 6.1) AppleWebKit/537.36 (KHTML, like Gecko) Chrome/33.0.1750.117 Safari/537.36" TCP_MISS:DIRECT
89.103.63.196 - - [28/Feb/2014:22:19:33 +0100] "GET http://www.autodily-cardo.cz/img/design/ico-basket.black.gif HTTP/1.1" 200 1307 "http://www.autodily-cardo.cz/___monterky-akce___/monterky-monroe/" "Mozilla/5.0 (Windows NT 6.1) AppleWebKit/537.36 (KHTML, like Gecko) Chrome/33.0.1750.117 Safari/537.36" TCP_MISS:DIRECT
89.103.63.196 - - [28/Feb/2014:22:19:33 +0100] "GET http://www.autodily-cardo.cz/img/design/navbar_corners_bottom.png HTTP/1.1" 200 766 "http://www.autodily-cardo.cz/___monterky-akce___/monterky-monroe/" "Mozilla/5.0 (Windows NT 6.1) AppleWebKit/537.36 (KHTML, like Gecko) Chrome/33.0.1750.117 Safari/537.36" TCP_MISS:DIRECT
89.103.63.196 - - [28/Feb/2014:22:19:33 +0100] "GET http://www.autodily-cardo.cz/img/design/navbar.png HTTP/1.1" 200 580 "http://www.autodily-cardo.cz/___monterky-akce___/monterky-monroe/" "Mozilla/5.0 (Windows NT 6.1) AppleWebKit/537.36 (KHTML, like Gecko) Chrome/33.0.1750.117 Safari/537.36" TCP_MISS:DIRECT
89.103.63.196 - - [28/Feb/2014:22:19:33 +0100] "GET http://www.autodily-cardo.cz/img/lightbox/loading.gif HTTP/1.1" 200 3238 "http://www.autodily-cardo.cz/___monterky-akce___/monterky-monroe/" "Mozilla/5.0 (Windows NT 6.1) AppleWebKit/537.36 (KHTML, like Gecko) Chrome/33.0.1750.117 Safari/537.36" TCP_MISS:DIRECT
89.103.63.196 - - [28/Feb/2014:22:19:33 +0100] "GET http://www.autodily-cardo.cz/img/lightbox/closelabel.gif HTTP/1.1" 200 1976 "http://www.autodily-cardo.cz/___monterky-akce___/monterky-monroe/" "Mozilla/5.0 (Windows NT 6.1) AppleWebKit/537.36 (KHTML, like Gecko) Chrome/33.0.1750.117 Safari/537.36" TCP_MISS:DIRECT
89.103.63.196 - - [28/Feb/2014:22:19:33 +0100] "GET http://www.autodily-cardo.cz/img/design/ico-mobil.png HTTP/1.1" 200 3324 "http://www.autodily-cardo.cz/___monterky-akce___/monterky-monroe/" "Mozilla/5.0 (Windows NT 6.1) AppleWebKit/537.36 (KHTML, like Gecko) Chrome/33.0.1750.117 Safari/537.36" TCP_MISS:DIRECT
89.103.63.196 - - [28/Feb/2014:22:19:33 +0100] "GET http://www.autodily-cardo.cz/img/design/ico-email.png HTTP/1.1" 200 3320 "http://www.autodily-cardo.cz/___monterky-akce___/monterky-monroe/" "Mozilla/5.0 (Windows NT 6.1) AppleWebKit/537.36 (KHTML, like Gecko) Chrome/33.0.1750.117 Safari/537.36" TCP_MISS:DIRECT
89.103.63.196 - - [28/Feb/2014:22:19:33 +0100] "GET http://www.autodily-cardo.cz/img/design/bg_actions.png HTTP/1.1" 200 827 "http://www.autodily-cardo.cz/___monterky-akce___/monterky-monroe/" "Mozilla/5.0 (Windows NT 6.1) AppleWebKit/537.36 (KHTML, like Gecko) Chrome/33.0.1750.117 Safari/537.36" TCP_MISS:DIRECT
89.103.63.196 - - [28/Feb/2014:22:19:33 +0100] "GET http://www.autodily-cardo.cz/img/design/ico-action-compare.png HTTP/1.1" 200 957 "http://www.autodily-cardo.cz/___monterky-akce___/monterky-monroe/" "Mozilla/5.0 (Windows NT 6.1) AppleWebKit/537.36 (KHTML, like Gecko) Chrome/33.0.1750.117 Safari/537.36" TCP_MISS:DIRECT
89.103.63.196 - - [28/Feb/2014:22:19:33 +0100] "GET http://www.autodily-cardo.cz/img/design/ico-action-print.png HTTP/1.1" 200 1126 "http://www.autodily-cardo.cz/___monterky-akce___/monterky-monroe/" "Mozilla/5.0 (Windows NT 6.1) AppleWebKit/537.36 (KHTML, like Gecko) Chrome/33.0.1750.117 Safari/537.36" TCP_MISS:DIRECT
89.103.63.196 - - [28/Feb/2014:22:19:33 +0100] "GET http://www.autodily-cardo.cz/img/design/ico-action-mail.png HTTP/1.1" 200 1044 "http://www.autodily-cardo.cz/___monterky-akce___/monterky-monroe/" "Mozilla/5.0 (Windows NT 6.1) AppleWebKit/537.36 (KHTML, like Gecko) Chrome/33.0.1750.117 Safari/537.36" TCP_MISS:DIRECT
157.55.32.226 - - [28/Feb/2014:22:19:33 +0100] "GET http://www.autodily-cardo.cz/brzdovy-system/brzdovy-kotouc-ate-24-0122-0145-at-422145/ HTTP/1.1" 200 12850 "-" "Mozilla/5.0 (compatible; bingbot/2.0; +http://www.bing.com/bingbot.htm)" TCP_MISS:DIRECT
89.103.63.196 - - [28/Feb/2014:22:19:33 +0100] "GET http://www.autodily-cardo.cz/favicon.ico HTTP/1.1" 404 10149 "-" "Mozilla/5.0 (Windows NT 6.1) AppleWebKit/537.36 (KHTML, like Gecko) Chrome/33.0.1750.117 Safari/537.36" TCP_MISS:DIRECT
77.75.73.11 - - [28/Feb/2014:22:19:35 +0100] "GET http://www.autodily-cardo.cz/spojka/spojkova-sada-valeo-sp-899003/ HTTP/1.1" 200 11660 "-" "Mozilla/5.0 (compatible; SeznamBot/3.2; +http://fulltext.sblog.cz/)" TCP_MISS:DIRECT
157.55.32.226 - - [28/Feb/2014:22:19:35 +0100] "GET http://www.autodily-cardo.cz/brzdovy-system/brzdovy-kotouc-trw-df2660-volvo-850/? HTTP/1.1" 200 12150 "-" "Mozilla/5.0 (compatible; bingbot/2.0; +http://www.bing.com/bingbot.htm)" TCP_MISS:DIRECT
66.249.64.79 - - [28/Feb/2014:22:19:35 +0100] "GET http://www.autodily-cardo.cz/? HTTP/1.1" 200 13065 "-" "Mozilla/5.0 (compatible; Googlebot/2.1; +http://www.google.com/bot.html)" TCP_MISS:DIRECT
157.55.32.226 - - [28/Feb/2014:22:19:36 +0100] "GET http://www.autodily-cardo.cz/brzdovy-system/sada-brzdovych-celisti-trw-gs8280-ford-fiesta/? HTTP/1.1" 200 11769 "-" "Mozilla/5.0 (compatible; bingbot/2.0; +http://www.bing.com/bingbot.htm)" TCP_MISS:DIRECT
77.75.73.11 - - [28/Feb/2014:22:19:37 +0100] "GET http://www.autodily-cardo.cz/nove/kabinovy-filtr-febi-fb-09446/ HTTP/1.1" 200 14255 "-" "Mozilla/5.0 (compatible; SeznamBot/3.2; +http://fulltext.sblog.cz/)" TCP_MISS:DIRECT
157.55.32.226 - - [28/Feb/2014:22:19:37 +0100] "GET http://www.autodily-cardo.cz/brzdovy-system/brzdovy-kotouc-trw-df4837-honda-civic-06/? HTTP/1.1" 200 11809 "-" "Mozilla/5.0 (compatible; bingbot/2.0; +http://www.bing.com/bingbot.htm)" TCP_MISS:DIRECT
157.55.32.226 - - [28/Feb/2014:22:19:39 +0100] "GET http://www.autodily-cardo.cz/brzdovy-system/brzdovy-kotouc-trw-df1030-renault-laguna/ HTTP/1.1" 200 11874 "-" "Mozilla/5.0 (compatible; bingbot/2.0; +http://www.bing.com/bingbot.htm)" TCP_MISS:DIRECT
77.75.73.11 - - [28/Feb/2014:22:19:39 +0100] "GET http://www.autodily-cardo.cz/brzdovy-system/sada-brzdovych-desticek-brembo-p15007/ HTTP/1.1" 200 11128 "-" "Mozilla/5.0 (compatible; SeznamBot/3.2; +http://fulltext.sblog.cz/)" TCP_MISS:DIRECT
157.55.32.226 - - [28/Feb/2014:22:19:41 +0100] "GET http://www.autodily-cardo.cz/rozvody/tlumic-vibraci-napinak-ina-in-534004410-bmw-x5-e53-4-6-02/ HTTP/1.1" 200 11306 "-" "Mozilla/5.0 (compatible; bingbot/2.0; +http://www.bing.com/bingbot.htm)" TCP_MISS:DIRECT
77.75.73.11 - - [28/Feb/2014:22:19:42 +0100] "GET http://www.autodily-cardo.cz/rozvody/klinovy-remen-gates-gt-6505exl/ HTTP/1.1" 200 11063 "-" "Mozilla/5.0 (compatible; SeznamBot/3.2; +http://fulltext.sblog.cz/)" TCP_MISS:DIRECT
157.55.32.98 - - [28/Feb/2014:22:19:43 +0100] "GET http://www.autodily-cardo.cz/podvozek/tlumic-perovani-sachs-230-611/ HTTP/1.1" 200 11798 "-" "Mozilla/5.0 (compatible; bingbot/2.0; +http://www.bing.com/bingbot.htm)" TCP_MISS:DIRECT
77.75.73.11 - - [28/Feb/2014:22:19:44 +0100] "GET http://www.autodily-cardo.cz/brzdovy-system/sada-brzdovych-desticek-trw-gdb917-bmw-5/ HTTP/1.1" 200 12097 "-" "Mozilla/5.0 (compatible; SeznamBot/3.2; +http://fulltext.sblog.cz/)" TCP_MISS:DIRECT
157.55.32.98 - - [28/Feb/2014:22:19:45 +0100] "GET http://www.autodily-cardo.cz/brzdovy-system/brzdovy-kotouc-brembo-09-5059-10/ HTTP/1.1" 200 11450 "-" "Mozilla/5.0 (compatible; bingbot/2.0; +http://www.bing.com/bingbot.htm)" TCP_MISS:DIRECT
77.75.73.11 - - [28/Feb/2014:22:19:46 +0100] "GET http://www.autodily-cardo.cz/filtry-2/vzduchovy-filtr-mann-c25110-2-mf-c25110-2/ HTTP/1.1" 200 11530 "-" "Mozilla/5.0 (compatible; SeznamBot/3.2; +http://fulltext.sblog.cz/)" TCP_MISS:DIRECT
157.55.32.98 - - [28/Feb/2014:22:19:47 +0100] "GET http://www.autodily-cardo.cz/brzdovy-system/brzdovy-kotouc-trw-df4845-mitsubishi-outlander-03/? HTTP/1.1" 200 11955 "-" "Mozilla/5.0 (compatible; bingbot/2.0; +http://www.bing.com/bingbot.htm)" TCP_MISS:DIRECT
157.55.32.98 - - [28/Feb/2014:22:19:48 +0100] "GET http://www.autodily-cardo.cz/brzdovy-system/brzdovy-kotouc-trw-df2755-vw-polo/ HTTP/1.1" 200 11560 "-" "Mozilla/5.0 (compatible; bingbot/2.0; +http://www.bing.com/bingbot.htm)" TCP_MISS:DIRECT
77.75.73.11 - - [28/Feb/2014:22:19:49 +0100] "GET http://www.autodily-cardo.cz/podvozek/cep-kloub-lemforder-lmi-20227-02/ HTTP/1.1" 200 11384 "-" "Mozilla/5.0 (compatible; SeznamBot/3.2; +http://fulltext.sblog.cz/)" TCP_MISS:DIRECT
157.55.32.98 - - [28/Feb/2014:22:19:51 +0100] "GET http://www.autodily-cardo.cz/podvozek/tlumic-perovani-monroe-mov1062-mo-v1062-predni-nissan-urvan/? HTTP/1.1" 200 11566 "-" "Mozilla/5.0 (compatible; bingbot/2.0; +http://www.bing.com/bingbot.htm)" TCP_MISS:DIRECT
77.75.73.11 - - [28/Feb/2014:22:19:51 +0100] "GET http://www.autodily-cardo.cz/silentbloky/ulozeni-prevodovka-lemforder-lmi-25865-02/ HTTP/1.1" 200 11546 "-" "Mozilla/5.0 (compatible; SeznamBot/3.2; +http://fulltext.sblog.cz/)" TCP_MISS:DIRECT
193.164.219.2 - - [28/Feb/2014:22:19:51 +0100] "GET http://www.autodily-cardo.cz/clanky/prodejna/ HTTP/1.1" 200 62923 "http://www.autodily-cardo.cz/rozvody/rozvodove-sady/" "Mozilla/5.0 (Windows NT 5.1; rv:27.0) Gecko/20100101 Firefox/27.0" TCP_MISS:DIRECT
157.55.32.98 - - [28/Feb/2014:22:19:52 +0100] "GET http://www.autodily-cardo.cz/podvozek/tlumic-perovani-monroe-mod0007-mo-d0007-predni-honda-hr-v-99/ HTTP/1.1" 200 11325 "-" "Mozilla/5.0 (compatible; bingbot/2.0; +http://www.bing.com/bingbot.htm)" TCP_MISS:DIRECT
193.164.219.2 - - [28/Feb/2014:22:19:53 +0100] "GET http://www.autodily-cardo.cz/db/wysiwyg/Image/budova_autodily_cardo_most_.jpg HTTP/1.1" 200 29544 "http://www.autodily-cardo.cz/clanky/prodejna/" "Mozilla/5.0 (Windows NT 5.1; rv:27.0) Gecko/20100101 Firefox/27.0" TCP_MISS:DIRECT
193.164.219.2 - - [28/Feb/2014:22:19:53 +0100] "GET http://www.autodily-cardo.cz/db/wysiwyg/Image/cardo_expedice_prodejna_s(1).jpg HTTP/1.1" 200 44629 "http://www.autodily-cardo.cz/clanky/prodejna/" "Mozilla/5.0 (Windows NT 5.1; rv:27.0) Gecko/20100101 Firefox/27.0" TCP_MISS:DIRECT
66.249.64.84 - - [28/Feb/2014:22:19:53 +0100] "GET http://www.autodily-cardo.cz/svicky/kabely-a-koncovky/? HTTP/1.1" 200 12915 "-" "Mozilla/5.0 (compatible; Googlebot/2.1; +http://www.google.com/bot.html)" TCP_MISS:DIRECT
157.55.32.98 - - [28/Feb/2014:22:19:53 +0100] "GET http://www.autodily-cardo.cz/rozvody/tlumic-vibraci-napinak-ina-in-534029010/ HTTP/1.1" 200 11574 "-" "Mozilla/5.0 (compatible; bingbot/2.0; +http://www.bing.com/bingbot.htm)" TCP_MISS:DIRECT
176.107.123.11 - - [28/Feb/2014:22:19:55 +0100] "GET http://www.autodily-cardo.cz/nove/drazkovy-remen-bosch-bo-1987946200/ HTTP/1.1" 200 12869 "http://www.autodily-cardo.cz/rozvody/drazkove-remeny/" "Mozilla/5.0 (Windows NT 6.1; WOW64; Trident/7.0; rv:11.0) like Gecko" TCP_MISS:DIRECT
176.107.123.11 - - [28/Feb/2014:22:19:55 +0100] "GET http://www.autodily-cardo.cz/img/goods/default/noimage.gif HTTP/1.1" 200 721 "http://www.autodily-cardo.cz/nove/drazkovy-remen-bosch-bo-1987946200/" "Mozilla/5.0 (Windows NT 6.1; WOW64; Trident/7.0; rv:11.0) like Gecko" TCP_MISS:DIRECT
157.55.32.98 - - [28/Feb/2014:22:19:55 +0100] "GET http://www.autodily-cardo.cz/brzdovy-system/brzdovy-kotouc-brembo-09-9618-24/ HTTP/1.1" 200 12039 "-" "Mozilla/5.0 (compatible; bingbot/2.0; +http://www.bing.com/bingbot.htm)" TCP_MISS:DIRECT
