193.164.219.2 - - [28/Feb/2014:22:21:19 +0100] "GET http://www.autodily-cardo.cz/obrazky/57454/sada-rozvodoveho-remene-snr-kd459-30-small.jpg HTTP/1.1" 200 3282 "http://www.autodily-cardo.cz/rozvody/rozvodove-sady/" "Mozilla/5.0 (Windows NT 5.1; rv:27.0) Gecko/20100101 Firefox/27.0" TCP_MISS:DIRECT
193.164.219.2 - - [28/Feb/2014:22:21:19 +0100] "GET http://www.autodily-cardo.cz/obrazky/31922/sada-rozvodoveho-remene-ina-ina-530047010-citroen-small.jpg HTTP/1.1" 200 3928 "http://www.autodily-cardo.cz/rozvody/rozvodove-sady/" "Mozilla/5.0 (Windows NT 5.1; rv:27.0) Gecko/20100101 Firefox/27.0" TCP_MISS:DIRECT
193.164.219.2 - - [28/Feb/2014:22:21:19 +0100] "GET http://www.autodily-cardo.cz/obrazky/26139/castrol-edge-5w-30-fst-5l-stitek-castrol-mini.jpg HTTP/1.1" 200 2029 "http://www.autodily-cardo.cz/rozvody/rozvodove-sady/" "Mozilla/5.0 (Windows NT 5.1; rv:27.0) Gecko/20100101 Firefox/27.0" TCP_MISS:DIRECT
46.30.238.157 - - [28/Feb/2014:22:21:19 +0100] "GET http://www.autodily-cardo.cz/brzdovy-system/? HTTP/1.1" 200 13164 "http://www.autodily-cardo.cz/brzdovy-system/" "Mozilla/5.0 (Windows NT 6.1; WOW64; rv:27.0) Gecko/20100101 Firefox/27.0" TCP_MISS:DIRECT
77.75.73.11 - - [28/Feb/2014:22:21:21 +0100] "GET http://www.autodily-cardo.cz/podvozek/sada-lozisek-kol-snr-r141-00/ HTTP/1.1" 200 11344 "-" "Mozilla/5.0 (compatible; SeznamBot/3.2; +http://fulltext.sblog.cz/)" TCP_MISS:DIRECT
157.55.33.182 - - [28/Feb/2014:22:21:22 +0100] "GET http://www.autodily-cardo.cz/podvozek/tlumic-perovani-monroe-moe7078-mo-e7078-ford-mondeo-07/ HTTP/1.1" 200 12313 "-" "Mozilla/5.0 (compatible; bingbot/2.0; +http://www.bing.com/bingbot.htm)" TCP_MISS:DIRECT
46.30.238.157 - - [28/Feb/2014:22:21:30 +0100] "GET http://www.autodily-cardo.cz/brzdovy-system/sada-brzdovych-celisti-trw-gsk1733-superkit-fiat/ HTTP/1.1" 200 12551 "http://www.autodily-cardo.cz/brzdovy-system/?pageno=2" "Mozilla/5.0 (Windows NT 6.1; WOW64; rv:27.0) Gecko/20100101 Firefox/27.0" TCP_MISS:DIRECT
176.107.123.11 - - [28/Feb/2014:22:21:37 +0100] "GET http://www.autodily-cardo.cz/podvozek/sada-dorazu/ HTTP/1.1" 200 12726 "http://www.autodily-cardo.cz/podvozek/tlumic-perovani/" "Mozilla/5.0 (Windows NT 6.1; WOW64; Trident/7.0; rv:11.0) like Gecko" TCP_MISS:DIRECT
176.107.123.11 - - [28/Feb/2014:22:21:37 +0100] "GET http://www.autodily-cardo.cz/obrazky/53231/doraz-tlumice-lemforder-lmi-21112-01-audi-seat-skoda-vw-small.jpg HTTP/1.1" 200 2701 "http://www.autodily-cardo.cz/podvozek/sada-dorazu/" "Mozilla/5.0 (Windows NT 6.1; WOW64; Trident/7.0; rv:11.0) like Gecko" TCP_MISS:DIRECT
176.107.123.11 - - [28/Feb/2014:22:21:37 +0100] "GET http://www.autodily-cardo.cz/obrazky/61381/ochranna-sada-proti-prachu-tlumic-perovani-sachs-900-042-audi-seat-skoda-vw-small.jpg HTTP/1.1" 200 3675 "http://www.autodily-cardo.cz/podvozek/sada-dorazu/" "Mozilla/5.0 (Windows NT 6.1; WOW64; Trident/7.0; rv:11.0) like Gecko" TCP_MISS:DIRECT
176.107.123.11 - - [28/Feb/2014:22:21:37 +0100] "GET http://www.autodily-cardo.cz/obrazky/6512/sada-dorazu-monroe-mo-pk076-vw-skoda-small.jpg HTTP/1.1" 200 4124 "http://www.autodily-cardo.cz/podvozek/sada-dorazu/" "Mozilla/5.0 (Windows NT 6.1; WOW64; Trident/7.0; rv:11.0) like Gecko" TCP_MISS:DIRECT
176.107.123.11 - - [28/Feb/2014:22:21:37 +0100] "GET http://www.autodily-cardo.cz/obrazky/53235/doraz-tlumice-lemforder-lmi-22613-01-audi-seat-skoda-vw-small.jpg HTTP/1.1" 200 2421 "http://www.autodily-cardo.cz/podvozek/sada-dorazu/" "Mozilla/5.0 (Windows NT 6.1; WOW64; Trident/7.0; rv:11.0) like Gecko" TCP_MISS:DIRECT
176.107.123.11 - - [28/Feb/2014:22:21:37 +0100] "GET http://www.autodily-cardo.cz/obrazky/61399/ochranna-sada-proti-prachu-tlumic-perovani-sachs-900-064-audi-ford-mazda-seat-skoda-vw-small.jpg HTTP/1.1" 200 3825 "http://www.autodily-cardo.cz/podvozek/sada-dorazu/" "Mozilla/5.0 (Windows NT 6.1; WOW64; Trident/7.0; rv:11.0) like Gecko" TCP_MISS:DIRECT
176.107.123.11 - - [28/Feb/2014:22:21:37 +0100] "GET http://www.autodily-cardo.cz/obrazky/6514/sada-dorazu-monroe-mo-pk078-zadni-skoda-octavia-f-iv-vw-bora-seat-leon-small.jpg HTTP/1.1" 200 3689 "http://www.autodily-cardo.cz/podvozek/sada-dorazu/" "Mozilla/5.0 (Windows NT 6.1; WOW64; Trident/7.0; rv:11.0) like Gecko" TCP_MISS:DIRECT
176.107.123.11 - - [28/Feb/2014:22:21:37 +0100] "GET http://www.autodily-cardo.cz/obrazky/61253/zarazka-odpruzeni-doraz-febi-fb-18402-audi-vw-small.jpg HTTP/1.1" 200 3229 "http://www.autodily-cardo.cz/podvozek/sada-dorazu/" "Mozilla/5.0 (Windows NT 6.1; WOW64; Trident/7.0; rv:11.0) like Gecko" TCP_MISS:DIRECT
176.107.123.11 - - [28/Feb/2014:22:21:37 +0100] "GET http://www.autodily-cardo.cz/obrazky/52754/zarazka-odpruzeni-doraz-febi-fb-26620-audi-seat-skoda-vw-small.jpg HTTP/1.1" 200 2882 "http://www.autodily-cardo.cz/podvozek/sada-dorazu/" "Mozilla/5.0 (Windows NT 6.1; WOW64; Trident/7.0; rv:11.0) like Gecko" TCP_MISS:DIRECT
176.107.123.11 - - [28/Feb/2014:22:21:37 +0100] "GET http://www.autodily-cardo.cz/obrazky/26139/castrol-edge-5w-30-fst-5l-stitek-castrol-mini.jpg HTTP/1.1" 200 2029 "http://www.autodily-cardo.cz/podvozek/sada-dorazu/" "Mozilla/5.0 (Windows NT 6.1; WOW64; Trident/7.0; rv:11.0) like Gecko" TCP_MISS:DIRECT
77.75.73.11 - - [28/Feb/2014:22:21:38 +0100] "GET http://www.autodily-cardo.cz/brzdovy-system/sada-brzdovych-desticek-brembo-p56027/ HTTP/1.1" 200 11560 "-" "Mozilla/5.0 (compatible; SeznamBot/3.2; +http://fulltext.sblog.cz/)" TCP_MISS:DIRECT
77.75.77.31 - - [28/Feb/2014:22:21:38 +0100] "GET http://www.autodily-cardo.cz/robots.txt HTTP/1.1" 200 525 "-" "Mozilla/5.0 (compatible; SeznamBot/3.2; +http://fulltext.sblog.cz/)" TCP_MISS:DIRECT
77.75.77.31 - - [28/Feb/2014:22:21:39 +0100] "GET http://www.autodily-cardo.cz/db/xml/rss.xml HTTP/1.1" 200 8439 "-" "Mozilla/5.0 (compatible; SeznamBot/3.2; +http://fulltext.sblog.cz/)" TCP_MISS:DIRECT
77.75.73.11 - - [28/Feb/2014:22:21:40 +0100] "GET http://www.autodily-cardo.cz/svicky/zapalovaci-svicka-denso-ix24/? HTTP/1.1" 200 11702 "-" "Mozilla/5.0 (compatible; SeznamBot/3.2; +http://fulltext.sblog.cz/)" TCP_MISS:DIRECT
193.164.219.2 - - [28/Feb/2014:22:21:40 +0100] "GET http://www.autodily-cardo.cz/podvozek/ HTTP/1.1" 200 96444 "http://www.autodily-cardo.cz/rozvody/rozvodove-sady/" "Mozilla/5.0 (Windows NT 5.1; rv:27.0) Gecko/20100101 Firefox/27.0" TCP_MISS:DIRECT
193.164.219.2 - - [28/Feb/2014:22:21:40 +0100] "GET http://www.autodily-cardo.cz/obrazky/46558/axialni-kloub-pricne-tahlo-rizeni-trw-jar648-citroen-berlingo-02-small.jpg HTTP/1.1" 200 1854 "http://www.autodily-cardo.cz/podvozek/" "Mozilla/5.0 (Windows NT 5.1; rv:27.0) Gecko/20100101 Firefox/27.0" TCP_MISS:DIRECT
193.164.219.2 - - [28/Feb/2014:22:21:40 +0100] "GET http://www.autodily-cardo.cz/obrazky/36609/cep-rizeni-febi-fb-09317-citroen-peugeot-small.jpg HTTP/1.1" 200 3774 "http://www.autodily-cardo.cz/podvozek/" "Mozilla/5.0 (Windows NT 5.1; rv:27.0) Gecko/20100101 Firefox/27.0" TCP_MISS:DIRECT
193.164.219.2 - - [28/Feb/2014:22:21:40 +0100] "GET http://www.autodily-cardo.cz/obrazky/52887/cep-rizeni-lemforder-lmi-12070-04-citroen-peugeot-small.jpg HTTP/1.1" 200 2973 "http://www.autodily-cardo.cz/podvozek/" "Mozilla/5.0 (Windows NT 5.1; rv:27.0) Gecko/20100101 Firefox/27.0" TCP_MISS:DIRECT
193.164.219.2 - - [28/Feb/2014:22:21:41 +0100] "GET http://www.autodily-cardo.cz/obrazky/64172/hlava-pricneho-tahla-rizeni-monroe-l2820-small.jpg HTTP/1.1" 200 3295 "http://www.autodily-cardo.cz/podvozek/" "Mozilla/5.0 (Windows NT 5.1; rv:27.0) Gecko/20100101 Firefox/27.0" TCP_MISS:DIRECT
193.164.219.2 - - [28/Feb/2014:22:21:41 +0100] "GET http://www.autodily-cardo.cz/obrazky/48393/hlava-pricneho-tahla-rizeni-trw-jte161-renault-berlingo-peugeot-xsara-partner-small.jpg HTTP/1.1" 200 3207 "http://www.autodily-cardo.cz/podvozek/" "Mozilla/5.0 (Windows NT 5.1; rv:27.0) Gecko/20100101 Firefox/27.0" TCP_MISS:DIRECT
193.164.219.2 - - [28/Feb/2014:22:21:41 +0100] "GET http://www.autodily-cardo.cz/obrazky/5093/horni-ulozeni-tlumice-monroe-momk097-mo-mk097-citroen-small.jpg HTTP/1.1" 200 3232 "http://www.autodily-cardo.cz/podvozek/" "Mozilla/5.0 (Windows NT 5.1; rv:27.0) Gecko/20100101 Firefox/27.0" TCP_MISS:DIRECT
193.164.219.2 - - [28/Feb/2014:22:21:41 +0100] "GET http://www.autodily-cardo.cz/obrazky/5010/horni-ulozeni-tlumice-monroe-momk001-mo-mk001-renault-small.jpg HTTP/1.1" 200 3898 "http://www.autodily-cardo.cz/podvozek/" "Mozilla/5.0 (Windows NT 5.1; rv:27.0) Gecko/20100101 Firefox/27.0" TCP_MISS:DIRECT
193.164.219.2 - - [28/Feb/2014:22:21:41 +0100] "GET http://www.autodily-cardo.cz/obrazky/39770/lozisko-horniho-ulozeni-predniho-tlumice-febi-fb-10091-citroen-peugeot-small.jpg HTTP/1.1" 200 3256 "http://www.autodily-cardo.cz/podvozek/" "Mozilla/5.0 (Windows NT 5.1; rv:27.0) Gecko/20100101 Firefox/27.0" TCP_MISS:DIRECT
193.164.219.2 - - [28/Feb/2014:22:21:41 +0100] "GET http://www.autodily-cardo.cz/obrazky/53357/lozisko-pruzne-vzpery-lemforder-lmi-14786-01-citroen-peugeot-small.jpg HTTP/1.1" 200 2984 "http://www.autodily-cardo.cz/podvozek/" "Mozilla/5.0 (Windows NT 5.1; rv:27.0) Gecko/20100101 Firefox/27.0" TCP_MISS:DIRECT
193.164.219.2 - - [28/Feb/2014:22:21:41 +0100] "GET http://www.autodily-cardo.cz/obrazky/32243/lozisko-kola-skf-vkba915-small.jpg HTTP/1.1" 200 4082 "http://www.autodily-cardo.cz/podvozek/" "Mozilla/5.0 (Windows NT 5.1; rv:27.0) Gecko/20100101 Firefox/27.0" TCP_MISS:DIRECT
193.164.219.2 - - [28/Feb/2014:22:21:41 +0100] "GET http://www.autodily-cardo.cz/obrazky/53356/lozisko-pruzne-vzpery-lemforder-lmi-14775-01-citroen-small.jpg HTTP/1.1" 200 2733 "http://www.autodily-cardo.cz/podvozek/" "Mozilla/5.0 (Windows NT 5.1; rv:27.0) Gecko/20100101 Firefox/27.0" TCP_MISS:DIRECT
193.164.219.2 - - [28/Feb/2014:22:21:41 +0100] "GET http://www.autodily-cardo.cz/obrazky/53456/lozisko-pruzne-vzpery-lemforder-lmi-31420-01-citroen-hyundai-peugeot-small.jpg HTTP/1.1" 200 3468 "http://www.autodily-cardo.cz/podvozek/" "Mozilla/5.0 (Windows NT 5.1; rv:27.0) Gecko/20100101 Firefox/27.0" TCP_MISS:DIRECT
193.164.219.2 - - [28/Feb/2014:22:21:41 +0100] "GET http://www.autodily-cardo.cz/obrazky/56852/lozisko-pruzne-vzpery-snr-m259-01-small.jpg HTTP/1.1" 200 3458 "http://www.autodily-cardo.cz/podvozek/" "Mozilla/5.0 (Windows NT 5.1; rv:27.0) Gecko/20100101 Firefox/27.0" TCP_MISS:DIRECT
193.164.219.2 - - [28/Feb/2014:22:21:41 +0100] "GET http://www.autodily-cardo.cz/obrazky/37091/lozisko-vrchniho-ulozeni-febi-fb-10549-citroen-peugeot-small.jpg HTTP/1.1" 200 3235 "http://www.autodily-cardo.cz/podvozek/" "Mozilla/5.0 (Windows NT 5.1; rv:27.0) Gecko/20100101 Firefox/27.0" TCP_MISS:DIRECT
193.164.219.2 - - [28/Feb/2014:22:21:41 +0100] "GET http://www.autodily-cardo.cz/obrazky/37094/lozisko-vrchniho-ulozeni-febi-fb-10732-citroen-peugeot-small.jpg HTTP/1.1" 200 3098 "http://www.autodily-cardo.cz/podvozek/" "Mozilla/5.0 (Windows NT 5.1; rv:27.0) Gecko/20100101 Firefox/27.0" TCP_MISS:DIRECT
193.164.219.2 - - [28/Feb/2014:22:21:41 +0100] "GET http://www.autodily-cardo.cz/obrazky/37181/lozisko-vrchniho-ulozeni-febi-fb-17801-citroen-small.jpg HTTP/1.1" 200 3235 "http://www.autodily-cardo.cz/podvozek/" "Mozilla/5.0 (Windows NT 5.1; rv:27.0) Gecko/20100101 Firefox/27.0" TCP_MISS:DIRECT
193.164.219.2 - - [28/Feb/2014:22:21:41 +0100] "GET http://www.autodily-cardo.cz/obrazky/37182/lozisko-vrchniho-ulozeni-febi-fb-17803-citroen-small.jpg HTTP/1.1" 200 3369 "http://www.autodily-cardo.cz/podvozek/" "Mozilla/5.0 (Windows NT 5.1; rv:27.0) Gecko/20100101 Firefox/27.0" TCP_MISS:DIRECT
193.164.219.2 - - [28/Feb/2014:22:21:41 +0100] "GET http://www.autodily-cardo.cz/obrazky/37217/lozisko-vrchniho-ulozeni-febi-fb-22127-citroen-peugeot-small.jpg HTTP/1.1" 200 3448 "http://www.autodily-cardo.cz/podvozek/" "Mozilla/5.0 (Windows NT 5.1; rv:27.0) Gecko/20100101 Firefox/27.0" TCP_MISS:DIRECT
193.164.219.2 - - [28/Feb/2014:22:21:41 +0100] "GET http://www.autodily-cardo.cz/obrazky/37218/lozisko-vrchniho-ulozeni-febi-fb-22130-citroen-peugeot-small.jpg HTTP/1.1" 200 3307 "http://www.autodily-cardo.cz/podvozek/" "Mozilla/5.0 (Windows NT 5.1; rv:27.0) Gecko/20100101 Firefox/27.0" TCP_MISS:DIRECT
193.164.219.2 - - [28/Feb/2014:22:21:41 +0100] "GET http://www.autodily-cardo.cz/obrazky/37347/manzeta-rizeni-febi-fb-18042-citroen-peugeot-small.jpg HTTP/1.1" 200 3440 "http://www.autodily-cardo.cz/podvozek/" "Mozilla/5.0 (Windows NT 5.1; rv:27.0) Gecko/20100101 Firefox/27.0" TCP_MISS:DIRECT
66.249.64.84 - - [28/Feb/2014:22:21:44 +0100] "GET http://www.autodily-cardo.cz/filtry-2/? HTTP/1.1" 200 13516 "-" "Mozilla/5.0 (compatible; Googlebot/2.1; +http://www.google.com/bot.html)" TCP_MISS:DIRECT
77.75.73.11 - - [28/Feb/2014:22:21:46 +0100] "GET http://www.autodily-cardo.cz/filtry-2/olejovy-filtr-mann-w1168-mf-w1168/ HTTP/1.1" 200 11281 "-" "Mozilla/5.0 (compatible; SeznamBot/3.2; +http://fulltext.sblog.cz/)" TCP_MISS:DIRECT
77.75.73.11 - - [28/Feb/2014:22:21:48 +0100] "GET http://www.autodily-cardo.cz/rozvody/vodni-pumpa-graf-gr-pa916/ HTTP/1.1" 200 11065 "-" "Mozilla/5.0 (compatible; SeznamBot/3.2; +http://fulltext.sblog.cz/)" TCP_MISS:DIRECT
77.75.73.11 - - [28/Feb/2014:22:21:50 +0100] "GET http://www.autodily-cardo.cz/podvozek/tlumic-perovani-sachs-312-264/? HTTP/1.1" 200 11661 "-" "Mozilla/5.0 (compatible; SeznamBot/3.2; +http://fulltext.sblog.cz/)" TCP_MISS:DIRECT
46.30.238.157 - - [28/Feb/2014:22:21:53 +0100] "GET http://www.autodily-cardo.cz/brzdovy-system/? HTTP/1.1" 200 13164 "http://www.autodily-cardo.cz/brzdovy-system/" "Mozilla/5.0 (Windows NT 6.1; WOW64; rv:27.0) Gecko/20100101 Firefox/27.0" TCP_MISS:DIRECT
77.75.73.11 - - [28/Feb/2014:22:21:54 +0100] "GET http://www.autodily-cardo.cz/rozvody/vodni-pumpa-graf-gr-pa023-iveco-615/ HTTP/1.1" 200 10988 "-" "Mozilla/5.0 (compatible; SeznamBot/3.2; +http://fulltext.sblog.cz/)" TCP_MISS:DIRECT
77.75.73.11 - - [28/Feb/2014:22:21:59 +0100] "GET http://www.autodily-cardo.cz/rozvody/vodni-pumpa-graf-gr-pa1090-audi-a3-ii-05/ HTTP/1.1" 200 11390 "-" "Mozilla/5.0 (compatible; SeznamBot/3.2; +http://fulltext.sblog.cz/)" TCP_MISS:DIRECT
66.249.64.79 - - [28/Feb/2014:22:22:02 +0100] "GET http://www.autodily-cardo.cz/filtry-2/? HTTP/1.1" 200 13537 "-" "Mozilla/5.0 (compatible; Googlebot/2.1; +http://www.google.com/bot.html)" TCP_MISS:DIRECT
46.30.238.157 - - [28/Feb/2014:22:22:04 +0100] "GET http://www.autodily-cardo.cz/brzdovy-system/sada-brzdovych-celisti-trw-gsk1734-superkit-fiat-l-ancia/ HTTP/1.1" 200 12552 "http://www.autodily-cardo.cz/brzdovy-system/?pageno=2" "Mozilla/5.0 (Windows NT 6.1; WOW64; rv:27.0) Gecko/20100101 Firefox/27.0" TCP_MISS:DIRECT
80.243.100.36 - - [28/Feb/2014:22:22:04 +0100] "GET http://www.autodily-cardo.cz/nove/sada-brzdovych-celisti-ate-eq0012-vcetne-prislusenstvi/ HTTP/1.1" 200 13673 "http://www.autodily-cardo.cz/brzdovy-system/?producer=30" "Mozilla/5.0 (Windows NT 5.1; rv:27.0) Gecko/20100101 Firefox/27.0" TCP_MISS:DIRECT
66.249.64.84 - - [28/Feb/2014:22:22:04 +0100] "GET http://www.autodily-cardo.cz/registrace/ HTTP/1.1" 200 10979 "-" "Mozilla/5.0 (iPhone; CPU iPhone OS 6_0 like Mac OS X) AppleWebKit/536.26 (KHTML, like Gecko) Version/6.0 Mobile/10A5376e Safari/8536.25 (compatible; Googlebot/2.1; +http://www.google.com/bot.html)" TCP_MISS:DIRECT
80.243.100.36 - - [28/Feb/2014:22:22:05 +0100] "GET http://www.autodily-cardo.cz/img/goods/default/noimage.gif HTTP/1.1" 200 721 "http://www.autodily-cardo.cz/nove/sada-brzdovych-celisti-ate-eq0012-vcetne-prislusenstvi/" "Mozilla/5.0 (Windows NT 5.1; rv:27.0) Gecko/20100101 Firefox/27.0" TCP_MISS:DIRECT
80.243.100.36 - - [28/Feb/2014:22:22:05 +0100] "GET http://www.autodily-cardo.cz/obrazky/26139/castrol-edge-5w-30-fst-5l-stitek-castrol-mini.jpg HTTP/1.1" 200 2029 "http://www.autodily-cardo.cz/nove/sada-brzdovych-celisti-ate-eq0012-vcetne-prislusenstvi/" "Mozilla/5.0 (Windows NT 5.1; rv:27.0) Gecko/20100101 Firefox/27.0" TCP_MISS:DIRECT
66.249.64.79 - - [28/Feb/2014:22:22:05 +0100] "GET http://www.autodily-cardo.cz/obrazky/48939/sada-brzdovych-desticek-trw-mcb520-yamaha-original.jpg HTTP/1.1" 200 6910 "-" "Googlebot-Image/1.0" TCP_MISS:DIRECT
77.75.73.11 - - [28/Feb/2014:22:22:05 +0100] "GET http://www.autodily-cardo.cz/rozvody/klinovy-remen-dayco-dy-13a1880hd/ HTTP/1.1" 200 11046 "-" "Mozilla/5.0 (compatible; SeznamBot/3.2; +http://fulltext.sblog.cz/)" TCP_MISS:DIRECT
80.243.100.36 - - [28/Feb/2014:22:22:05 +0100] "POST http://www.autodily-cardo.cz/ajax.php? HTTP/1.1" 200 530 "http://www.autodily-cardo.cz/nove/sada-brzdovych-celisti-ate-eq0012-vcetne-prislusenstvi/" "Mozilla/5.0 (Windows NT 5.1; rv:27.0) Gecko/20100101 Firefox/27.0" TCP_MISS:DIRECT
77.75.73.11 - - [28/Feb/2014:22:22:08 +0100] "GET http://www.autodily-cardo.cz/rozvody/vodni-pumpa-graf-gr-pa085-volvo-140-66/ HTTP/1.1" 200 11420 "-" "Mozilla/5.0 (compatible; SeznamBot/3.2; +http://fulltext.sblog.cz/)" TCP_MISS:DIRECT
77.75.73.11 - - [28/Feb/2014:22:22:11 +0100] "GET http://www.autodily-cardo.cz/lambda-sondy/lambda-sonda-ngk-oza112-a1/ HTTP/1.1" 200 11529 "-" "Mozilla/5.0 (compatible; SeznamBot/3.2; +http://fulltext.sblog.cz/)" TCP_MISS:DIRECT
88.100.8.210 - - [28/Feb/2014:22:22:11 +0100] "GET http://www.autodily-cardo.cz/podvozek/sada-lozisek-kol/ HTTP/1.1" 200 13043 "-" "Mozilla/5.0 (Windows NT 6.1; WOW64) AppleWebKit/537.36 (KHTML, like Gecko) Chrome/33.0.1750.117 Safari/537.36" TCP_MISS:DIRECT
88.100.8.210 - - [28/Feb/2014:22:22:11 +0100] "GET http://www.autodily-cardo.cz/obrazky/31760/ford-formula-f-5w-30-5l-mini.jpg HTTP/1.1" 200 1903 "http://www.autodily-cardo.cz/podvozek/sada-lozisek-kol/" "Mozilla/5.0 (Windows NT 6.1; WOW64) AppleWebKit/537.36 (KHTML, like Gecko) Chrome/33.0.1750.117 Safari/537.36" TCP_MISS:DIRECT
88.100.8.210 - - [28/Feb/2014:22:22:11 +0100] "GET http://www.autodily-cardo.cz/obrazky/66290/palivovy-filtr-purflux-ep196-mini.jpg HTTP/1.1" 200 1902 "http://www.autodily-cardo.cz/podvozek/sada-lozisek-kol/" "Mozilla/5.0 (Windows NT 6.1; WOW64) AppleWebKit/537.36 (KHTML, like Gecko) Chrome/33.0.1750.117 Safari/537.36" TCP_MISS:DIRECT
88.100.8.210 - - [28/Feb/2014:22:22:11 +0100] "GET http://www.autodily-cardo.cz/obrazky/66289/vzduchovy-filtr-purflux-a591-mini.jpg HTTP/1.1" 200 2230 "http://www.autodily-cardo.cz/podvozek/sada-lozisek-kol/" "Mozilla/5.0 (Windows NT 6.1; WOW64) AppleWebKit/537.36 (KHTML, like Gecko) Chrome/33.0.1750.117 Safari/537.36" TCP_MISS:DIRECT
88.100.8.210 - - [28/Feb/2014:22:22:11 +0100] "GET http://www.autodily-cardo.cz/img/goods/mini/noimage.gif HTTP/1.1" 200 534 "http://www.autodily-cardo.cz/podvozek/sada-lozisek-kol/" "Mozilla/5.0 (Windows NT 6.1; WOW64) AppleWebKit/537.36 (KHTML, like Gecko) Chrome/33.0.1750.117 Safari/537.36" TCP_MISS:DIRECT
193.164.219.2 - - [28/Feb/2014:22:22:11 +0100] "GET http://www.autodily-cardo.cz/spojka/ HTTP/1.1" 200 83991 "http://www.autodily-cardo.cz/podvozek/" "Mozilla/5.0 (Windows NT 5.1; rv:27.0) Gecko/20100101 Firefox/27.0" TCP_MISS:DIRECT
193.164.219.2 - - [28/Feb/2014:22:22:12 +0100] "GET http://www.autodily-cardo.cz/obrazky/49974/spojkova-sada-sachs-sa-3000950026-citroen-peugeot-small.jpg HTTP/1.1" 200 3277 "http://www.autodily-cardo.cz/spojka/" "Mozilla/5.0 (Windows NT 5.1; rv:27.0) Gecko/20100101 Firefox/27.0" TCP_MISS:DIRECT
193.164.219.2 - - [28/Feb/2014:22:22:12 +0100] "GET http://www.autodily-cardo.cz/obrazky/49645/spojkova-lamela-sachs-sa-1878004161-citroen-peugeot-small.jpg HTTP/1.1" 200 4330 "http://www.autodily-cardo.cz/spojka/" "Mozilla/5.0 (Windows NT 5.1; rv:27.0) Gecko/20100101 Firefox/27.0" TCP_MISS:DIRECT
193.164.219.2 - - [28/Feb/2014:22:22:12 +0100] "GET http://www.autodily-cardo.cz/obrazky/490/spojkova-sada-luk-lk-623304300-luk623304300-citroen-peugeot-small.jpg HTTP/1.1" 200 4118 "http://www.autodily-cardo.cz/spojka/" "Mozilla/5.0 (Windows NT 5.1; rv:27.0) Gecko/20100101 Firefox/27.0" TCP_MISS:DIRECT
193.164.219.2 - - [28/Feb/2014:22:22:12 +0100] "GET http://www.autodily-cardo.cz/obrazky/467/spojkova-sada-luk-lk-623307600-luk623307600-citroen-peugeot-small.jpg HTTP/1.1" 200 4118 "http://www.autodily-cardo.cz/spojka/" "Mozilla/5.0 (Windows NT 5.1; rv:27.0) Gecko/20100101 Firefox/27.0" TCP_MISS:DIRECT
193.164.219.2 - - [28/Feb/2014:22:22:12 +0100] "GET http://www.autodily-cardo.cz/obrazky/49967/spojkova-sada-sachs-sa-3000950009-citroen-fiat-peugeot-small.jpg HTTP/1.1" 200 3277 "http://www.autodily-cardo.cz/spojka/" "Mozilla/5.0 (Windows NT 5.1; rv:27.0) Gecko/20100101 Firefox/27.0" TCP_MISS:DIRECT
193.164.219.2 - - [28/Feb/2014:22:22:12 +0100] "GET http://www.autodily-cardo.cz/obrazky/51838/spojkova-sada-valeo-sp-826033-citroen-fiat-peugeot-small.jpg HTTP/1.1" 200 5835 "http://www.autodily-cardo.cz/spojka/" "Mozilla/5.0 (Windows NT 5.1; rv:27.0) Gecko/20100101 Firefox/27.0" TCP_MISS:DIRECT
193.164.219.2 - - [28/Feb/2014:22:22:12 +0100] "GET http://www.autodily-cardo.cz/obrazky/51862/spojkova-sada-valeo-sp-826201-citroen-peugeot-small.jpg HTTP/1.1" 200 5685 "http://www.autodily-cardo.cz/spojka/" "Mozilla/5.0 (Windows NT 5.1; rv:27.0) Gecko/20100101 Firefox/27.0" TCP_MISS:DIRECT
193.164.219.2 - - [28/Feb/2014:22:22:12 +0100] "GET http://www.autodily-cardo.cz/obrazky/30244/spojkove-lozisko-luk-lk-500074210-citroen-peugeot-small.jpg HTTP/1.1" 200 4086 "http://www.autodily-cardo.cz/spojka/" "Mozilla/5.0 (Windows NT 5.1; rv:27.0) Gecko/20100101 Firefox/27.0" TCP_MISS:DIRECT
193.164.219.2 - - [28/Feb/2014:22:22:12 +0100] "GET http://www.autodily-cardo.cz/obrazky/30259/spojkove-lozisko-luk-lk-500092411-citroen-peugeot-small.jpg HTTP/1.1" 200 4086 "http://www.autodily-cardo.cz/spojka/" "Mozilla/5.0 (Windows NT 5.1; rv:27.0) Gecko/20100101 Firefox/27.0" TCP_MISS:DIRECT
193.164.219.2 - - [28/Feb/2014:22:22:12 +0100] "GET http://www.autodily-cardo.cz/obrazky/50466/spojkove-lozisko-sachs-sa-3151994301-citroen-peugeot-small.jpg HTTP/1.1" 200 4158 "http://www.autodily-cardo.cz/spojka/" "Mozilla/5.0 (Windows NT 5.1; rv:27.0) Gecko/20100101 Firefox/27.0" TCP_MISS:DIRECT
193.164.219.2 - - [28/Feb/2014:22:22:12 +0100] "GET http://www.autodily-cardo.cz/obrazky/50575/tazne-lanko-ovladani-spojky-sachs-sa-3074600250-citroen-peugeot-small.jpg HTTP/1.1" 200 2487 "http://www.autodily-cardo.cz/spojka/" "Mozilla/5.0 (Windows NT 5.1; rv:27.0) Gecko/20100101 Firefox/27.0" TCP_MISS:DIRECT
193.164.219.2 - - [28/Feb/2014:22:22:12 +0100] "GET http://www.autodily-cardo.cz/obrazky/50574/tazne-lanko-ovladani-spojky-sachs-sa-3074600247-citroen-peugeot-small.jpg HTTP/1.1" 200 2445 "http://www.autodily-cardo.cz/spojka/" "Mozilla/5.0 (Windows NT 5.1; rv:27.0) Gecko/20100101 Firefox/27.0" TCP_MISS:DIRECT
88.100.8.210 - - [28/Feb/2014:22:22:12 +0100] "GET http://www.autodily-cardo.cz/favicon.ico HTTP/1.1" 404 10019 "-" "Mozilla/5.0 (Windows NT 6.1; WOW64) AppleWebKit/537.36 (KHTML, like Gecko) Chrome/33.0.1750.117 Safari/537.36" TCP_MISS:DIRECT
77.75.73.11 - - [28/Feb/2014:22:22:19 +0100] "GET http://www.autodily-cardo.cz/nove/brzdovy-trmen-prava-zadni-naprava-trw-bhn165/ HTTP/1.1" 200 11478 "-" "Mozilla/5.0 (compatible; SeznamBot/3.2; +http://fulltext.sblog.cz/)" TCP_MISS:DIRECT
88.100.8.210 - - [28/Feb/2014:22:22:19 +0100] "POST http://www.autodily-cardo.cz/ajax.php? HTTP/1.1" 200 2049 "http://www.autodily-cardo.cz/podvozek/sada-lozisek-kol/" "Mozilla/5.0 (Windows NT 6.1; WOW64) AppleWebKit/537.36 (KHTML, like Gecko) Chrome/33.0.1750.117 Safari/537.36" TCP_MISS:DIRECT
193.164.219.2 - - [28/Feb/2014:22:22:21 +0100] "GET http://www.autodily-cardo.cz/spojka/spojkova-sada/ HTTP/1.1" 200 76080 "http://www.autodily-cardo.cz/spojka/" "Mozilla/5.0 (Windows NT 5.1; rv:27.0) Gecko/20100101 Firefox/27.0" TCP_MISS:DIRECT
88.100.8.210 - - [28/Feb/2014:22:22:22 +0100] "POST http://www.autodily-cardo.cz/ajax.php? HTTP/1.1" 200 1745 "http://www.autodily-cardo.cz/podvozek/sada-lozisek-kol/" "Mozilla/5.0 (Windows NT 6.1; WOW64) AppleWebKit/537.36 (KHTML, like Gecko) Chrome/33.0.1750.117 Safari/537.36" TCP_MISS:DIRECT
77.75.73.11 - - [28/Feb/2014:22:22:23 +0100] "GET http://www.autodily-cardo.cz/rozvody/drazkovy-remen-gates-gt-6pk1915/ HTTP/1.1" 200 11259 "-" "Mozilla/5.0 (compatible; SeznamBot/3.2; +http://fulltext.sblog.cz/)" TCP_MISS:DIRECT
80.243.100.36 - - [28/Feb/2014:22:22:23 +0100] "GET http://www.autodily-cardo.cz/brzdovy-system/? HTTP/1.1" 200 12685 "http://www.autodily-cardo.cz/brzdovy-system/" "Mozilla/5.0 (Windows NT 5.1; rv:27.0) Gecko/20100101 Firefox/27.0" TCP_MISS:DIRECT
176.107.123.11 - - [28/Feb/2014:22:22:24 +0100] "GET http://www.autodily-cardo.cz/podvozek/horni-ulozeni-tlumice/ HTTP/1.1" 200 12780 "http://www.autodily-cardo.cz/podvozek/sada-dorazu/" "Mozilla/5.0 (Windows NT 6.1; WOW64; Trident/7.0; rv:11.0) like Gecko" TCP_MISS:DIRECT
176.107.123.11 - - [28/Feb/2014:22:22:24 +0100] "GET http://www.autodily-cardo.cz/obrazky/5077/horni-ulozeni-tlumice-monroe-momk077-mo-mk077-audi-skoda-small.jpg HTTP/1.1" 200 3876 "http://www.autodily-cardo.cz/podvozek/horni-ulozeni-tlumice/" "Mozilla/5.0 (Windows NT 6.1; WOW64; Trident/7.0; rv:11.0) like Gecko" TCP_MISS:DIRECT
176.107.123.11 - - [28/Feb/2014:22:22:24 +0100] "GET http://www.autodily-cardo.cz/obrazky/37065/lozisko-vrchniho-ulozeni-febi-fb-09227-audi-seat-skoda-vw-small.jpg HTTP/1.1" 200 3473 "http://www.autodily-cardo.cz/podvozek/horni-ulozeni-tlumice/" "Mozilla/5.0 (Windows NT 6.1; WOW64; Trident/7.0; rv:11.0) like Gecko" TCP_MISS:DIRECT
176.107.123.11 - - [28/Feb/2014:22:22:24 +0100] "GET http://www.autodily-cardo.cz/obrazky/39760/lozisko-horniho-ulozeni-predniho-tlumice-febi-fb-01111-audi-seat-skoda-vw-small.jpg HTTP/1.1" 200 3118 "http://www.autodily-cardo.cz/podvozek/horni-ulozeni-tlumice/" "Mozilla/5.0 (Windows NT 6.1; WOW64; Trident/7.0; rv:11.0) like Gecko" TCP_MISS:DIRECT
176.107.123.11 - - [28/Feb/2014:22:22:24 +0100] "GET http://www.autodily-cardo.cz/obrazky/62531/horni-ulozeni-tlumice-lemforder-lmi-25346-01-small.jpg HTTP/1.1" 200 3994 "http://www.autodily-cardo.cz/podvozek/horni-ulozeni-tlumice/" "Mozilla/5.0 (Windows NT 6.1; WOW64; Trident/7.0; rv:11.0) like Gecko" TCP_MISS:DIRECT
176.107.123.11 - - [28/Feb/2014:22:22:24 +0100] "GET http://www.autodily-cardo.cz/obrazky/5111/horni-ulozeni-tlumice-monroe-momk118-mo-mk118-zadni-vw-golf-iv-small.jpg HTTP/1.1" 200 4294 "http://www.autodily-cardo.cz/podvozek/horni-ulozeni-tlumice/" "Mozilla/5.0 (Windows NT 6.1; WOW64; Trident/7.0; rv:11.0) like Gecko" TCP_MISS:DIRECT
176.107.123.11 - - [28/Feb/2014:22:22:24 +0100] "GET http://www.autodily-cardo.cz/obrazky/37096/lozisko-vrchniho-ulozeni-febi-fb-10819-audi-seat-skoda-vw-small.jpg HTTP/1.1" 200 3491 "http://www.autodily-cardo.cz/podvozek/horni-ulozeni-tlumice/" "Mozilla/5.0 (Windows NT 6.1; WOW64; Trident/7.0; rv:11.0) like Gecko" TCP_MISS:DIRECT
176.107.123.11 - - [28/Feb/2014:22:22:24 +0100] "GET http://www.autodily-cardo.cz/obrazky/62438/opravna-sada-horni-ulozeni-tlumicu-sachs-802-270-audi-seat-skoda-vw-small.jpg HTTP/1.1" 200 3561 "http://www.autodily-cardo.cz/podvozek/horni-ulozeni-tlumice/" "Mozilla/5.0 (Windows NT 6.1; WOW64; Trident/7.0; rv:11.0) like Gecko" TCP_MISS:DIRECT
176.107.123.11 - - [28/Feb/2014:22:22:24 +0100] "GET http://www.autodily-cardo.cz/obrazky/56146/opravna-sada-horni-ulozeni-tlumicu-snr-kb657-08-small.jpg HTTP/1.1" 200 3497 "http://www.autodily-cardo.cz/podvozek/horni-ulozeni-tlumice/" "Mozilla/5.0 (Windows NT 6.1; WOW64; Trident/7.0; rv:11.0) like Gecko" TCP_MISS:DIRECT
176.107.123.11 - - [28/Feb/2014:22:22:24 +0100] "GET http://www.autodily-cardo.cz/obrazky/56043/opravna-sada-horni-ulozeni-tlumicu-snr-kb957-04-small.jpg HTTP/1.1" 200 3433 "http://www.autodily-cardo.cz/podvozek/horni-ulozeni-tlumice/" "Mozilla/5.0 (Windows NT 6.1; WOW64; Trident/7.0; rv:11.0) like Gecko" TCP_MISS:DIRECT
77.75.73.11 - - [28/Feb/2014:22:22:26 +0100] "GET http://www.autodily-cardo.cz/nove/vzduchovy-filtr-purflux-a1093/ HTTP/1.1" 200 11215 "-" "Mozilla/5.0 (compatible; SeznamBot/3.2; +http://fulltext.sblog.cz/)" TCP_MISS:DIRECT
66.249.64.79 - - [28/Feb/2014:22:22:29 +0100] "GET http://www.autodily-cardo.cz/svicky/? HTTP/1.1" 200 12521 "-" "Mozilla/5.0 (compatible; Googlebot/2.1; +http://www.google.com/bot.html)" TCP_MISS:DIRECT
77.75.73.200 - - [28/Feb/2014:22:22:29 +0100] "GET http://www.autodily-cardo.cz/zarovky/autozarovka-osram-silverstar-2-0-h4-60-55w-12v-p43t/ HTTP/1.1" 200 11669 "-" "Mozilla/5.0 (compatible; Seznam screenshot-generator 2.1; +http://fulltext.sblog.cz/screenshot/)" TCP_MISS:DIRECT
77.75.73.200 - - [28/Feb/2014:22:22:29 +0100] "GET http://www.autodily-cardo.cz/scripts/windows.js HTTP/1.1" 200 1360 "http://www.autodily-cardo.cz/zarovky/autozarovka-osram-silverstar-2-0-h4-60-55w-12v-p43t/" "Mozilla/5.0 (compatible; Seznam screenshot-generator 2.1; +http://fulltext.sblog.cz/screenshot/)" TCP_MISS:DIRECT
77.75.73.200 - - [28/Feb/2014:22:22:29 +0100] "GET http://www.autodily-cardo.cz/scripts/support.js HTTP/1.1" 200 1738 "http://www.autodily-cardo.cz/zarovky/autozarovka-osram-silverstar-2-0-h4-60-55w-12v-p43t/" "Mozilla/5.0 (compatible; Seznam screenshot-generator 2.1; +http://fulltext.sblog.cz/screenshot/)" TCP_MISS:DIRECT
77.75.73.200 - - [28/Feb/2014:22:22:29 +0100] "GET http://www.autodily-cardo.cz/scripts/functions.js? HTTP/1.1" 200 2449 "http://www.autodily-cardo.cz/zarovky/autozarovka-osram-silverstar-2-0-h4-60-55w-12v-p43t/" "Mozilla/5.0 (compatible; Seznam screenshot-generator 2.1; +http://fulltext.sblog.cz/screenshot/)" TCP_MISS:DIRECT
77.75.73.200 - - [28/Feb/2014:22:22:29 +0100] "GET http://www.autodily-cardo.cz/scripts/lightbox/scriptaculous.js? HTTP/1.1" 200 2022 "http://www.autodily-cardo.cz/zarovky/autozarovka-osram-silverstar-2-0-h4-60-55w-12v-p43t/" "Mozilla/5.0 (compatible; Seznam screenshot-generator 2.1; +http://fulltext.sblog.cz/screenshot/)" TCP_MISS:DIRECT
77.75.73.200 - - [28/Feb/2014:22:22:29 +0100] "GET http://www.autodily-cardo.cz/style.css HTTP/1.1" 200 10102 "http://www.autodily-cardo.cz/zarovky/autozarovka-osram-silverstar-2-0-h4-60-55w-12v-p43t/" "Mozilla/5.0 (compatible; Seznam screenshot-generator 2.1; +http://fulltext.sblog.cz/screenshot/)" TCP_MISS:DIRECT
77.75.73.200 - - [28/Feb/2014:22:22:29 +0100] "GET http://www.autodily-cardo.cz/scripts/flash_news.js HTTP/1.1" 200 1406 "http://www.autodily-cardo.cz/zarovky/autozarovka-osram-silverstar-2-0-h4-60-55w-12v-p43t/" "Mozilla/5.0 (compatible; Seznam screenshot-generator 2.1; +http://fulltext.sblog.cz/screenshot/)" TCP_MISS:DIRECT
77.75.73.200 - - [28/Feb/2014:22:22:29 +0100] "GET http://www.autodily-cardo.cz/scripts/lightbox/lightbox.js HTTP/1.1" 200 5486 "http://www.autodily-cardo.cz/zarovky/autozarovka-osram-silverstar-2-0-h4-60-55w-12v-p43t/" "Mozilla/5.0 (compatible; Seznam screenshot-generator 2.1; +http://fulltext.sblog.cz/screenshot/)" TCP_MISS:DIRECT
77.75.73.200 - - [28/Feb/2014:22:22:29 +0100] "GET http://www.autodily-cardo.cz/scripts/lightbox/prototype.js HTTP/1.1" 200 37924 "http://www.autodily-cardo.cz/zarovky/autozarovka-osram-silverstar-2-0-h4-60-55w-12v-p43t/" "Mozilla/5.0 (compatible; Seznam screenshot-generator 2.1; +http://fulltext.sblog.cz/screenshot/)" TCP_MISS:DIRECT
77.75.73.200 - - [28/Feb/2014:22:22:29 +0100] "GET http://www.autodily-cardo.cz/img/design/colorizer.css HTTP/1.1" 200 906 "http://www.autodily-cardo.cz/zarovky/autozarovka-osram-silverstar-2-0-h4-60-55w-12v-p43t/" "Mozilla/5.0 (compatible; Seznam screenshot-generator 2.1; +http://fulltext.sblog.cz/screenshot/)" TCP_MISS:DIRECT
77.75.73.200 - - [28/Feb/2014:22:22:29 +0100] "GET http://www.autodily-cardo.cz/scripts/prototype.js HTTP/1.1" 200 28676 "http://www.autodily-cardo.cz/zarovky/autozarovka-osram-silverstar-2-0-h4-60-55w-12v-p43t/" "Mozilla/5.0 (compatible; Seznam screenshot-generator 2.1; +http://fulltext.sblog.cz/screenshot/)" TCP_MISS:DIRECT
77.75.73.200 - - [28/Feb/2014:22:22:29 +0100] "GET http://www.autodily-cardo.cz/scripts/lightbox/builder.js HTTP/1.1" 200 2365 "http://www.autodily-cardo.cz/zarovky/autozarovka-osram-silverstar-2-0-h4-60-55w-12v-p43t/" "Mozilla/5.0 (compatible; Seznam screenshot-generator 2.1; +http://fulltext.sblog.cz/screenshot/)" TCP_MISS:DIRECT
77.75.73.200 - - [28/Feb/2014:22:22:29 +0100] "GET http://www.autodily-cardo.cz/scripts/lightbox/effects.js HTTP/1.1" 200 9251 "http://www.autodily-cardo.cz/zarovky/autozarovka-osram-silverstar-2-0-h4-60-55w-12v-p43t/" "Mozilla/5.0 (compatible; Seznam screenshot-generator 2.1; +http://fulltext.sblog.cz/screenshot/)" TCP_MISS:DIRECT
77.75.73.200 - - [28/Feb/2014:22:22:29 +0100] "GET http://www.autodily-cardo.cz/img/design/navbar_corners_top.png HTTP/1.1" 200 676 "http://www.autodily-cardo.cz/zarovky/autozarovka-osram-silverstar-2-0-h4-60-55w-12v-p43t/" "Mozilla/5.0 (compatible; Seznam screenshot-generator 2.1; +http://fulltext.sblog.cz/screenshot/)" TCP_MISS:DIRECT
77.75.73.200 - - [28/Feb/2014:22:22:29 +0100] "GET http://www.autodily-cardo.cz/img/design/navbar.png HTTP/1.1" 200 580 "http://www.autodily-cardo.cz/zarovky/autozarovka-osram-silverstar-2-0-h4-60-55w-12v-p43t/" "Mozilla/5.0 (compatible; Seznam screenshot-generator 2.1; +http://fulltext.sblog.cz/screenshot/)" TCP_MISS:DIRECT
77.75.73.200 - - [28/Feb/2014:22:22:29 +0100] "GET http://www.autodily-cardo.cz/img/design/ico-basket.black.gif HTTP/1.1" 200 1307 "http://www.autodily-cardo.cz/zarovky/autozarovka-osram-silverstar-2-0-h4-60-55w-12v-p43t/" "Mozilla/5.0 (compatible; Seznam screenshot-generator 2.1; +http://fulltext.sblog.cz/screenshot/)" TCP_MISS:DIRECT
77.75.73.200 - - [28/Feb/2014:22:22:29 +0100] "GET http://www.autodily-cardo.cz/img/design/lupa.png HTTP/1.1" 200 1693 "http://www.autodily-cardo.cz/zarovky/autozarovka-osram-silverstar-2-0-h4-60-55w-12v-p43t/" "Mozilla/5.0 (compatible; Seznam screenshot-generator 2.1; +http://fulltext.sblog.cz/screenshot/)" TCP_MISS:DIRECT
77.75.73.200 - - [28/Feb/2014:22:22:29 +0100] "GET http://www.autodily-cardo.cz/img/design/ico-user.black.gif HTTP/1.1" 200 1316 "http://www.autodily-cardo.cz/zarovky/autozarovka-osram-silverstar-2-0-h4-60-55w-12v-p43t/" "Mozilla/5.0 (compatible; Seznam screenshot-generator 2.1; +http://fulltext.sblog.cz/screenshot/)" TCP_MISS:DIRECT
77.75.73.200 - - [28/Feb/2014:22:22:30 +0100] "GET http://www.autodily-cardo.cz/img/design/header.jpg HTTP/1.1" 200 73455 "http://www.autodily-cardo.cz/zarovky/autozarovka-osram-silverstar-2-0-h4-60-55w-12v-p43t/" "Mozilla/5.0 (compatible; Seznam screenshot-generator 2.1; +http://fulltext.sblog.cz/screenshot/)" TCP_MISS:DIRECT
77.75.73.200 - - [28/Feb/2014:22:22:30 +0100] "GET http://www.autodily-cardo.cz/img/design/navbar_corners_bottom.png HTTP/1.1" 200 766 "http://www.autodily-cardo.cz/zarovky/autozarovka-osram-silverstar-2-0-h4-60-55w-12v-p43t/" "Mozilla/5.0 (compatible; Seznam screenshot-generator 2.1; +http://fulltext.sblog.cz/screenshot/)" TCP_MISS:DIRECT
77.75.73.200 - - [28/Feb/2014:22:22:30 +0100] "GET http://www.autodily-cardo.cz/img/design/panel_h3.png HTTP/1.1" 200 572 "http://www.autodily-cardo.cz/zarovky/autozarovka-osram-silverstar-2-0-h4-60-55w-12v-p43t/" "Mozilla/5.0 (compatible; Seznam screenshot-generator 2.1; +http://fulltext.sblog.cz/screenshot/)" TCP_MISS:DIRECT
77.75.73.200 - - [28/Feb/2014:22:22:30 +0100] "GET http://www.autodily-cardo.cz/img/icons/tree_none.gif HTTP/1.1" 200 526 "http://www.autodily-cardo.cz/zarovky/autozarovka-osram-silverstar-2-0-h4-60-55w-12v-p43t/" "Mozilla/5.0 (compatible; Seznam screenshot-generator 2.1; +http://fulltext.sblog.cz/screenshot/)" TCP_MISS:DIRECT
77.75.73.200 - - [28/Feb/2014:22:22:30 +0100] "GET http://www.autodily-cardo.cz/img/ajax-spinner.gif HTTP/1.1" 200 1317 "http://www.autodily-cardo.cz/zarovky/autozarovka-osram-silverstar-2-0-h4-60-55w-12v-p43t/" "Mozilla/5.0 (compatible; Seznam screenshot-generator 2.1; +http://fulltext.sblog.cz/screenshot/)" TCP_MISS:DIRECT
77.75.73.200 - - [28/Feb/2014:22:22:30 +0100] "GET http://www.autodily-cardo.cz/img/icons/tree_close.gif HTTP/1.1" 200 648 "http://www.autodily-cardo.cz/zarovky/autozarovka-osram-silverstar-2-0-h4-60-55w-12v-p43t/" "Mozilla/5.0 (compatible; Seznam screenshot-generator 2.1; +http://fulltext.sblog.cz/screenshot/)" TCP_MISS:DIRECT
77.75.73.200 - - [28/Feb/2014:22:22:30 +0100] "GET http://www.autodily-cardo.cz/img/icons/tree_open.gif HTTP/1.1" 200 645 "http://www.autodily-cardo.cz/zarovky/autozarovka-osram-silverstar-2-0-h4-60-55w-12v-p43t/" "Mozilla/5.0 (compatible; Seznam screenshot-generator 2.1; +http://fulltext.sblog.cz/screenshot/)" TCP_MISS:DIRECT
77.75.73.200 - - [28/Feb/2014:22:22:30 +0100] "GET http://www.autodily-cardo.cz/img/design/button.png HTTP/1.1" 200 3342 "http://www.autodily-cardo.cz/zarovky/autozarovka-osram-silverstar-2-0-h4-60-55w-12v-p43t/" "Mozilla/5.0 (compatible; Seznam screenshot-generator 2.1; +http://fulltext.sblog.cz/screenshot/)" TCP_MISS:DIRECT
77.75.73.200 - - [28/Feb/2014:22:22:30 +0100] "GET http://www.autodily-cardo.cz/img/icons/orange-arrow.png HTTP/1.1" 200 3286 "http://www.autodily-cardo.cz/zarovky/autozarovka-osram-silverstar-2-0-h4-60-55w-12v-p43t/" "Mozilla/5.0 (compatible; Seznam screenshot-generator 2.1; +http://fulltext.sblog.cz/screenshot/)" TCP_MISS:DIRECT
77.75.73.200 - - [28/Feb/2014:22:22:30 +0100] "GET http://www.autodily-cardo.cz/img/design/arrow.gif HTTP/1.1" 200 569 "http://www.autodily-cardo.cz/zarovky/autozarovka-osram-silverstar-2-0-h4-60-55w-12v-p43t/" "Mozilla/5.0 (compatible; Seznam screenshot-generator 2.1; +http://fulltext.sblog.cz/screenshot/)" TCP_MISS:DIRECT
77.75.73.200 - - [28/Feb/2014:22:22:30 +0100] "GET http://www.autodily-cardo.cz/img/design/bg_page.png HTTP/1.1" 200 1100 "http://www.autodily-cardo.cz/zarovky/autozarovka-osram-silverstar-2-0-h4-60-55w-12v-p43t/" "Mozilla/5.0 (compatible; Seznam screenshot-generator 2.1; +http://fulltext.sblog.cz/screenshot/)" TCP_MISS:DIRECT
77.75.73.200 - - [28/Feb/2014:22:22:30 +0100] "GET http://www.autodily-cardo.cz/img/design/button-basket.png HTTP/1.1" 200 3970 "http://www.autodily-cardo.cz/zarovky/autozarovka-osram-silverstar-2-0-h4-60-55w-12v-p43t/" "Mozilla/5.0 (compatible; Seznam screenshot-generator 2.1; +http://fulltext.sblog.cz/screenshot/)" TCP_MISS:DIRECT
77.75.73.200 - - [28/Feb/2014:22:22:30 +0100] "GET http://www.autodily-cardo.cz/obrazky/61018/autozarovka-osram-silverstar-2-0-h4-60-55w-12v-p43t-default.jpg HTTP/1.1" 200 14398 "http://www.autodily-cardo.cz/zarovky/autozarovka-osram-silverstar-2-0-h4-60-55w-12v-p43t/" "Mozilla/5.0 (compatible; Seznam screenshot-generator 2.1; +http://fulltext.sblog.cz/screenshot/)" TCP_MISS:DIRECT
77.75.73.11 - - [28/Feb/2014:22:22:30 +0100] "GET http://www.autodily-cardo.cz/rozvody/rozvodovy-remen-gates-gt-5075xs/ HTTP/1.1" 200 11892 "-" "Mozilla/5.0 (compatible; SeznamBot/3.2; +http://fulltext.sblog.cz/)" TCP_MISS:DIRECT
77.75.73.200 - - [28/Feb/2014:22:22:30 +0100] "GET http://www.autodily-cardo.cz/img/design/bg_actions.png HTTP/1.1" 200 827 "http://www.autodily-cardo.cz/zarovky/autozarovka-osram-silverstar-2-0-h4-60-55w-12v-p43t/" "Mozilla/5.0 (compatible; Seznam screenshot-generator 2.1; +http://fulltext.sblog.cz/screenshot/)" TCP_MISS:DIRECT
77.75.73.200 - - [28/Feb/2014:22:22:30 +0100] "GET http://www.autodily-cardo.cz/img/design/ico-action-compare.png HTTP/1.1" 200 957 "http://www.autodily-cardo.cz/zarovky/autozarovka-osram-silverstar-2-0-h4-60-55w-12v-p43t/" "Mozilla/5.0 (compatible; Seznam screenshot-generator 2.1; +http://fulltext.sblog.cz/screenshot/)" TCP_MISS:DIRECT
77.75.73.200 - - [28/Feb/2014:22:22:30 +0100] "GET http://www.autodily-cardo.cz/img/design/ico-action-print.png HTTP/1.1" 200 1126 "http://www.autodily-cardo.cz/zarovky/autozarovka-osram-silverstar-2-0-h4-60-55w-12v-p43t/" "Mozilla/5.0 (compatible; Seznam screenshot-generator 2.1; +http://fulltext.sblog.cz/screenshot/)" TCP_MISS:DIRECT
77.75.73.200 - - [28/Feb/2014:22:22:30 +0100] "GET http://www.autodily-cardo.cz/img/design/ico-action-mail.png HTTP/1.1" 200 1044 "http://www.autodily-cardo.cz/zarovky/autozarovka-osram-silverstar-2-0-h4-60-55w-12v-p43t/" "Mozilla/5.0 (compatible; Seznam screenshot-generator 2.1; +http://fulltext.sblog.cz/screenshot/)" TCP_MISS:DIRECT
77.75.73.200 - - [28/Feb/2014:22:22:30 +0100] "GET http://www.autodily-cardo.cz/img/design/ico-email.png HTTP/1.1" 200 3320 "http://www.autodily-cardo.cz/zarovky/autozarovka-osram-silverstar-2-0-h4-60-55w-12v-p43t/" "Mozilla/5.0 (compatible; Seznam screenshot-generator 2.1; +http://fulltext.sblog.cz/screenshot/)" TCP_MISS:DIRECT
77.75.73.200 - - [28/Feb/2014:22:22:30 +0100] "GET http://www.autodily-cardo.cz/img/design/ico-mobil.png HTTP/1.1" 200 3324 "http://www.autodily-cardo.cz/zarovky/autozarovka-osram-silverstar-2-0-h4-60-55w-12v-p43t/" "Mozilla/5.0 (compatible; Seznam screenshot-generator 2.1; +http://fulltext.sblog.cz/screenshot/)" TCP_MISS:DIRECT
77.75.73.200 - - [28/Feb/2014:22:22:30 +0100] "GET http://www.autodily-cardo.cz/obrazky/31760/ford-formula-f-5w-30-5l-mini.jpg HTTP/1.1" 200 1903 "http://www.autodily-cardo.cz/zarovky/autozarovka-osram-silverstar-2-0-h4-60-55w-12v-p43t/" "Mozilla/5.0 (compatible; Seznam screenshot-generator 2.1; +http://fulltext.sblog.cz/screenshot/)" TCP_MISS:DIRECT
77.75.73.200 - - [28/Feb/2014:22:22:30 +0100] "GET http://www.autodily-cardo.cz/img/blank.gif HTTP/1.1" 200 519 "http://www.autodily-cardo.cz/zarovky/autozarovka-osram-silverstar-2-0-h4-60-55w-12v-p43t/" "Mozilla/5.0 (compatible; Seznam screenshot-generator 2.1; +http://fulltext.sblog.cz/screenshot/)" TCP_MISS:DIRECT
77.75.73.200 - - [28/Feb/2014:22:22:30 +0100] "GET http://www.autodily-cardo.cz/obrazky/26139/castrol-edge-5w-30-fst-5l-stitek-castrol-mini.jpg HTTP/1.1" 200 2029 "http://www.autodily-cardo.cz/zarovky/autozarovka-osram-silverstar-2-0-h4-60-55w-12v-p43t/" "Mozilla/5.0 (compatible; Seznam screenshot-generator 2.1; +http://fulltext.sblog.cz/screenshot/)" TCP_MISS:DIRECT
77.75.73.200 - - [28/Feb/2014:22:22:30 +0100] "GET http://www.autodily-cardo.cz/obrazky/26119/castrol-edge-turbo-diesel-5w-40-5l-fst-stitek-castrol-mini.jpg HTTP/1.1" 200 2001 "http://www.autodily-cardo.cz/zarovky/autozarovka-osram-silverstar-2-0-h4-60-55w-12v-p43t/" "Mozilla/5.0 (compatible; Seznam screenshot-generator 2.1; +http://fulltext.sblog.cz/screenshot/)" TCP_MISS:DIRECT
77.75.73.200 - - [28/Feb/2014:22:22:30 +0100] "GET http://www.autodily-cardo.cz/img/design/rss.gif HTTP/1.1" 200 696 "http://www.autodily-cardo.cz/zarovky/autozarovka-osram-silverstar-2-0-h4-60-55w-12v-p43t/" "Mozilla/5.0 (compatible; Seznam screenshot-generator 2.1; +http://fulltext.sblog.cz/screenshot/)" TCP_MISS:DIRECT
77.75.73.200 - - [28/Feb/2014:22:22:30 +0100] "GET http://www.autodily-cardo.cz/img/lightbox/loading.gif HTTP/1.1" 200 3238 "http://www.autodily-cardo.cz/zarovky/autozarovka-osram-silverstar-2-0-h4-60-55w-12v-p43t/" "Mozilla/5.0 (compatible; Seznam screenshot-generator 2.1; +http://fulltext.sblog.cz/screenshot/)" TCP_MISS:DIRECT
77.75.73.200 - - [28/Feb/2014:22:22:30 +0100] "GET http://www.autodily-cardo.cz/img/lightbox/closelabel.gif HTTP/1.1" 200 1976 "http://www.autodily-cardo.cz/zarovky/autozarovka-osram-silverstar-2-0-h4-60-55w-12v-p43t/" "Mozilla/5.0 (compatible; Seznam screenshot-generator 2.1; +http://fulltext.sblog.cz/screenshot/)" TCP_MISS:DIRECT
77.75.73.200 - - [28/Feb/2014:22:22:30 +0100] "GET http://www.autodily-cardo.cz/print.css HTTP/1.1" 200 1421 "http://www.autodily-cardo.cz/zarovky/autozarovka-osram-silverstar-2-0-h4-60-55w-12v-p43t/" "Mozilla/5.0 (compatible; Seznam screenshot-generator 2.1; +http://fulltext.sblog.cz/screenshot/)" TCP_MISS:DIRECT
5.10.83.21 - - [28/Feb/2014:22:22:31 +0100] "GET http://www.autodily-cardo.cz/rozvody/drazkovy-remen-dayco-dy-5pk862hd/ HTTP/1.1" 200 11041 "-" "Mozilla/5.0 (compatible; AhrefsBot/5.0; +http://ahrefs.com/robot/)" TCP_MISS:DIRECT
88.100.8.210 - - [28/Feb/2014:22:22:32 +0100] "POST http://www.autodily-cardo.cz/ajax.php? HTTP/1.1" 200 1129 "http://www.autodily-cardo.cz/podvozek/sada-lozisek-kol/" "Mozilla/5.0 (Windows NT 6.1; WOW64) AppleWebKit/537.36 (KHTML, like Gecko) Chrome/33.0.1750.117 Safari/537.36" TCP_MISS:DIRECT
77.75.73.11 - - [28/Feb/2014:22:22:32 +0100] "GET http://www.autodily-cardo.cz/rozvody/rozvodovy-remen-gates-gt-5075xs/ HTTP/1.1" 200 67155 "-" "Mozilla/5.0 (compatible; SeznamBot/3.2; +http://fulltext.sblog.cz/)" TCP_MISS:DIRECT
5.10.83.47 - - [28/Feb/2014:22:22:33 +0100] "GET http://www.autodily-cardo.cz/pohon-kol/homokineticky-kloub-poloosy-vnejsi-cifam-607-045-honda-civic-crx-88-91/ HTTP/1.1" 200 11009 "-" "Mozilla/5.0 (compatible; AhrefsBot/5.0; +http://ahrefs.com/robot/)" TCP_MISS:DIRECT
77.75.73.11 - - [28/Feb/2014:22:22:34 +0100] "GET http://www.autodily-cardo.cz/rozvody/drazkovy-remen-gates-gt-5pk1280/ HTTP/1.1" 200 11406 "-" "Mozilla/5.0 (compatible; SeznamBot/3.2; +http://fulltext.sblog.cz/)" TCP_MISS:DIRECT
88.100.8.210 - - [28/Feb/2014:22:22:36 +0100] "POST http://www.autodily-cardo.cz/podvozek/sada-lozisek-kol/ HTTP/1.1" 200 12997 "http://www.autodily-cardo.cz/podvozek/sada-lozisek-kol/" "Mozilla/5.0 (Windows NT 6.1; WOW64) AppleWebKit/537.36 (KHTML, like Gecko) Chrome/33.0.1750.117 Safari/537.36" TCP_MISS:DIRECT
88.100.8.210 - - [28/Feb/2014:22:22:36 +0100] "GET http://www.autodily-cardo.cz/img/design/tick.gif HTTP/1.1" 304 366 "http://www.autodily-cardo.cz/podvozek/sada-lozisek-kol/" "Mozilla/5.0 (Windows NT 6.1; WOW64) AppleWebKit/537.36 (KHTML, like Gecko) Chrome/33.0.1750.117 Safari/537.36" TCP_MISS:DIRECT
88.100.8.210 - - [28/Feb/2014:22:22:36 +0100] "GET http://www.autodily-cardo.cz/obrazky/16984/sada-lozisek-kol-fag-713678030-ford-small.jpg HTTP/1.1" 200 4266 "http://www.autodily-cardo.cz/podvozek/sada-lozisek-kol/" "Mozilla/5.0 (Windows NT 6.1; WOW64) AppleWebKit/537.36 (KHTML, like Gecko) Chrome/33.0.1750.117 Safari/537.36" TCP_MISS:DIRECT
88.100.8.210 - - [28/Feb/2014:22:22:36 +0100] "GET http://www.autodily-cardo.cz/obrazky/16983/sada-lozisek-kol-fag-713678110-ford-small.jpg HTTP/1.1" 200 4251 "http://www.autodily-cardo.cz/podvozek/sada-lozisek-kol/" "Mozilla/5.0 (Windows NT 6.1; WOW64) AppleWebKit/537.36 (KHTML, like Gecko) Chrome/33.0.1750.117 Safari/537.36" TCP_MISS:DIRECT
77.75.73.11 - - [28/Feb/2014:22:22:36 +0100] "GET http://www.autodily-cardo.cz/rozvody/sada-rozvodoveho-remene-dayco-dy-ktb168-opel-astra/ HTTP/1.1" 200 11376 "-" "Mozilla/5.0 (compatible; SeznamBot/3.2; +http://fulltext.sblog.cz/)" TCP_MISS:DIRECT
88.100.8.210 - - [28/Feb/2014:22:22:36 +0100] "GET http://www.autodily-cardo.cz/obrazky/38961/sada-lozisek-kol-febi-fb-19183-ford-small.jpg HTTP/1.1" 200 3650 "http://www.autodily-cardo.cz/podvozek/sada-lozisek-kol/" "Mozilla/5.0 (Windows NT 6.1; WOW64) AppleWebKit/537.36 (KHTML, like Gecko) Chrome/33.0.1750.117 Safari/537.36" TCP_MISS:DIRECT
88.100.8.210 - - [28/Feb/2014:22:22:36 +0100] "GET http://www.autodily-cardo.cz/obrazky/16982/sada-lozisek-kol-fag-713678100-ford-small.jpg HTTP/1.1" 200 4196 "http://www.autodily-cardo.cz/podvozek/sada-lozisek-kol/" "Mozilla/5.0 (Windows NT 6.1; WOW64) AppleWebKit/537.36 (KHTML, like Gecko) Chrome/33.0.1750.117 Safari/537.36" TCP_MISS:DIRECT
88.100.8.210 - - [28/Feb/2014:22:22:36 +0100] "GET http://www.autodily-cardo.cz/obrazky/17597/sada-lozisek-kol-fag-713802510-ford-small.jpg HTTP/1.1" 200 3974 "http://www.autodily-cardo.cz/podvozek/sada-lozisek-kol/" "Mozilla/5.0 (Windows NT 6.1; WOW64) AppleWebKit/537.36 (KHTML, like Gecko) Chrome/33.0.1750.117 Safari/537.36" TCP_MISS:DIRECT
88.100.8.210 - - [28/Feb/2014:22:22:36 +0100] "GET http://www.autodily-cardo.cz/obrazky/38962/sada-lozisek-kol-febi-fb-19213-ford-small.jpg HTTP/1.1" 200 3402 "http://www.autodily-cardo.cz/podvozek/sada-lozisek-kol/" "Mozilla/5.0 (Windows NT 6.1; WOW64) AppleWebKit/537.36 (KHTML, like Gecko) Chrome/33.0.1750.117 Safari/537.36" TCP_MISS:DIRECT
88.100.8.210 - - [28/Feb/2014:22:22:36 +0100] "GET http://www.autodily-cardo.cz/obrazky/52637/sada-lozisek-kol-skf-vkba3531-small.jpg HTTP/1.1" 200 3798 "http://www.autodily-cardo.cz/podvozek/sada-lozisek-kol/" "Mozilla/5.0 (Windows NT 6.1; WOW64) AppleWebKit/537.36 (KHTML, like Gecko) Chrome/33.0.1750.117 Safari/537.36" TCP_MISS:DIRECT
88.100.8.210 - - [28/Feb/2014:22:22:36 +0100] "GET http://www.autodily-cardo.cz/obrazky/63584/sada-lozisek-kol-skf-vkba3532-small.jpg HTTP/1.1" 200 3593 "http://www.autodily-cardo.cz/podvozek/sada-lozisek-kol/" "Mozilla/5.0 (Windows NT 6.1; WOW64) AppleWebKit/537.36 (KHTML, like Gecko) Chrome/33.0.1750.117 Safari/537.36" TCP_MISS:DIRECT
88.100.8.210 - - [28/Feb/2014:22:22:36 +0100] "GET http://www.autodily-cardo.cz/obrazky/55650/sada-lozisek-kol-snr-r152-54-small.jpg HTTP/1.1" 200 3347 "http://www.autodily-cardo.cz/podvozek/sada-lozisek-kol/" "Mozilla/5.0 (Windows NT 6.1; WOW64) AppleWebKit/537.36 (KHTML, like Gecko) Chrome/33.0.1750.117 Safari/537.36" TCP_MISS:DIRECT
88.100.8.210 - - [28/Feb/2014:22:22:36 +0100] "GET http://www.autodily-cardo.cz/obrazky/55648/sada-lozisek-kol-snr-r152-55-small.jpg HTTP/1.1" 200 3388 "http://www.autodily-cardo.cz/podvozek/sada-lozisek-kol/" "Mozilla/5.0 (Windows NT 6.1; WOW64) AppleWebKit/537.36 (KHTML, like Gecko) Chrome/33.0.1750.117 Safari/537.36" TCP_MISS:DIRECT
88.100.8.210 - - [28/Feb/2014:22:22:36 +0100] "GET http://www.autodily-cardo.cz/obrazky/55649/sada-lozisek-kol-snr-r152-56-small.jpg HTTP/1.1" 200 4238 "http://www.autodily-cardo.cz/podvozek/sada-lozisek-kol/" "Mozilla/5.0 (Windows NT 6.1; WOW64) AppleWebKit/537.36 (KHTML, like Gecko) Chrome/33.0.1750.117 Safari/537.36" TCP_MISS:DIRECT
77.75.73.11 - - [28/Feb/2014:22:22:39 +0100] "GET http://www.autodily-cardo.cz/brzdovy-system/brzdovy-buben-brembo-14-a154-10/ HTTP/1.1" 200 11398 "-" "Mozilla/5.0 (compatible; SeznamBot/3.2; +http://fulltext.sblog.cz/)" TCP_MISS:DIRECT
85.132.143.9 - - [28/Feb/2014:22:22:40 +0100] "GET http://www.autodily-cardo.cz/spojka/spojkova-sada-valeo-sp-835005/ HTTP/1.1" 200 11991 "http://www.zbozi.cz/?q=SP%20835005&typ=nabidky&seradit=nejlevnejsi" "Mozilla/5.0 (Windows NT 6.1; WOW64; rv:27.0) Gecko/20100101 Firefox/27.0" TCP_MISS:DIRECT
85.132.143.9 - - [28/Feb/2014:22:22:41 +0100] "GET http://www.autodily-cardo.cz/scripts/windows.js HTTP/1.1" 200 1360 "http://www.autodily-cardo.cz/spojka/spojkova-sada-valeo-sp-835005/" "Mozilla/5.0 (Windows NT 6.1; WOW64; rv:27.0) Gecko/20100101 Firefox/27.0" TCP_MISS:DIRECT
