176.74.128.77 - - [28/Feb/2014:22:17:07 +0100] "GET http://www.autodily-cardo.cz/obrazky/12914/dvouhmotovy-setrvacnik-luk-lk-415001610-luk415001610-bmw-small.jpg HTTP/1.1" 200 4117 "http://www.autodily-cardo.cz/spojka/" "Mozilla/5.0 (Windows NT 6.1; WOW64; rv:27.0) Gecko/20100101 Firefox/27.0" TCP_MISS:DIRECT
176.74.128.77 - - [28/Feb/2014:22:17:07 +0100] "GET http://www.autodily-cardo.cz/obrazky/12915/dvouhmotovy-setrvacnik-luk-lk-415001711-luk415001711-bmw-small.jpg HTTP/1.1" 200 4117 "http://www.autodily-cardo.cz/spojka/" "Mozilla/5.0 (Windows NT 6.1; WOW64; rv:27.0) Gecko/20100101 Firefox/27.0" TCP_MISS:DIRECT
176.74.128.77 - - [28/Feb/2014:22:17:07 +0100] "GET http://www.autodily-cardo.cz/obrazky/13049/dvouhmotovy-setrvacnik-luk-lk-415001910-luk415001910-porsche-small.jpg HTTP/1.1" 200 4117 "http://www.autodily-cardo.cz/spojka/" "Mozilla/5.0 (Windows NT 6.1; WOW64; rv:27.0) Gecko/20100101 Firefox/27.0" TCP_MISS:DIRECT
176.74.128.77 - - [28/Feb/2014:22:17:07 +0100] "GET http://www.autodily-cardo.cz/obrazky/12916/dvouhmotovy-setrvacnik-luk-lk-415002110-luk415002110-bmw-small.jpg HTTP/1.1" 200 4117 "http://www.autodily-cardo.cz/spojka/" "Mozilla/5.0 (Windows NT 6.1; WOW64; rv:27.0) Gecko/20100101 Firefox/27.0" TCP_MISS:DIRECT
176.74.128.77 - - [28/Feb/2014:22:17:07 +0100] "GET http://www.autodily-cardo.cz/obrazky/12954/dvouhmotovy-setrvacnik-luk-lk-415002210-luk415002210-db-small.jpg HTTP/1.1" 200 4117 "http://www.autodily-cardo.cz/spojka/" "Mozilla/5.0 (Windows NT 6.1; WOW64; rv:27.0) Gecko/20100101 Firefox/27.0" TCP_MISS:DIRECT
176.74.128.77 - - [28/Feb/2014:22:17:07 +0100] "GET http://www.autodily-cardo.cz/obrazky/12955/dvouhmotovy-setrvacnik-luk-lk-415002311-luk415002311-db-small.jpg HTTP/1.1" 200 4117 "http://www.autodily-cardo.cz/spojka/" "Mozilla/5.0 (Windows NT 6.1; WOW64; rv:27.0) Gecko/20100101 Firefox/27.0" TCP_MISS:DIRECT
176.74.128.77 - - [28/Feb/2014:22:17:07 +0100] "GET http://www.autodily-cardo.cz/obrazky/12917/dvouhmotovy-setrvacnik-luk-lk-415002410-luk415002410-bmw-small.jpg HTTP/1.1" 200 4117 "http://www.autodily-cardo.cz/spojka/" "Mozilla/5.0 (Windows NT 6.1; WOW64; rv:27.0) Gecko/20100101 Firefox/27.0" TCP_MISS:DIRECT
176.74.128.77 - - [28/Feb/2014:22:17:07 +0100] "GET http://www.autodily-cardo.cz/obrazky/12977/dvouhmotovy-setrvacnik-luk-lk-415003110-luk415003110-ford-small.jpg HTTP/1.1" 200 4117 "http://www.autodily-cardo.cz/spojka/" "Mozilla/5.0 (Windows NT 6.1; WOW64; rv:27.0) Gecko/20100101 Firefox/27.0" TCP_MISS:DIRECT
176.74.128.77 - - [28/Feb/2014:22:17:07 +0100] "GET http://www.autodily-cardo.cz/obrazky/12918/dvouhmotovy-setrvacnik-luk-lk-415003210-luk415003210-bmw-small.jpg HTTP/1.1" 200 4117 "http://www.autodily-cardo.cz/spojka/" "Mozilla/5.0 (Windows NT 6.1; WOW64; rv:27.0) Gecko/20100101 Firefox/27.0" TCP_MISS:DIRECT
176.74.128.77 - - [28/Feb/2014:22:17:07 +0100] "GET http://www.autodily-cardo.cz/obrazky/13026/dvouhmotovy-setrvacnik-luk-lk-415003510-luk415003510-opel-small.jpg HTTP/1.1" 200 4117 "http://www.autodily-cardo.cz/spojka/" "Mozilla/5.0 (Windows NT 6.1; WOW64; rv:27.0) Gecko/20100101 Firefox/27.0" TCP_MISS:DIRECT
176.74.128.77 - - [28/Feb/2014:22:17:07 +0100] "GET http://www.autodily-cardo.cz/obrazky/13027/dvouhmotovy-setrvacnik-luk-lk-415003810-luk415003810-opel-small.jpg HTTP/1.1" 200 4117 "http://www.autodily-cardo.cz/spojka/" "Mozilla/5.0 (Windows NT 6.1; WOW64; rv:27.0) Gecko/20100101 Firefox/27.0" TCP_MISS:DIRECT
176.74.128.77 - - [28/Feb/2014:22:17:07 +0100] "GET http://www.autodily-cardo.cz/img/design/button-basket.png HTTP/1.1" 200 3970 "http://www.autodily-cardo.cz/style.css" "Mozilla/5.0 (Windows NT 6.1; WOW64; rv:27.0) Gecko/20100101 Firefox/27.0" TCP_MISS:DIRECT
176.74.128.77 - - [28/Feb/2014:22:17:07 +0100] "GET http://www.autodily-cardo.cz/img/design/bg_products_cleaner.png HTTP/1.1" 200 565 "http://www.autodily-cardo.cz/style.css" "Mozilla/5.0 (Windows NT 6.1; WOW64; rv:27.0) Gecko/20100101 Firefox/27.0" TCP_MISS:DIRECT
77.75.73.11 - - [28/Feb/2014:22:17:07 +0100] "GET http://www.autodily-cardo.cz/rozvody/remeny/? HTTP/1.1" 200 13257 "-" "Mozilla/5.0 (compatible; SeznamBot/3.2; +http://fulltext.sblog.cz/)" TCP_MISS:DIRECT
5.10.83.21 - - [28/Feb/2014:22:17:09 +0100] "GET http://www.autodily-cardo.cz/nove/moto-baterie-exide-4ah-70a-p-12v-113x70x105-ytx5l-bs/? HTTP/1.1" 200 11110 "-" "Mozilla/5.0 (compatible; AhrefsBot/5.0; +http://ahrefs.com/robot/)" TCP_MISS:DIRECT
77.75.73.11 - - [28/Feb/2014:22:17:09 +0100] "GET http://www.autodily-cardo.cz/podvozek/ulozeni-ridici-mechanismus-febi-fb-30427/ HTTP/1.1" 200 11386 "-" "Mozilla/5.0 (compatible; SeznamBot/3.2; +http://fulltext.sblog.cz/)" TCP_MISS:DIRECT
85.70.178.46 - - [28/Feb/2014:22:17:11 +0100] "GET http://www.autodily-cardo.cz/filtry-2/vzduchove-filtry/ HTTP/1.1" 200 12423 "http://www.autodily-cardo.cz/filtry-2/kabinove-filtry/" "Mozilla/5.0 (Windows NT 6.1; WOW64; rv:27.0) Gecko/20100101 Firefox/27.0" TCP_MISS:DIRECT
176.107.123.11 - - [28/Feb/2014:22:17:12 +0100] "GET http://www.autodily-cardo.cz/rozvody/ HTTP/1.1" 200 14087 "http://www.autodily-cardo.cz/podvozek/tlumic-perovani/" "Mozilla/5.0 (Windows NT 6.1; WOW64; Trident/7.0; rv:11.0) like Gecko" TCP_MISS:DIRECT
66.249.64.84 - - [28/Feb/2014:22:17:12 +0100] "GET http://www.autodily-cardo.cz/podvozek/ridici-paka-zaveseni-kol-lemforder-lmi-33419-01/? HTTP/1.1" 200 11654 "-" "Mozilla/5.0 (compatible; Googlebot/2.1; +http://www.google.com/bot.html)" TCP_MISS:DIRECT
176.107.123.11 - - [28/Feb/2014:22:17:12 +0100] "GET http://www.autodily-cardo.cz/obrazky/33348/drazkovy-remen-gates-gt-6pk948-audi-seat-skoda-vw-small.jpg HTTP/1.1" 200 4033 "http://www.autodily-cardo.cz/rozvody/" "Mozilla/5.0 (Windows NT 6.1; WOW64; Trident/7.0; rv:11.0) like Gecko" TCP_MISS:DIRECT
176.107.123.11 - - [28/Feb/2014:22:17:12 +0100] "GET http://www.autodily-cardo.cz/obrazky/13748/drazkovy-remen-dayco-dy-6pk1050s-audi-seat-skoda-vw-small.jpg HTTP/1.1" 200 2229 "http://www.autodily-cardo.cz/rozvody/" "Mozilla/5.0 (Windows NT 6.1; WOW64; Trident/7.0; rv:11.0) like Gecko" TCP_MISS:DIRECT
176.107.123.11 - - [28/Feb/2014:22:17:12 +0100] "GET http://www.autodily-cardo.cz/obrazky/15313/napinaci-kladka-dayco-dy-atb2253-audi-seat-skoda-vw-small.jpg HTTP/1.1" 200 4067 "http://www.autodily-cardo.cz/rozvody/" "Mozilla/5.0 (Windows NT 6.1; WOW64; Trident/7.0; rv:11.0) like Gecko" TCP_MISS:DIRECT
176.107.123.11 - - [28/Feb/2014:22:17:12 +0100] "GET http://www.autodily-cardo.cz/obrazky/34118/napinaci-kladka-gates-gt-t38438-audi-seat-skoda-vw-small.jpg HTTP/1.1" 200 3277 "http://www.autodily-cardo.cz/rozvody/" "Mozilla/5.0 (Windows NT 6.1; WOW64; Trident/7.0; rv:11.0) like Gecko" TCP_MISS:DIRECT
176.107.123.11 - - [28/Feb/2014:22:17:12 +0100] "GET http://www.autodily-cardo.cz/obrazky/33127/drazkovy-remen-gates-gt-6pk1053-iveco-opel-seat-skoda-vw-small.jpg HTTP/1.1" 200 4033 "http://www.autodily-cardo.cz/rozvody/" "Mozilla/5.0 (Windows NT 6.1; WOW64; Trident/7.0; rv:11.0) like Gecko" TCP_MISS:DIRECT
176.107.123.11 - - [28/Feb/2014:22:17:12 +0100] "GET http://www.autodily-cardo.cz/obrazky/34116/napinaci-kladka-gates-gt-t38436-audi-seat-vw-small.jpg HTTP/1.1" 200 3394 "http://www.autodily-cardo.cz/rozvody/" "Mozilla/5.0 (Windows NT 6.1; WOW64; Trident/7.0; rv:11.0) like Gecko" TCP_MISS:DIRECT
176.107.123.11 - - [28/Feb/2014:22:17:13 +0100] "GET http://www.autodily-cardo.cz/obrazky/10962/napinaci-kladka-ina-in-531056530-vag-small.jpg HTTP/1.1" 200 4485 "http://www.autodily-cardo.cz/rozvody/" "Mozilla/5.0 (Windows NT 6.1; WOW64; Trident/7.0; rv:11.0) like Gecko" TCP_MISS:DIRECT
176.107.123.11 - - [28/Feb/2014:22:17:13 +0100] "GET http://www.autodily-cardo.cz/obrazky/56696/napinaci-kladka-ozubeny-remen-snr-gt357-51-small.jpg HTTP/1.1" 200 3305 "http://www.autodily-cardo.cz/rozvody/" "Mozilla/5.0 (Windows NT 6.1; WOW64; Trident/7.0; rv:11.0) like Gecko" TCP_MISS:DIRECT
176.107.123.11 - - [28/Feb/2014:22:17:13 +0100] "GET http://www.autodily-cardo.cz/obrazky/56344/napinaci-kladka-zebrovany-klinovy-remen-snr-ga357-22-small.jpg HTTP/1.1" 200 3870 "http://www.autodily-cardo.cz/rozvody/" "Mozilla/5.0 (Windows NT 6.1; WOW64; Trident/7.0; rv:11.0) like Gecko" TCP_MISS:DIRECT
176.107.123.11 - - [28/Feb/2014:22:17:13 +0100] "GET http://www.autodily-cardo.cz/obrazky/38172/remenice-klikove-hridele-febi-fb-26870-audi-seat-skoda-vw-small.jpg HTTP/1.1" 200 3163 "http://www.autodily-cardo.cz/rozvody/" "Mozilla/5.0 (Windows NT 6.1; WOW64; Trident/7.0; rv:11.0) like Gecko" TCP_MISS:DIRECT
176.107.123.11 - - [28/Feb/2014:22:17:13 +0100] "GET http://www.autodily-cardo.cz/obrazky/55944/remenice-klikove-hridele-snr-dpf357-12-small.jpg HTTP/1.1" 200 4870 "http://www.autodily-cardo.cz/rozvody/" "Mozilla/5.0 (Windows NT 6.1; WOW64; Trident/7.0; rv:11.0) like Gecko" TCP_MISS:DIRECT
176.107.123.11 - - [28/Feb/2014:22:17:13 +0100] "GET http://www.autodily-cardo.cz/obrazky/34706/rozvodovy-remen-gates-gt-5569xs-audi-seat-skoda-vw-small.jpg HTTP/1.1" 200 3840 "http://www.autodily-cardo.cz/rozvody/" "Mozilla/5.0 (Windows NT 6.1; WOW64; Trident/7.0; rv:11.0) like Gecko" TCP_MISS:DIRECT
176.107.123.11 - - [28/Feb/2014:22:17:13 +0100] "GET http://www.autodily-cardo.cz/obrazky/11302/sada-kladek-ina-in-530020109-audi-seat-skoda-vw-small.jpg HTTP/1.1" 200 3057 "http://www.autodily-cardo.cz/rozvody/" "Mozilla/5.0 (Windows NT 6.1; WOW64; Trident/7.0; rv:11.0) like Gecko" TCP_MISS:DIRECT
176.74.128.77 - - [28/Feb/2014:22:17:14 +0100] "GET http://www.autodily-cardo.cz/spojka/spojkova-sada/ HTTP/1.1" 200 13355 "http://www.autodily-cardo.cz/spojka/" "Mozilla/5.0 (Windows NT 6.1; WOW64; rv:27.0) Gecko/20100101 Firefox/27.0" TCP_MISS:DIRECT
176.74.128.77 - - [28/Feb/2014:22:17:14 +0100] "GET http://www.autodily-cardo.cz/obrazky/1481/spojkova-sada-setrvacnik-luk-vw-lk-600000200-luk600000200-small.jpg HTTP/1.1" 200 4117 "http://www.autodily-cardo.cz/spojka/spojkova-sada/" "Mozilla/5.0 (Windows NT 6.1; WOW64; rv:27.0) Gecko/20100101 Firefox/27.0" TCP_MISS:DIRECT
176.74.128.77 - - [28/Feb/2014:22:17:14 +0100] "GET http://www.autodily-cardo.cz/obrazky/477/spojkova-sada-luk-lk-623304100-luk623304100-citroen-peugeot-small.jpg HTTP/1.1" 200 4118 "http://www.autodily-cardo.cz/spojka/spojkova-sada/" "Mozilla/5.0 (Windows NT 6.1; WOW64; rv:27.0) Gecko/20100101 Firefox/27.0" TCP_MISS:DIRECT
176.74.128.77 - - [28/Feb/2014:22:17:14 +0100] "GET http://www.autodily-cardo.cz/obrazky/1241/spojkova-sada-luk-lk-622114560-luk622114560-toyota-small.jpg HTTP/1.1" 200 4117 "http://www.autodily-cardo.cz/spojka/spojkova-sada/" "Mozilla/5.0 (Windows NT 6.1; WOW64; rv:27.0) Gecko/20100101 Firefox/27.0" TCP_MISS:DIRECT
176.74.128.77 - - [28/Feb/2014:22:17:14 +0100] "GET http://www.autodily-cardo.cz/obrazky/334/spojkova-sada-luk-lk-623048510-luk623048510-alfa-romeo-small.jpg HTTP/1.1" 200 4117 "http://www.autodily-cardo.cz/spojka/spojkova-sada/" "Mozilla/5.0 (Windows NT 6.1; WOW64; rv:27.0) Gecko/20100101 Firefox/27.0" TCP_MISS:DIRECT
176.74.128.77 - - [28/Feb/2014:22:17:14 +0100] "GET http://www.autodily-cardo.cz/obrazky/875/spojkova-sada-luk-lk-620057560-luk620057560-mitsubishi-small.jpg HTTP/1.1" 200 4118 "http://www.autodily-cardo.cz/spojka/spojkova-sada/" "Mozilla/5.0 (Windows NT 6.1; WOW64; rv:27.0) Gecko/20100101 Firefox/27.0" TCP_MISS:DIRECT
176.74.128.77 - - [28/Feb/2014:22:17:14 +0100] "GET http://www.autodily-cardo.cz/obrazky/940/spojkova-sada-luk-lk-624302700-luk624302700-nissan-small.jpg HTTP/1.1" 200 4118 "http://www.autodily-cardo.cz/spojka/spojkova-sada/" "Mozilla/5.0 (Windows NT 6.1; WOW64; rv:27.0) Gecko/20100101 Firefox/27.0" TCP_MISS:DIRECT
176.74.128.77 - - [28/Feb/2014:22:17:14 +0100] "GET http://www.autodily-cardo.cz/obrazky/808/spojkova-sada-luk-lk-631101800-luk631101800-iveco-small.jpg HTTP/1.1" 200 4118 "http://www.autodily-cardo.cz/spojka/spojkova-sada/" "Mozilla/5.0 (Windows NT 6.1; WOW64; rv:27.0) Gecko/20100101 Firefox/27.0" TCP_MISS:DIRECT
176.74.128.77 - - [28/Feb/2014:22:17:14 +0100] "GET http://www.autodily-cardo.cz/obrazky/30379/spojkova-sada-luk-lk-417001410-small.jpg HTTP/1.1" 200 4086 "http://www.autodily-cardo.cz/spojka/spojkova-sada/" "Mozilla/5.0 (Windows NT 6.1; WOW64; rv:27.0) Gecko/20100101 Firefox/27.0" TCP_MISS:DIRECT
176.74.128.77 - - [28/Feb/2014:22:17:14 +0100] "GET http://www.autodily-cardo.cz/obrazky/30380/spojkova-sada-luk-lk-417005210-small.jpg HTTP/1.1" 200 4086 "http://www.autodily-cardo.cz/spojka/spojkova-sada/" "Mozilla/5.0 (Windows NT 6.1; WOW64; rv:27.0) Gecko/20100101 Firefox/27.0" TCP_MISS:DIRECT
176.74.128.77 - - [28/Feb/2014:22:17:14 +0100] "GET http://www.autodily-cardo.cz/obrazky/30381/spojkova-sada-luk-lk-417005310-small.jpg HTTP/1.1" 200 4086 "http://www.autodily-cardo.cz/spojka/spojkova-sada/" "Mozilla/5.0 (Windows NT 6.1; WOW64; rv:27.0) Gecko/20100101 Firefox/27.0" TCP_MISS:DIRECT
176.74.128.77 - - [28/Feb/2014:22:17:14 +0100] "GET http://www.autodily-cardo.cz/obrazky/30382/spojkova-sada-luk-lk-417006110-small.jpg HTTP/1.1" 200 4086 "http://www.autodily-cardo.cz/spojka/spojkova-sada/" "Mozilla/5.0 (Windows NT 6.1; WOW64; rv:27.0) Gecko/20100101 Firefox/27.0" TCP_MISS:DIRECT
176.74.128.77 - - [28/Feb/2014:22:17:14 +0100] "GET http://www.autodily-cardo.cz/obrazky/30383/spojkova-sada-luk-lk-417006310-small.jpg HTTP/1.1" 200 4086 "http://www.autodily-cardo.cz/spojka/spojkova-sada/" "Mozilla/5.0 (Windows NT 6.1; WOW64; rv:27.0) Gecko/20100101 Firefox/27.0" TCP_MISS:DIRECT
176.74.128.77 - - [28/Feb/2014:22:17:14 +0100] "GET http://www.autodily-cardo.cz/obrazky/30384/spojkova-sada-luk-lk-600005200-small.jpg HTTP/1.1" 200 4086 "http://www.autodily-cardo.cz/spojka/spojkova-sada/" "Mozilla/5.0 (Windows NT 6.1; WOW64; rv:27.0) Gecko/20100101 Firefox/27.0" TCP_MISS:DIRECT
176.74.128.77 - - [28/Feb/2014:22:17:15 +0100] "GET http://www.autodily-cardo.cz/obrazky/30385/spojkova-sada-luk-lk-600005300-ford-volvo-small.jpg HTTP/1.1" 200 4086 "http://www.autodily-cardo.cz/spojka/spojkova-sada/" "Mozilla/5.0 (Windows NT 6.1; WOW64; rv:27.0) Gecko/20100101 Firefox/27.0" TCP_MISS:DIRECT
176.74.128.77 - - [28/Feb/2014:22:17:15 +0100] "GET http://www.autodily-cardo.cz/obrazky/30386/spojkova-sada-luk-lk-600005400-fiat-small.jpg HTTP/1.1" 200 4086 "http://www.autodily-cardo.cz/spojka/spojkova-sada/" "Mozilla/5.0 (Windows NT 6.1; WOW64; rv:27.0) Gecko/20100101 Firefox/27.0" TCP_MISS:DIRECT
176.74.128.77 - - [28/Feb/2014:22:17:15 +0100] "GET http://www.autodily-cardo.cz/obrazky/30387/spojkova-sada-luk-lk-600005500-mercedes-benz-small.jpg HTTP/1.1" 200 4086 "http://www.autodily-cardo.cz/spojka/spojkova-sada/" "Mozilla/5.0 (Windows NT 6.1; WOW64; rv:27.0) Gecko/20100101 Firefox/27.0" TCP_MISS:DIRECT
176.107.123.11 - - [28/Feb/2014:22:17:16 +0100] "GET http://www.autodily-cardo.cz/rozvody/rozvodove-sady/ HTTP/1.1" 200 12696 "http://www.autodily-cardo.cz/rozvody/" "Mozilla/5.0 (Windows NT 6.1; WOW64; Trident/7.0; rv:11.0) like Gecko" TCP_MISS:DIRECT
176.107.123.11 - - [28/Feb/2014:22:17:16 +0100] "GET http://www.autodily-cardo.cz/obrazky/35251/sada-rozvodoveho-remene-gates-gt-k055569xs-audi-seat-skoda-vw-small.jpg HTTP/1.1" 200 2974 "http://www.autodily-cardo.cz/rozvody/rozvodove-sady/" "Mozilla/5.0 (Windows NT 6.1; WOW64; Trident/7.0; rv:11.0) like Gecko" TCP_MISS:DIRECT
176.107.123.11 - - [28/Feb/2014:22:17:16 +0100] "GET http://www.autodily-cardo.cz/obrazky/66243/sada-rozvodoveho-remene-s-vodni-pumpou-ina-in-530020133-small.jpg HTTP/1.1" 200 4839 "http://www.autodily-cardo.cz/rozvody/rozvodove-sady/" "Mozilla/5.0 (Windows NT 6.1; WOW64; Trident/7.0; rv:11.0) like Gecko" TCP_MISS:DIRECT
176.107.123.11 - - [28/Feb/2014:22:17:16 +0100] "GET http://www.autodily-cardo.cz/obrazky/11741/sada-rozvodoveho-remene-ina-in-530020110-small.jpg HTTP/1.1" 200 3958 "http://www.autodily-cardo.cz/rozvody/rozvodove-sady/" "Mozilla/5.0 (Windows NT 6.1; WOW64; Trident/7.0; rv:11.0) like Gecko" TCP_MISS:DIRECT
176.107.123.11 - - [28/Feb/2014:22:17:16 +0100] "GET http://www.autodily-cardo.cz/obrazky/16266/sada-rozvodoveho-remene-dayco-dy-ktb296-seat-skoda-vw-small.jpg HTTP/1.1" 200 2229 "http://www.autodily-cardo.cz/rozvody/rozvodove-sady/" "Mozilla/5.0 (Windows NT 6.1; WOW64; Trident/7.0; rv:11.0) like Gecko" TCP_MISS:DIRECT
176.107.123.11 - - [28/Feb/2014:22:17:16 +0100] "GET http://www.autodily-cardo.cz/obrazky/61063/sada-rozvodoveho-remene-febi-fb-21724-audi-seat-skoda-vw-small.jpg HTTP/1.1" 200 3332 "http://www.autodily-cardo.cz/rozvody/rozvodove-sady/" "Mozilla/5.0 (Windows NT 6.1; WOW64; Trident/7.0; rv:11.0) like Gecko" TCP_MISS:DIRECT
176.107.123.11 - - [28/Feb/2014:22:17:16 +0100] "GET http://www.autodily-cardo.cz/obrazky/57364/sada-rozvodoveho-remene-snr-kd457-49-small.jpg HTTP/1.1" 200 4508 "http://www.autodily-cardo.cz/rozvody/rozvodove-sady/" "Mozilla/5.0 (Windows NT 6.1; WOW64; Trident/7.0; rv:11.0) like Gecko" TCP_MISS:DIRECT
77.75.73.11 - - [28/Feb/2014:22:17:21 +0100] "GET http://www.autodily-cardo.cz/filtry-2/vzduchovy-filtr-mann-c17149-mf-c17149/ HTTP/1.1" 200 11708 "-" "Mozilla/5.0 (compatible; SeznamBot/3.2; +http://fulltext.sblog.cz/)" TCP_MISS:DIRECT
5.10.83.21 - - [28/Feb/2014:22:17:24 +0100] "GET http://www.autodily-cardo.cz/brzdovy-system/brzdove-desticky/? HTTP/1.1" 200 13339 "-" "Mozilla/5.0 (compatible; AhrefsBot/5.0; +http://ahrefs.com/robot/)" TCP_MISS:DIRECT
77.75.73.11 - - [28/Feb/2014:22:17:24 +0100] "GET http://www.autodily-cardo.cz/rozvody/drazkovy-remen-gates-gt-68423/ HTTP/1.1" 200 11180 "-" "Mozilla/5.0 (compatible; SeznamBot/3.2; +http://fulltext.sblog.cz/)" TCP_MISS:DIRECT
176.74.128.77 - - [28/Feb/2014:22:17:24 +0100] "GET http://www.autodily-cardo.cz/spojka/ HTTP/1.1" 200 13323 "http://www.autodily-cardo.cz/vyrobci/38-sachs/" "Mozilla/5.0 (Windows NT 6.1; WOW64; rv:27.0) Gecko/20100101 Firefox/27.0" TCP_MISS:DIRECT
46.30.238.157 - - [28/Feb/2014:22:17:29 +0100] "GET http://www.autodily-cardo.cz/clanky/prodejna/ HTTP/1.1" 200 11928 "http://www.autodily-cardo.cz/motorove-oleje/total-quartz-energy-7000-10w-40-1l/" "Mozilla/5.0 (Windows NT 6.1; WOW64; rv:27.0) Gecko/20100101 Firefox/27.0" TCP_MISS:DIRECT
85.70.178.46 - - [28/Feb/2014:22:17:29 +0100] "GET http://www.autodily-cardo.cz/filtry-2/vzduchovy-filtr-champion-ch-u738-606/ HTTP/1.1" 200 12249 "http://www.autodily-cardo.cz/filtry-2/vzduchove-filtry/" "Mozilla/5.0 (Windows NT 6.1; WOW64; rv:27.0) Gecko/20100101 Firefox/27.0" TCP_MISS:DIRECT
46.30.238.157 - - [28/Feb/2014:22:17:29 +0100] "GET http://www.autodily-cardo.cz/db/wysiwyg/Image/budova_autodily_cardo_most_.jpg HTTP/1.1" 200 29544 "http://www.autodily-cardo.cz/clanky/prodejna/" "Mozilla/5.0 (Windows NT 6.1; WOW64; rv:27.0) Gecko/20100101 Firefox/27.0" TCP_MISS:DIRECT
46.30.238.157 - - [28/Feb/2014:22:17:29 +0100] "GET http://www.autodily-cardo.cz/db/wysiwyg/Image/cardo_expedice_prodejna_s(1).jpg HTTP/1.1" 200 44629 "http://www.autodily-cardo.cz/clanky/prodejna/" "Mozilla/5.0 (Windows NT 6.1; WOW64; rv:27.0) Gecko/20100101 Firefox/27.0" TCP_MISS:DIRECT
85.70.178.46 - - [28/Feb/2014:22:17:29 +0100] "GET http://www.autodily-cardo.cz/obrazky/60233/vzduchovy-filtr-champion-ch-u738-606-ford-default.jpg HTTP/1.1" 200 7073 "http://www.autodily-cardo.cz/filtry-2/vzduchovy-filtr-champion-ch-u738-606/" "Mozilla/5.0 (Windows NT 6.1; WOW64; rv:27.0) Gecko/20100101 Firefox/27.0" TCP_MISS:DIRECT
66.249.64.74 - - [28/Feb/2014:22:17:30 +0100] "GET http://www.autodily-cardo.cz/silentbloky/? HTTP/1.1" 200 12284 "-" "Mozilla/5.0 (compatible; Googlebot/2.1; +http://www.google.com/bot.html)" TCP_MISS:DIRECT
77.75.77.123 - - [28/Feb/2014:22:17:35 +0100] "GET http://www.autodily-cardo.cz/rozvody/napinaci-kladka-gates-gt-t38433/ HTTP/1.1" 200 67904 "-" "Mozilla/5.0 (compatible; Seznam screenshot-generator 2.0; +http://fulltext.sblog.cz/screenshot/)" TCP_MISS:DIRECT
77.75.77.123 - - [28/Feb/2014:22:17:35 +0100] "GET http://www.autodily-cardo.cz/scripts/support.js HTTP/1.1" 200 3842 "http://www.autodily-cardo.cz/rozvody/napinaci-kladka-gates-gt-t38433/" "Mozilla/5.0 (compatible; Seznam screenshot-generator 2.0; +http://fulltext.sblog.cz/screenshot/)" TCP_MISS:DIRECT
77.75.77.123 - - [28/Feb/2014:22:17:36 +0100] "GET http://www.autodily-cardo.cz/scripts/functions.js? HTTP/1.1" 200 6942 "http://www.autodily-cardo.cz/rozvody/napinaci-kladka-gates-gt-t38433/" "Mozilla/5.0 (compatible; Seznam screenshot-generator 2.0; +http://fulltext.sblog.cz/screenshot/)" TCP_MISS:DIRECT
77.75.77.123 - - [28/Feb/2014:22:17:36 +0100] "GET http://www.autodily-cardo.cz/scripts/lightbox/prototype.js HTTP/1.1" 200 163816 "http://www.autodily-cardo.cz/rozvody/napinaci-kladka-gates-gt-t38433/" "Mozilla/5.0 (compatible; Seznam screenshot-generator 2.0; +http://fulltext.sblog.cz/screenshot/)" TCP_MISS:DIRECT
77.75.77.123 - - [28/Feb/2014:22:17:36 +0100] "GET http://www.autodily-cardo.cz/scripts/lightbox/scriptaculous.js? HTTP/1.1" 200 3431 "http://www.autodily-cardo.cz/rozvody/napinaci-kladka-gates-gt-t38433/" "Mozilla/5.0 (compatible; Seznam screenshot-generator 2.0; +http://fulltext.sblog.cz/screenshot/)" TCP_MISS:DIRECT
77.75.77.123 - - [28/Feb/2014:22:17:37 +0100] "GET http://www.autodily-cardo.cz/scripts/lightbox/lightbox.js HTTP/1.1" 200 19049 "http://www.autodily-cardo.cz/rozvody/napinaci-kladka-gates-gt-t38433/" "Mozilla/5.0 (compatible; Seznam screenshot-generator 2.0; +http://fulltext.sblog.cz/screenshot/)" TCP_MISS:DIRECT
77.75.77.123 - - [28/Feb/2014:22:17:37 +0100] "GET http://www.autodily-cardo.cz/scripts/flash_news.js HTTP/1.1" 200 2952 "http://www.autodily-cardo.cz/rozvody/napinaci-kladka-gates-gt-t38433/" "Mozilla/5.0 (compatible; Seznam screenshot-generator 2.0; +http://fulltext.sblog.cz/screenshot/)" TCP_MISS:DIRECT
77.75.77.123 - - [28/Feb/2014:22:17:37 +0100] "GET http://www.autodily-cardo.cz/img/ajax-spinner.gif HTTP/1.1" 200 1317 "http://www.autodily-cardo.cz/rozvody/napinaci-kladka-gates-gt-t38433/" "Mozilla/5.0 (compatible; Seznam screenshot-generator 2.0; +http://fulltext.sblog.cz/screenshot/)" TCP_MISS:DIRECT
77.75.77.123 - - [28/Feb/2014:22:17:37 +0100] "GET http://www.autodily-cardo.cz/scripts/prototype.js HTTP/1.1" 200 124104 "http://www.autodily-cardo.cz/rozvody/napinaci-kladka-gates-gt-t38433/" "Mozilla/5.0 (compatible; Seznam screenshot-generator 2.0; +http://fulltext.sblog.cz/screenshot/)" TCP_MISS:DIRECT
77.75.77.123 - - [28/Feb/2014:22:17:37 +0100] "GET http://www.autodily-cardo.cz/img/icons/tree_none.gif HTTP/1.1" 200 526 "http://www.autodily-cardo.cz/rozvody/napinaci-kladka-gates-gt-t38433/" "Mozilla/5.0 (compatible; Seznam screenshot-generator 2.0; +http://fulltext.sblog.cz/screenshot/)" TCP_MISS:DIRECT
77.75.77.123 - - [28/Feb/2014:22:17:37 +0100] "GET http://www.autodily-cardo.cz/obrazky/34113/napinaci-kladka-gates-gt-t38433-chevrolet-opel-default.jpg HTTP/1.1" 200 11129 "http://www.autodily-cardo.cz/rozvody/napinaci-kladka-gates-gt-t38433/" "Mozilla/5.0 (compatible; Seznam screenshot-generator 2.0; +http://fulltext.sblog.cz/screenshot/)" TCP_MISS:DIRECT
77.75.77.123 - - [28/Feb/2014:22:17:38 +0100] "GET http://www.autodily-cardo.cz/img/blank.gif HTTP/1.1" 200 519 "http://www.autodily-cardo.cz/rozvody/napinaci-kladka-gates-gt-t38433/" "Mozilla/5.0 (compatible; Seznam screenshot-generator 2.0; +http://fulltext.sblog.cz/screenshot/)" TCP_MISS:DIRECT
176.107.123.11 - - [28/Feb/2014:22:17:38 +0100] "GET http://www.autodily-cardo.cz/rozvody/vodni-pumpy/ HTTP/1.1" 200 12429 "http://www.autodily-cardo.cz/rozvody/rozvodove-sady/" "Mozilla/5.0 (Windows NT 6.1; WOW64; Trident/7.0; rv:11.0) like Gecko" TCP_MISS:DIRECT
77.75.77.123 - - [28/Feb/2014:22:17:38 +0100] "GET http://www.autodily-cardo.cz/obrazky/26119/castrol-edge-turbo-diesel-5w-40-5l-fst-stitek-castrol-mini.jpg HTTP/1.1" 200 2001 "http://www.autodily-cardo.cz/rozvody/napinaci-kladka-gates-gt-t38433/" "Mozilla/5.0 (compatible; Seznam screenshot-generator 2.0; +http://fulltext.sblog.cz/screenshot/)" TCP_MISS:DIRECT
77.75.77.123 - - [28/Feb/2014:22:17:38 +0100] "GET http://www.autodily-cardo.cz/obrazky/31760/ford-formula-f-5w-30-5l-mini.jpg HTTP/1.1" 200 1903 "http://www.autodily-cardo.cz/rozvody/napinaci-kladka-gates-gt-t38433/" "Mozilla/5.0 (compatible; Seznam screenshot-generator 2.0; +http://fulltext.sblog.cz/screenshot/)" TCP_MISS:DIRECT
176.107.123.11 - - [28/Feb/2014:22:17:38 +0100] "GET http://www.autodily-cardo.cz/obrazky/31610/vodni-pumpa-graf-gr-pa879-vw-skoda-small.jpg HTTP/1.1" 200 3077 "http://www.autodily-cardo.cz/rozvody/vodni-pumpy/" "Mozilla/5.0 (Windows NT 6.1; WOW64; Trident/7.0; rv:11.0) like Gecko" TCP_MISS:DIRECT
176.107.123.11 - - [28/Feb/2014:22:17:38 +0100] "GET http://www.autodily-cardo.cz/obrazky/41265/vodni-pumpa-dolz-a205-small.jpg HTTP/1.1" 200 3640 "http://www.autodily-cardo.cz/rozvody/vodni-pumpy/" "Mozilla/5.0 (Windows NT 6.1; WOW64; Trident/7.0; rv:11.0) like Gecko" TCP_MISS:DIRECT
176.107.123.11 - - [28/Feb/2014:22:17:38 +0100] "GET http://www.autodily-cardo.cz/obrazky/64752/vodni-pumpa-valeo-506700-small.jpg HTTP/1.1" 200 4193 "http://www.autodily-cardo.cz/rozvody/vodni-pumpy/" "Mozilla/5.0 (Windows NT 6.1; WOW64; Trident/7.0; rv:11.0) like Gecko" TCP_MISS:DIRECT
176.107.123.11 - - [28/Feb/2014:22:17:38 +0100] "GET http://www.autodily-cardo.cz/obrazky/39980/vodni-pumpa-febi-fb-21186-seat-vw-small.jpg HTTP/1.1" 200 3253 "http://www.autodily-cardo.cz/rozvody/vodni-pumpy/" "Mozilla/5.0 (Windows NT 6.1; WOW64; Trident/7.0; rv:11.0) like Gecko" TCP_MISS:DIRECT
176.107.123.11 - - [28/Feb/2014:22:17:38 +0100] "GET http://www.autodily-cardo.cz/obrazky/52802/vodni-pumpa-ruville-65422-small.jpg HTTP/1.1" 200 3419 "http://www.autodily-cardo.cz/rozvody/vodni-pumpy/" "Mozilla/5.0 (Windows NT 6.1; WOW64; Trident/7.0; rv:11.0) like Gecko" TCP_MISS:DIRECT
77.75.77.123 - - [28/Feb/2014:22:17:38 +0100] "GET http://www.autodily-cardo.cz/img/design/rss.gif HTTP/1.1" 200 696 "http://www.autodily-cardo.cz/rozvody/napinaci-kladka-gates-gt-t38433/" "Mozilla/5.0 (compatible; Seznam screenshot-generator 2.0; +http://fulltext.sblog.cz/screenshot/)" TCP_MISS:DIRECT
77.75.77.123 - - [28/Feb/2014:22:17:38 +0100] "GET http://www.autodily-cardo.cz/rozvody/napinaci-kladka-gates-gt-t38433/%5C%22%22 HTTP/1.1" 301 718 "http://www.autodily-cardo.cz/rozvody/napinaci-kladka-gates-gt-t38433/" "Mozilla/5.0 (compatible; Seznam screenshot-generator 2.0; +http://fulltext.sblog.cz/screenshot/)" TCP_MISS:DIRECT
77.75.77.123 - - [28/Feb/2014:22:17:38 +0100] "GET http://www.autodily-cardo.cz/rozvody/napinaci-kladka-gates-gt-t38433/%5c%22%22/ HTTP/1.1" 404 20620 "http://www.autodily-cardo.cz/rozvody/napinaci-kladka-gates-gt-t38433/" "Mozilla/5.0 (compatible; Seznam screenshot-generator 2.0; +http://fulltext.sblog.cz/screenshot/)" TCP_MISS:DIRECT
77.75.73.11 - - [28/Feb/2014:22:17:39 +0100] "GET http://www.autodily-cardo.cz/silentbloky/silentblok-ulozeni-napravy-febi-fb-31040/ HTTP/1.1" 200 11157 "-" "Mozilla/5.0 (compatible; SeznamBot/3.2; +http://fulltext.sblog.cz/)" TCP_MISS:DIRECT
85.70.178.46 - - [28/Feb/2014:22:17:40 +0100] "GET http://www.autodily-cardo.cz/obrazky/60233/vzduchovy-filtr-champion-ch-u738-606-ford-original.jpg HTTP/1.1" 200 84352 "http://www.autodily-cardo.cz/filtry-2/vzduchovy-filtr-champion-ch-u738-606/" "Mozilla/5.0 (Windows NT 6.1; WOW64; rv:27.0) Gecko/20100101 Firefox/27.0" TCP_MISS:DIRECT
77.75.73.11 - - [28/Feb/2014:22:17:41 +0100] "GET http://www.autodily-cardo.cz/podvozek/tlumic-perovani-sachs-200-854/ HTTP/1.1" 200 11570 "-" "Mozilla/5.0 (compatible; SeznamBot/3.2; +http://fulltext.sblog.cz/)" TCP_MISS:DIRECT
77.75.73.11 - - [28/Feb/2014:22:17:44 +0100] "GET http://www.autodily-cardo.cz/rozvody/drazkovy-remen-dayco-dy-6pk1275/ HTTP/1.1" 200 11419 "-" "Mozilla/5.0 (compatible; SeznamBot/3.2; +http://fulltext.sblog.cz/)" TCP_MISS:DIRECT
77.75.73.11 - - [28/Feb/2014:22:17:51 +0100] "GET http://www.autodily-cardo.cz/podvozek/tlumic-perovani-sachs-313-390/ HTTP/1.1" 200 11738 "-" "Mozilla/5.0 (compatible; SeznamBot/3.2; +http://fulltext.sblog.cz/)" TCP_MISS:DIRECT
176.107.123.11 - - [28/Feb/2014:22:17:54 +0100] "GET http://www.autodily-cardo.cz/rozvody/rozvodove-sady/ HTTP/1.1" 200 12694 "http://www.autodily-cardo.cz/rozvody/" "Mozilla/5.0 (Windows NT 6.1; WOW64; Trident/7.0; rv:11.0) like Gecko" TCP_MISS:DIRECT
66.249.64.74 - - [28/Feb/2014:22:17:55 +0100] "GET http://www.autodily-cardo.cz/galerie/122715/termostat-wahler-wh-4446-83d-default.jpg HTTP/1.1" 200 34189 "-" "Googlebot-Image/1.0" TCP_MISS:DIRECT
66.249.64.84 - - [28/Feb/2014:22:17:57 +0100] "GET http://www.autodily-cardo.cz/silentbloky/? HTTP/1.1" 200 13013 "-" "Mozilla/5.0 (compatible; Googlebot/2.1; +http://www.google.com/bot.html)" TCP_MISS:DIRECT
77.75.73.11 - - [28/Feb/2014:22:17:59 +0100] "GET http://www.autodily-cardo.cz/brzdovy-system/sada-brzdovych-desticek-brembo-p11001/ HTTP/1.1" 200 11598 "-" "Mozilla/5.0 (compatible; SeznamBot/3.2; +http://fulltext.sblog.cz/)" TCP_MISS:DIRECT
46.30.238.157 - - [28/Feb/2014:22:18:01 +0100] "GET http://www.autodily-cardo.cz/clanky/olej-motorovy-a-prevodovy/ HTTP/1.1" 200 11372 "http://www.autodily-cardo.cz/clanky/prodejna/" "Mozilla/5.0 (Windows NT 6.1; WOW64; rv:27.0) Gecko/20100101 Firefox/27.0" TCP_MISS:DIRECT
77.75.73.11 - - [28/Feb/2014:22:18:01 +0100] "GET http://www.autodily-cardo.cz/silentbloky/ulozeni-kloubovy-hridel-febi-fb-30626/ HTTP/1.1" 200 11484 "-" "Mozilla/5.0 (compatible; SeznamBot/3.2; +http://fulltext.sblog.cz/)" TCP_MISS:DIRECT
65.55.52.108 - - [28/Feb/2014:22:18:02 +0100] "GET http://www.autodily-cardo.cz/rozvody/remenice-klikove-hridele-dayco-dy-dpv1016-fiat-doblo-1-2-00/ HTTP/1.1" 200 11102 "-" "Mozilla/5.0 (compatible; bingbot/2.0; +http://www.bing.com/bingbot.htm)" TCP_MISS:DIRECT
85.70.178.46 - - [28/Feb/2014:22:18:02 +0100] "GET http://www.autodily-cardo.cz/filtry-2/kabinove-filtry/ HTTP/1.1" 200 12837 "http://www.autodily-cardo.cz/filtry-2/vzduchovy-filtr-champion-ch-u738-606/" "Mozilla/5.0 (Windows NT 6.1; WOW64; rv:27.0) Gecko/20100101 Firefox/27.0" TCP_MISS:DIRECT
77.75.73.11 - - [28/Feb/2014:22:18:04 +0100] "GET http://www.autodily-cardo.cz/filtry-2/olejovy-filtr-mann-w1145-80-mf-w1145-80/ HTTP/1.1" 200 11281 "-" "Mozilla/5.0 (compatible; SeznamBot/3.2; +http://fulltext.sblog.cz/)" TCP_MISS:DIRECT
66.249.64.84 - - [28/Feb/2014:22:18:04 +0100] "GET http://www.autodily-cardo.cz/silentbloky/? HTTP/1.1" 200 12999 "-" "Mozilla/5.0 (compatible; Googlebot/2.1; +http://www.google.com/bot.html)" TCP_MISS:DIRECT
77.75.73.11 - - [28/Feb/2014:22:18:06 +0100] "GET http://www.autodily-cardo.cz/podvozek/? HTTP/1.1" 200 13837 "-" "Mozilla/5.0 (compatible; SeznamBot/3.2; +http://fulltext.sblog.cz/)" TCP_MISS:DIRECT
46.30.238.157 - - [28/Feb/2014:22:18:09 +0100] "GET http://www.autodily-cardo.cz/clanky/doprava/ HTTP/1.1" 200 11639 "http://www.autodily-cardo.cz/clanky/olej-motorovy-a-prevodovy/" "Mozilla/5.0 (Windows NT 6.1; WOW64; rv:27.0) Gecko/20100101 Firefox/27.0" TCP_MISS:DIRECT
77.75.73.11 - - [28/Feb/2014:22:18:12 +0100] "GET http://www.autodily-cardo.cz/silentbloky/ulozeni-kloubovy-hridel-febi-fb-27473/ HTTP/1.1" 200 11559 "-" "Mozilla/5.0 (compatible; SeznamBot/3.2; +http://fulltext.sblog.cz/)" TCP_MISS:DIRECT
77.75.73.11 - - [28/Feb/2014:22:18:18 +0100] "GET http://www.autodily-cardo.cz/podvozek/ulozeni-ridici-mechanismus-trw-jbu126-ford-escort-92/ HTTP/1.1" 200 12354 "-" "Mozilla/5.0 (compatible; SeznamBot/3.2; +http://fulltext.sblog.cz/)" TCP_MISS:DIRECT
77.75.73.11 - - [28/Feb/2014:22:18:21 +0100] "GET http://www.autodily-cardo.cz/termostaty/termostat-gates-gt-th14178g2/ HTTP/1.1" 200 11486 "-" "Mozilla/5.0 (compatible; SeznamBot/3.2; +http://fulltext.sblog.cz/)" TCP_MISS:DIRECT
77.75.73.11 - - [28/Feb/2014:22:18:23 +0100] "GET http://www.autodily-cardo.cz/svicky/zapalovaci-svicka-denso-iw06-27/ HTTP/1.1" 200 11078 "-" "Mozilla/5.0 (compatible; SeznamBot/3.2; +http://fulltext.sblog.cz/)" TCP_MISS:DIRECT
66.249.64.84 - - [28/Feb/2014:22:18:24 +0100] "GET http://www.autodily-cardo.cz/podvozek/tyc-vzera-stabilisator-trw-jts218-mazda/ HTTP/1.1" 200 11373 "-" "Mozilla/5.0 (compatible; Googlebot/2.1; +http://www.google.com/bot.html)" TCP_MISS:DIRECT
77.75.73.11 - - [28/Feb/2014:22:18:25 +0100] "GET http://www.autodily-cardo.cz/podvozek/lozisko-pruzne-vzpery-lemforder-lmi-31504-01/ HTTP/1.1" 200 12415 "-" "Mozilla/5.0 (compatible; SeznamBot/3.2; +http://fulltext.sblog.cz/)" TCP_MISS:DIRECT
77.75.73.11 - - [28/Feb/2014:22:18:27 +0100] "GET http://www.autodily-cardo.cz/silentbloky/? HTTP/1.1" 200 12929 "-" "Mozilla/5.0 (compatible; SeznamBot/3.2; +http://fulltext.sblog.cz/)" TCP_MISS:DIRECT
176.107.123.11 - - [28/Feb/2014:22:18:29 +0100] "GET http://www.autodily-cardo.cz/rozvody/remeny/ HTTP/1.1" 200 12425 "http://www.autodily-cardo.cz/rozvody/rozvodove-sady/" "Mozilla/5.0 (Windows NT 6.1; WOW64; Trident/7.0; rv:11.0) like Gecko" TCP_MISS:DIRECT
77.75.73.11 - - [28/Feb/2014:22:18:31 +0100] "GET http://www.autodily-cardo.cz/podvozek/opravna-sada-horni-ulozeni-tlumicu-snr-kb689-00/ HTTP/1.1" 200 11214 "-" "Mozilla/5.0 (compatible; SeznamBot/3.2; +http://fulltext.sblog.cz/)" TCP_MISS:DIRECT
66.249.64.84 - - [28/Feb/2014:22:18:31 +0100] "GET http://www.autodily-cardo.cz/brzdovy-system/brzdovy-kotouc-ate-24-0116-0112-at-416112/ HTTP/1.1" 200 11870 "-" "Mozilla/5.0 (compatible; Googlebot/2.1; +http://www.google.com/bot.html)" TCP_MISS:DIRECT
77.75.73.11 - - [28/Feb/2014:22:18:34 +0100] "GET http://www.autodily-cardo.cz/spojka/spojkova-lamela-luk-lk-327002210/ HTTP/1.1" 200 11287 "-" "Mozilla/5.0 (compatible; SeznamBot/3.2; +http://fulltext.sblog.cz/)" TCP_MISS:DIRECT
178.72.237.234 - - [28/Feb/2014:22:18:35 +0100] "GET http://www.autodily-cardo.cz/rozvody/rozvodove-sady/? HTTP/1.1" 200 13023 "http://search.seznam.cz/?q=530022810%20%2Bvodn%C3%AD%20pumpa" "Opera/9.80 (Windows NT 6.1; WOW64) Presto/2.12.388 Version/12.16" TCP_MISS:DIRECT
178.72.237.234 - - [28/Feb/2014:22:18:35 +0100] "GET http://www.autodily-cardo.cz/print.css HTTP/1.1" 200 1421 "http://www.autodily-cardo.cz/rozvody/rozvodove-sady/?pageno=73" "Opera/9.80 (Windows NT 6.1; WOW64) Presto/2.12.388 Version/12.16" TCP_MISS:DIRECT
178.72.237.234 - - [28/Feb/2014:22:18:35 +0100] "GET http://www.autodily-cardo.cz/scripts/support.js HTTP/1.1" 200 1738 "http://www.autodily-cardo.cz/rozvody/rozvodove-sady/?pageno=73" "Opera/9.80 (Windows NT 6.1; WOW64) Presto/2.12.388 Version/12.16" TCP_MISS:DIRECT
178.72.237.234 - - [28/Feb/2014:22:18:35 +0100] "GET http://www.autodily-cardo.cz/style.css HTTP/1.1" 200 10102 "http://www.autodily-cardo.cz/rozvody/rozvodove-sady/?pageno=73" "Opera/9.80 (Windows NT 6.1; WOW64) Presto/2.12.388 Version/12.16" TCP_MISS:DIRECT
178.72.237.234 - - [28/Feb/2014:22:18:35 +0100] "GET http://www.autodily-cardo.cz/scripts/windows.js HTTP/1.1" 200 1360 "http://www.autodily-cardo.cz/rozvody/rozvodove-sady/?pageno=73" "Opera/9.80 (Windows NT 6.1; WOW64) Presto/2.12.388 Version/12.16" TCP_MISS:DIRECT
178.72.237.234 - - [28/Feb/2014:22:18:35 +0100] "GET http://www.autodily-cardo.cz/scripts/functions.js? HTTP/1.1" 200 2449 "http://www.autodily-cardo.cz/rozvody/rozvodove-sady/?pageno=73" "Opera/9.80 (Windows NT 6.1; WOW64) Presto/2.12.388 Version/12.16" TCP_MISS:DIRECT
178.72.237.234 - - [28/Feb/2014:22:18:35 +0100] "GET http://www.autodily-cardo.cz/img/design/colorizer.css HTTP/1.1" 200 906 "http://www.autodily-cardo.cz/rozvody/rozvodove-sady/?pageno=73" "Opera/9.80 (Windows NT 6.1; WOW64) Presto/2.12.388 Version/12.16" TCP_MISS:DIRECT
178.72.237.234 - - [28/Feb/2014:22:18:35 +0100] "GET http://www.autodily-cardo.cz/scripts/flash_news.js HTTP/1.1" 200 1406 "http://www.autodily-cardo.cz/rozvody/rozvodove-sady/?pageno=73" "Opera/9.80 (Windows NT 6.1; WOW64) Presto/2.12.388 Version/12.16" TCP_MISS:DIRECT
178.72.237.234 - - [28/Feb/2014:22:18:35 +0100] "GET http://www.autodily-cardo.cz/img/ajax-spinner.gif HTTP/1.1" 200 1317 "http://www.autodily-cardo.cz/rozvody/rozvodove-sady/?pageno=73" "Opera/9.80 (Windows NT 6.1; WOW64) Presto/2.12.388 Version/12.16" TCP_MISS:DIRECT
178.72.237.234 - - [28/Feb/2014:22:18:36 +0100] "GET http://www.autodily-cardo.cz/favicon.ico HTTP/1.1" 404 10230 "http://www.autodily-cardo.cz/rozvody/rozvodove-sady/?pageno=73" "Opera/9.80 (Windows NT 6.1; WOW64) Presto/2.12.388 Version/12.16" TCP_MISS:DIRECT
85.70.178.46 - - [28/Feb/2014:22:18:36 +0100] "GET http://www.autodily-cardo.cz/filtry-2/palivove-filtry/ HTTP/1.1" 200 12634 "http://www.autodily-cardo.cz/filtry-2/kabinove-filtry/" "Mozilla/5.0 (Windows NT 6.1; WOW64; rv:27.0) Gecko/20100101 Firefox/27.0" TCP_MISS:DIRECT
178.72.237.234 - - [28/Feb/2014:22:18:36 +0100] "GET http://www.autodily-cardo.cz/img/design/navbar.png HTTP/1.1" 200 580 "http://www.autodily-cardo.cz/rozvody/rozvodove-sady/?pageno=73" "Opera/9.80 (Windows NT 6.1; WOW64) Presto/2.12.388 Version/12.16" TCP_MISS:DIRECT
178.72.237.234 - - [28/Feb/2014:22:18:36 +0100] "GET http://www.autodily-cardo.cz/img/design/navbar_corners_top.png HTTP/1.1" 200 676 "http://www.autodily-cardo.cz/rozvody/rozvodove-sady/?pageno=73" "Opera/9.80 (Windows NT 6.1; WOW64) Presto/2.12.388 Version/12.16" TCP_MISS:DIRECT
178.72.237.234 - - [28/Feb/2014:22:18:36 +0100] "GET http://www.autodily-cardo.cz/img/design/ico-basket.black.gif HTTP/1.1" 200 1307 "http://www.autodily-cardo.cz/rozvody/rozvodove-sady/?pageno=73" "Opera/9.80 (Windows NT 6.1; WOW64) Presto/2.12.388 Version/12.16" TCP_MISS:DIRECT
178.72.237.234 - - [28/Feb/2014:22:18:36 +0100] "GET http://www.autodily-cardo.cz/img/design/panel_h3.png HTTP/1.1" 200 572 "http://www.autodily-cardo.cz/rozvody/rozvodove-sady/?pageno=73" "Opera/9.80 (Windows NT 6.1; WOW64) Presto/2.12.388 Version/12.16" TCP_MISS:DIRECT
178.72.237.234 - - [28/Feb/2014:22:18:36 +0100] "GET http://www.autodily-cardo.cz/img/design/navbar_corners_bottom.png HTTP/1.1" 200 766 "http://www.autodily-cardo.cz/rozvody/rozvodove-sady/?pageno=73" "Opera/9.80 (Windows NT 6.1; WOW64) Presto/2.12.388 Version/12.16" TCP_MISS:DIRECT
178.72.237.234 - - [28/Feb/2014:22:18:36 +0100] "GET http://www.autodily-cardo.cz/scripts/prototype.js HTTP/1.1" 200 28676 "http://www.autodily-cardo.cz/rozvody/rozvodove-sady/?pageno=73" "Opera/9.80 (Windows NT 6.1; WOW64) Presto/2.12.388 Version/12.16" TCP_MISS:DIRECT
178.72.237.234 - - [28/Feb/2014:22:18:36 +0100] "GET http://www.autodily-cardo.cz/img/design/ico-user.black.gif HTTP/1.1" 200 1316 "http://www.autodily-cardo.cz/rozvody/rozvodove-sady/?pageno=73" "Opera/9.80 (Windows NT 6.1; WOW64) Presto/2.12.388 Version/12.16" TCP_MISS:DIRECT
178.72.237.234 - - [28/Feb/2014:22:18:36 +0100] "GET http://www.autodily-cardo.cz/img/design/header.jpg HTTP/1.1" 200 73455 "http://www.autodily-cardo.cz/rozvody/rozvodove-sady/?pageno=73" "Opera/9.80 (Windows NT 6.1; WOW64) Presto/2.12.388 Version/12.16" TCP_MISS:DIRECT
178.72.237.234 - - [28/Feb/2014:22:18:36 +0100] "GET http://www.autodily-cardo.cz/img/icons/tree_none.gif HTTP/1.1" 200 526 "http://www.autodily-cardo.cz/rozvody/rozvodove-sady/?pageno=73" "Opera/9.80 (Windows NT 6.1; WOW64) Presto/2.12.388 Version/12.16" TCP_MISS:DIRECT
178.72.237.234 - - [28/Feb/2014:22:18:36 +0100] "GET http://www.autodily-cardo.cz/img/icons/tree_close.gif HTTP/1.1" 200 648 "http://www.autodily-cardo.cz/rozvody/rozvodove-sady/?pageno=73" "Opera/9.80 (Windows NT 6.1; WOW64) Presto/2.12.388 Version/12.16" TCP_MISS:DIRECT
178.72.237.234 - - [28/Feb/2014:22:18:36 +0100] "GET http://www.autodily-cardo.cz/img/icons/tree_open.gif HTTP/1.1" 200 645 "http://www.autodily-cardo.cz/rozvody/rozvodove-sady/?pageno=73" "Opera/9.80 (Windows NT 6.1; WOW64) Presto/2.12.388 Version/12.16" TCP_MISS:DIRECT
178.72.237.234 - - [28/Feb/2014:22:18:36 +0100] "GET http://www.autodily-cardo.cz/img/design/arrow.gif HTTP/1.1" 200 569 "http://www.autodily-cardo.cz/rozvody/rozvodove-sady/?pageno=73" "Opera/9.80 (Windows NT 6.1; WOW64) Presto/2.12.388 Version/12.16" TCP_MISS:DIRECT
178.72.237.234 - - [28/Feb/2014:22:18:36 +0100] "GET http://www.autodily-cardo.cz/img/design/arrow-up.gif HTTP/1.1" 200 569 "http://www.autodily-cardo.cz/rozvody/rozvodove-sady/?pageno=73" "Opera/9.80 (Windows NT 6.1; WOW64) Presto/2.12.388 Version/12.16" TCP_MISS:DIRECT
178.72.237.234 - - [28/Feb/2014:22:18:36 +0100] "GET http://www.autodily-cardo.cz/img/design/arrow-left.gif HTTP/1.1" 200 569 "http://www.autodily-cardo.cz/rozvody/rozvodove-sady/?pageno=73" "Opera/9.80 (Windows NT 6.1; WOW64) Presto/2.12.388 Version/12.16" TCP_MISS:DIRECT
66.249.64.79 - - [28/Feb/2014:22:18:36 +0100] "GET http://www.autodily-cardo.cz/rozvody/napinaci-kladka-zebrovany-klinovy-remen-snr-ga359-82/ HTTP/1.1" 200 11570 "-" "Mozilla/5.0 (compatible; Googlebot/2.1; +http://www.google.com/bot.html)" TCP_MISS:DIRECT
178.72.237.234 - - [28/Feb/2014:22:18:36 +0100] "GET http://www.autodily-cardo.cz/obrazky/11781/sada-rozvodoveho-remene-ina-in-530022510-fiat-small.jpg HTTP/1.1" 200 3226 "http://www.autodily-cardo.cz/rozvody/rozvodove-sady/?pageno=73" "Opera/9.80 (Windows NT 6.1; WOW64) Presto/2.12.388 Version/12.16" TCP_MISS:DIRECT
178.72.237.234 - - [28/Feb/2014:22:18:36 +0100] "GET http://www.autodily-cardo.cz/obrazky/11778/sada-rozvodoveho-remene-ina-in-530022320-small.jpg HTTP/1.1" 200 4465 "http://www.autodily-cardo.cz/rozvody/rozvodove-sady/?pageno=73" "Opera/9.80 (Windows NT 6.1; WOW64) Presto/2.12.388 Version/12.16" TCP_MISS:DIRECT
178.72.237.234 - - [28/Feb/2014:22:18:36 +0100] "GET http://www.autodily-cardo.cz/obrazky/11779/sada-rozvodoveho-remene-ina-in-530022410-fiat-renault-small.jpg HTTP/1.1" 200 3151 "http://www.autodily-cardo.cz/rozvody/rozvodove-sady/?pageno=73" "Opera/9.80 (Windows NT 6.1; WOW64) Presto/2.12.388 Version/12.16" TCP_MISS:DIRECT
178.72.237.234 - - [28/Feb/2014:22:18:36 +0100] "GET http://www.autodily-cardo.cz/obrazky/11780/sada-rozvodoveho-remene-ina-in-530022420-small.jpg HTTP/1.1" 200 4465 "http://www.autodily-cardo.cz/rozvody/rozvodove-sady/?pageno=73" "Opera/9.80 (Windows NT 6.1; WOW64) Presto/2.12.388 Version/12.16" TCP_MISS:DIRECT
178.72.237.234 - - [28/Feb/2014:22:18:36 +0100] "GET http://www.autodily-cardo.cz/obrazky/11783/sada-rozvodoveho-remene-ina-in-530022610-fiat-small.jpg HTTP/1.1" 200 3221 "http://www.autodily-cardo.cz/rozvody/rozvodove-sady/?pageno=73" "Opera/9.80 (Windows NT 6.1; WOW64) Presto/2.12.388 Version/12.16" TCP_MISS:DIRECT
178.72.237.234 - - [28/Feb/2014:22:18:36 +0100] "GET http://www.autodily-cardo.cz/obrazky/11787/sada-rozvodoveho-remene-ina-in-530022810-fiat-small.jpg HTTP/1.1" 200 3109 "http://www.autodily-cardo.cz/rozvody/rozvodove-sady/?pageno=73" "Opera/9.80 (Windows NT 6.1; WOW64) Presto/2.12.388 Version/12.16" TCP_MISS:DIRECT
178.72.237.234 - - [28/Feb/2014:22:18:36 +0100] "GET http://www.autodily-cardo.cz/obrazky/11786/sada-rozvodoveho-remene-ina-in-530022720-small.jpg HTTP/1.1" 200 4465 "http://www.autodily-cardo.cz/rozvody/rozvodove-sady/?pageno=73" "Opera/9.80 (Windows NT 6.1; WOW64) Presto/2.12.388 Version/12.16" TCP_MISS:DIRECT
178.72.237.234 - - [28/Feb/2014:22:18:36 +0100] "GET http://www.autodily-cardo.cz/obrazky/11784/sada-rozvodoveho-remene-ina-in-530022620-small.jpg HTTP/1.1" 200 4465 "http://www.autodily-cardo.cz/rozvody/rozvodove-sady/?pageno=73" "Opera/9.80 (Windows NT 6.1; WOW64) Presto/2.12.388 Version/12.16" TCP_MISS:DIRECT
178.72.237.234 - - [28/Feb/2014:22:18:36 +0100] "GET http://www.autodily-cardo.cz/obrazky/11785/sada-rozvodoveho-remene-ina-in-530022710-mercedes-benz-small.jpg HTTP/1.1" 200 3226 "http://www.autodily-cardo.cz/rozvody/rozvodove-sady/?pageno=73" "Opera/9.80 (Windows NT 6.1; WOW64) Presto/2.12.388 Version/12.16" TCP_MISS:DIRECT
178.72.237.234 - - [28/Feb/2014:22:18:36 +0100] "GET http://www.autodily-cardo.cz/obrazky/11789/sada-rozvodoveho-remene-ina-in-530022910-fiat-small.jpg HTTP/1.1" 200 3019 "http://www.autodily-cardo.cz/rozvody/rozvodove-sady/?pageno=73" "Opera/9.80 (Windows NT 6.1; WOW64) Presto/2.12.388 Version/12.16" TCP_MISS:DIRECT
178.72.237.234 - - [28/Feb/2014:22:18:36 +0100] "GET http://www.autodily-cardo.cz/obrazky/11793/sada-rozvodoveho-remene-ina-in-530023110-fiat-small.jpg HTTP/1.1" 200 3009 "http://www.autodily-cardo.cz/rozvody/rozvodove-sady/?pageno=73" "Opera/9.80 (Windows NT 6.1; WOW64) Presto/2.12.388 Version/12.16" TCP_MISS:DIRECT
178.72.237.234 - - [28/Feb/2014:22:18:36 +0100] "GET http://www.autodily-cardo.cz/obrazky/11792/sada-rozvodoveho-remene-ina-in-530023020-small.jpg HTTP/1.1" 200 4465 "http://www.autodily-cardo.cz/rozvody/rozvodove-sady/?pageno=73" "Opera/9.80 (Windows NT 6.1; WOW64) Presto/2.12.388 Version/12.16" TCP_MISS:DIRECT
178.72.237.234 - - [28/Feb/2014:22:18:36 +0100] "GET http://www.autodily-cardo.cz/obrazky/11791/sada-rozvodoveho-remene-ina-in-530023010-fiat-small.jpg HTTP/1.1" 200 3968 "http://www.autodily-cardo.cz/rozvody/rozvodove-sady/?pageno=73" "Opera/9.80 (Windows NT 6.1; WOW64) Presto/2.12.388 Version/12.16" TCP_MISS:DIRECT
178.72.237.234 - - [28/Feb/2014:22:18:36 +0100] "GET http://www.autodily-cardo.cz/obrazky/11795/sada-rozvodoveho-remene-ina-in-530023210-fiat-small.jpg HTTP/1.1" 200 3181 "http://www.autodily-cardo.cz/rozvody/rozvodove-sady/?pageno=73" "Opera/9.80 (Windows NT 6.1; WOW64) Presto/2.12.388 Version/12.16" TCP_MISS:DIRECT
178.72.237.234 - - [28/Feb/2014:22:18:36 +0100] "GET http://www.autodily-cardo.cz/obrazky/26119/castrol-edge-turbo-diesel-5w-40-5l-fst-stitek-castrol-mini.jpg HTTP/1.1" 200 2001 "http://www.autodily-cardo.cz/rozvody/rozvodove-sady/?pageno=73" "Opera/9.80 (Windows NT 6.1; WOW64) Presto/2.12.388 Version/12.16" TCP_MISS:DIRECT
178.72.237.234 - - [28/Feb/2014:22:18:37 +0100] "GET http://www.autodily-cardo.cz/img/blank.gif HTTP/1.1" 200 519 "http://www.autodily-cardo.cz/rozvody/rozvodove-sady/?pageno=73" "Opera/9.80 (Windows NT 6.1; WOW64) Presto/2.12.388 Version/12.16" TCP_MISS:DIRECT
178.72.237.234 - - [28/Feb/2014:22:18:37 +0100] "GET http://www.autodily-cardo.cz/obrazky/11790/sada-rozvodoveho-remene-ina-in-530022920-small.jpg HTTP/1.1" 200 4465 "http://www.autodily-cardo.cz/rozvody/rozvodove-sady/?pageno=73" "Opera/9.80 (Windows NT 6.1; WOW64) Presto/2.12.388 Version/12.16" TCP_MISS:DIRECT
178.72.237.234 - - [28/Feb/2014:22:18:37 +0100] "GET http://www.autodily-cardo.cz/obrazky/59/total-quartz-9000-5w-40-5l-mini.jpg HTTP/1.1" 200 1995 "http://www.autodily-cardo.cz/rozvody/rozvodove-sady/?pageno=73" "Opera/9.80 (Windows NT 6.1; WOW64) Presto/2.12.388 Version/12.16" TCP_MISS:DIRECT
178.72.237.234 - - [28/Feb/2014:22:18:37 +0100] "GET http://www.autodily-cardo.cz/obrazky/11797/sada-rozvodoveho-remene-ina-in-530023320-small.jpg HTTP/1.1" 200 4465 "http://www.autodily-cardo.cz/rozvody/rozvodove-sady/?pageno=73" "Opera/9.80 (Windows NT 6.1; WOW64) Presto/2.12.388 Version/12.16" TCP_MISS:DIRECT
178.72.237.234 - - [28/Feb/2014:22:18:37 +0100] "GET http://www.autodily-cardo.cz/img/design/rss.gif HTTP/1.1" 200 696 "http://www.autodily-cardo.cz/rozvody/rozvodove-sady/?pageno=73" "Opera/9.80 (Windows NT 6.1; WOW64) Presto/2.12.388 Version/12.16" TCP_MISS:DIRECT
178.72.237.234 - - [28/Feb/2014:22:18:37 +0100] "GET http://www.autodily-cardo.cz/img/goods/mini/noimage.gif HTTP/1.1" 200 534 "http://www.autodily-cardo.cz/rozvody/rozvodove-sady/?pageno=73" "Opera/9.80 (Windows NT 6.1; WOW64) Presto/2.12.388 Version/12.16" TCP_MISS:DIRECT
178.72.237.234 - - [28/Feb/2014:22:18:37 +0100] "GET http://www.autodily-cardo.cz/obrazky/11796/sada-rozvodoveho-remene-ina-in-530023220-small.jpg HTTP/1.1" 200 4465 "http://www.autodily-cardo.cz/rozvody/rozvodove-sady/?pageno=73" "Opera/9.80 (Windows NT 6.1; WOW64) Presto/2.12.388 Version/12.16" TCP_MISS:DIRECT
178.72.237.234 - - [28/Feb/2014:22:18:37 +0100] "GET http://www.autodily-cardo.cz/img/design/button.png HTTP/1.1" 200 3342 "http://www.autodily-cardo.cz/rozvody/rozvodove-sady/?pageno=73" "Opera/9.80 (Windows NT 6.1; WOW64) Presto/2.12.388 Version/12.16" TCP_MISS:DIRECT
178.72.237.234 - - [28/Feb/2014:22:18:37 +0100] "GET http://www.autodily-cardo.cz/obrazky/66289/vzduchovy-filtr-purflux-a591-mini.jpg HTTP/1.1" 200 2230 "http://www.autodily-cardo.cz/rozvody/rozvodove-sady/?pageno=73" "Opera/9.80 (Windows NT 6.1; WOW64) Presto/2.12.388 Version/12.16" TCP_MISS:DIRECT
178.72.237.234 - - [28/Feb/2014:22:18:37 +0100] "GET http://www.autodily-cardo.cz/img/design/bg_products_cleaner.png HTTP/1.1" 200 565 "http://www.autodily-cardo.cz/rozvody/rozvodove-sady/?pageno=73" "Opera/9.80 (Windows NT 6.1; WOW64) Presto/2.12.388 Version/12.16" TCP_MISS:DIRECT
178.72.237.234 - - [28/Feb/2014:22:18:37 +0100] "GET http://www.autodily-cardo.cz/img/design/button-basket.png HTTP/1.1" 200 3970 "http://www.autodily-cardo.cz/rozvody/rozvodove-sady/?pageno=73" "Opera/9.80 (Windows NT 6.1; WOW64) Presto/2.12.388 Version/12.16" TCP_MISS:DIRECT
178.72.237.234 - - [28/Feb/2014:22:18:37 +0100] "GET http://www.autodily-cardo.cz/obrazky/66290/palivovy-filtr-purflux-ep196-mini.jpg HTTP/1.1" 200 1902 "http://www.autodily-cardo.cz/rozvody/rozvodove-sady/?pageno=73" "Opera/9.80 (Windows NT 6.1; WOW64) Presto/2.12.388 Version/12.16" TCP_MISS:DIRECT
178.72.237.234 - - [28/Feb/2014:22:18:37 +0100] "GET http://www.autodily-cardo.cz/img/design/ico-email.png HTTP/1.1" 200 3320 "http://www.autodily-cardo.cz/rozvody/rozvodove-sady/?pageno=73" "Opera/9.80 (Windows NT 6.1; WOW64) Presto/2.12.388 Version/12.16" TCP_MISS:DIRECT
178.72.237.234 - - [28/Feb/2014:22:18:37 +0100] "GET http://www.autodily-cardo.cz/img/design/lupa.png HTTP/1.1" 200 1693 "http://www.autodily-cardo.cz/rozvody/rozvodove-sady/?pageno=73" "Opera/9.80 (Windows NT 6.1; WOW64) Presto/2.12.388 Version/12.16" TCP_MISS:DIRECT
178.72.237.234 - - [28/Feb/2014:22:18:37 +0100] "GET http://www.autodily-cardo.cz/img/design/bg_page.png HTTP/1.1" 200 1100 "http://www.autodily-cardo.cz/rozvody/rozvodove-sady/?pageno=73" "Opera/9.80 (Windows NT 6.1; WOW64) Presto/2.12.388 Version/12.16" TCP_MISS:DIRECT
178.72.237.234 - - [28/Feb/2014:22:18:37 +0100] "GET http://www.autodily-cardo.cz/img/design/arrow-down.gif HTTP/1.1" 200 569 "http://www.autodily-cardo.cz/rozvody/rozvodove-sady/?pageno=73" "Opera/9.80 (Windows NT 6.1; WOW64) Presto/2.12.388 Version/12.16" TCP_MISS:DIRECT
178.72.237.234 - - [28/Feb/2014:22:18:37 +0100] "GET http://www.autodily-cardo.cz/obrazky/11782/sada-rozvodoveho-remene-ina-in-530022520-small.jpg HTTP/1.1" 200 4465 "http://www.autodily-cardo.cz/rozvody/rozvodove-sady/?pageno=73" "Opera/9.80 (Windows NT 6.1; WOW64) Presto/2.12.388 Version/12.16" TCP_MISS:DIRECT
