62.109.132.2 - - [30/Mar/2014:06:27:13 +0200] "GET /kamera/vlek001M.jpg HTTP/1.0" 200 38781 "-" "-"
89.185.245.6 - - [30/Mar/2014:06:30:05 +0200] "GET /clientraw.txt HTTP/1.0" 200 1066 "-" "-"
217.198.114.6 - - [30/Mar/2014:06:30:08 +0200] "GET /kamera/vlek001M.jpg HTTP/1.0" 200 8688 "-" "-"
217.198.114.6 - - [30/Mar/2014:06:30:08 +0200] "GET /kamera/vlek001M.jpg HTTP/1.1" 200 39305 "-" "Mozilla/4.0 (compatible; MSIE 6.0; Windows NT 5.1; SV1)"
80.79.22.37 - - [30/Mar/2014:06:30:35 +0200] "GET /kamera/vlek001M.jpg HTTP/1.0" 200 39361 "-" "Wget/1.12 (linux-gnu)"
62.109.132.2 - - [30/Mar/2014:06:30:58 +0200] "GET / HTTP/1.0" 200 13087 "-" "-"
208.115.113.92 - - [30/Mar/2014:06:31:22 +0200] "GET / HTTP/1.1" 200 13114 "-" "Mozilla/5.0 (compatible; Ezooms/1.0; help@moz.com)"
62.109.132.2 - - [30/Mar/2014:06:31:36 +0200] "GET /kamera/vlek001M.jpg HTTP/1.0" 200 39385 "-" "-"
62.109.132.2 - - [30/Mar/2014:06:31:38 +0200] "GET /kamera/vlek001M.jpg HTTP/1.0" 200 39385 "-" "-"
80.79.22.37 - - [30/Mar/2014:06:35:22 +0200] "GET /kamera/vlek001M.jpg HTTP/1.0" 200 38212 "-" "Wget/1.12 (linux-gnu)"
62.109.132.2 - - [30/Mar/2014:06:36:34 +0200] "GET /kamera/vlek001M.jpg HTTP/1.0" 200 38116 "-" "-"
157.55.35.95 - - [30/Mar/2014:07:21:22 +0200] "GET /robots.txt HTTP/1.1" 404 526 "-" "Mozilla/5.0 (compatible; bingbot/2.0; +http://www.bing.com/bingbot.htm)"
62.109.132.2 - - [30/Mar/2014:07:21:30 +0200] "GET /kamera/vlek001M.jpg HTTP/1.0" 200 37544 "-" "-"
85.25.124.152 - - [30/Mar/2014:07:22:43 +0200] "GET /kamera/vlek001M.jpg HTTP/1.0" 200 37816 "-" "Wget/1.12 (linux-gnu)"
157.55.35.95 - - [30/Mar/2014:07:24:00 +0200] "GET / HTTP/1.0" 200 13085 "-" "Mozilla/5.0 (compatible; bingbot/2.0; +http://www.bing.com/bingbot.htm)"
199.30.24.216 - - [30/Mar/2014:07:24:02 +0200] "GET /moonicon.gif HTTP/1.1" 200 1189 "http://meteo.alkep.cz/" "Mozilla/5.0 (Windows NT 6.1; WOW64) AppleWebKit/534+ (KHTML, like Gecko) BingPreview/1.0b"
199.30.24.216 - - [30/Mar/2014:07:24:02 +0200] "GET /sunicon.jpg HTTP/1.1" 200 2702 "http://meteo.alkep.cz/" "Mozilla/5.0 (Windows NT 6.1; WOW64) AppleWebKit/534+ (KHTML, like Gecko) BingPreview/1.0b"
199.30.24.216 - - [30/Mar/2014:07:24:02 +0200] "GET /cloudyperiods.gif HTTP/1.1" 200 5624 "http://meteo.alkep.cz/" "Mozilla/5.0 (Windows NT 6.1; WOW64) AppleWebKit/534+ (KHTML, like Gecko) BingPreview/1.0b"
199.30.24.216 - - [30/Mar/2014:07:24:02 +0200] "GET /kamera/vlek001M.jpg HTTP/1.1" 200 37754 "http://meteo.alkep.cz/" "Mozilla/5.0 (Windows NT 6.1; WOW64) AppleWebKit/534+ (KHTML, like Gecko) BingPreview/1.0b"
199.30.24.216 - - [30/Mar/2014:07:24:03 +0200] "GET /graphs/rain_hour.php HTTP/1.1" 200 2459 "http://meteo.alkep.cz/" "Mozilla/5.0 (Windows NT 6.1; WOW64) AppleWebKit/534+ (KHTML, like Gecko) BingPreview/1.0b"
199.30.24.216 - - [30/Mar/2014:07:24:03 +0200] "GET /graphs/wind_hour.php HTTP/1.1" 200 5255 "http://meteo.alkep.cz/" "Mozilla/5.0 (Windows NT 6.1; WOW64) AppleWebKit/534+ (KHTML, like Gecko) BingPreview/1.0b"
199.30.24.216 - - [30/Mar/2014:07:24:03 +0200] "GET /graphs/temp_hum_hour.php HTTP/1.1" 200 4310 "http://meteo.alkep.cz/" "Mozilla/5.0 (Windows NT 6.1; WOW64) AppleWebKit/534+ (KHTML, like Gecko) BingPreview/1.0b"
199.30.24.216 - - [30/Mar/2014:07:24:04 +0200] "GET /graphs/solar_hour.php HTTP/1.1" 200 2151 "http://meteo.alkep.cz/" "Mozilla/5.0 (Windows NT 6.1; WOW64) AppleWebKit/534+ (KHTML, like Gecko) BingPreview/1.0b"
199.30.24.216 - - [30/Mar/2014:07:24:05 +0200] "GET /gila-print.css HTTP/1.1" 200 1013 "http://meteo.alkep.cz/" "Mozilla/5.0 (Windows NT 6.1; WOW64) AppleWebKit/534+ (KHTML, like Gecko) BingPreview/1.0b"
80.79.22.37 - - [30/Mar/2014:07:25:21 +0200] "GET /kamera/vlek001M.jpg HTTP/1.0" 200 37604 "-" "Wget/1.12 (linux-gnu)"
62.109.132.2 - - [30/Mar/2014:07:26:28 +0200] "GET /kamera/vlek001M.jpg HTTP/1.0" 200 37592 "-" "-"
85.207.208.130 - - [30/Mar/2014:07:28:28 +0200] "GET /index.php HTTP/1.1" 200 4470 "-" "Mozilla/5.0 (Windows NT 6.1; WOW64) AppleWebKit/537.36 (KHTML, like Gecko) Chrome/33.0.1750.154 Safari/537.36"
85.207.208.130 - - [30/Mar/2014:07:28:28 +0200] "GET /gila-screen.css HTTP/1.1" 304 215 "http://meteo.alkep.cz/" "Mozilla/5.0 (Windows NT 6.1; WOW64) AppleWebKit/537.36 (KHTML, like Gecko) Chrome/33.0.1750.154 Safari/537.36"
85.207.208.130 - - [30/Mar/2014:07:28:28 +0200] "GET /gila-print.css HTTP/1.1" 304 214 "http://meteo.alkep.cz/" "Mozilla/5.0 (Windows NT 6.1; WOW64) AppleWebKit/537.36 (KHTML, like Gecko) Chrome/33.0.1750.154 Safari/537.36"
85.207.208.130 - - [30/Mar/2014:07:28:28 +0200] "GET /sunicon.jpg HTTP/1.1" 304 198 "http://meteo.alkep.cz/" "Mozilla/5.0 (Windows NT 6.1; WOW64) AppleWebKit/537.36 (KHTML, like Gecko) Chrome/33.0.1750.154 Safari/537.36"
85.207.208.130 - - [30/Mar/2014:07:28:28 +0200] "GET /moonicon.gif HTTP/1.1" 200 1245 "http://meteo.alkep.cz/" "Mozilla/5.0 (Windows NT 6.1; WOW64) AppleWebKit/537.36 (KHTML, like Gecko) Chrome/33.0.1750.154 Safari/537.36"
85.207.208.130 - - [30/Mar/2014:07:28:28 +0200] "GET /cloudyperiods.gif HTTP/1.1" 304 199 "http://meteo.alkep.cz/index.php" "Mozilla/5.0 (Windows NT 6.1; WOW64) AppleWebKit/537.36 (KHTML, like Gecko) Chrome/33.0.1750.154 Safari/537.36"
85.207.208.130 - - [30/Mar/2014:07:28:28 +0200] "GET /kamera/vlek001M.jpg HTTP/1.1" 200 37426 "http://meteo.alkep.cz/index.php" "Mozilla/5.0 (Windows NT 6.1; WOW64) AppleWebKit/537.36 (KHTML, like Gecko) Chrome/33.0.1750.154 Safari/537.36"
85.207.208.130 - - [30/Mar/2014:07:28:28 +0200] "GET /graphs/rain_hour.php HTTP/1.1" 200 2502 "http://meteo.alkep.cz/index.php" "Mozilla/5.0 (Windows NT 6.1; WOW64) AppleWebKit/537.36 (KHTML, like Gecko) Chrome/33.0.1750.154 Safari/537.36"
85.207.208.130 - - [30/Mar/2014:07:28:28 +0200] "GET /graphs/solar_hour.php HTTP/1.1" 200 2192 "http://meteo.alkep.cz/index.php" "Mozilla/5.0 (Windows NT 6.1; WOW64) AppleWebKit/537.36 (KHTML, like Gecko) Chrome/33.0.1750.154 Safari/537.36"
85.207.208.130 - - [30/Mar/2014:07:28:28 +0200] "GET /graphs/temp_hum_hour.php HTTP/1.1" 200 4367 "http://meteo.alkep.cz/index.php" "Mozilla/5.0 (Windows NT 6.1; WOW64) AppleWebKit/537.36 (KHTML, like Gecko) Chrome/33.0.1750.154 Safari/537.36"
85.207.208.130 - - [30/Mar/2014:07:28:28 +0200] "GET /graphs/wind_hour.php HTTP/1.1" 200 5302 "http://meteo.alkep.cz/index.php" "Mozilla/5.0 (Windows NT 6.1; WOW64) AppleWebKit/537.36 (KHTML, like Gecko) Chrome/33.0.1750.154 Safari/537.36"
66.249.64.126 - - [30/Mar/2014:07:28:29 +0200] "GET /index.php HTTP/1.1" 200 4470 "-" "Mediapartners-Google"
85.207.208.130 - - [30/Mar/2014:07:28:37 +0200] "GET /index_test.php HTTP/1.1" 200 2546 "-" "Mozilla/5.0 (Windows NT 6.1; WOW64) AppleWebKit/537.36 (KHTML, like Gecko) Chrome/33.0.1750.154 Safari/537.36"
85.207.208.130 - - [30/Mar/2014:07:28:37 +0200] "GET /gila-print.css HTTP/1.1" 304 214 "http://meteo.alkep.cz/index_test.php" "Mozilla/5.0 (Windows NT 6.1; WOW64) AppleWebKit/537.36 (KHTML, like Gecko) Chrome/33.0.1750.154 Safari/537.36"
85.207.208.130 - - [30/Mar/2014:07:28:38 +0200] "GET /cloudyperiods.gif HTTP/1.1" 304 199 "http://meteo.alkep.cz/index_test.php" "Mozilla/5.0 (Windows NT 6.1; WOW64) AppleWebKit/537.36 (KHTML, like Gecko) Chrome/33.0.1750.154 Safari/537.36"
85.207.208.130 - - [30/Mar/2014:07:28:38 +0200] "GET /webcamimage.jpg HTTP/1.1" 200 68494 "http://meteo.alkep.cz/index_test.php" "Mozilla/5.0 (Windows NT 6.1; WOW64) AppleWebKit/537.36 (KHTML, like Gecko) Chrome/33.0.1750.154 Safari/537.36"
85.207.208.130 - - [30/Mar/2014:07:28:38 +0200] "GET /graphs/solar24.php HTTP/1.1" 200 5509 "http://meteo.alkep.cz/index_test.php" "Mozilla/5.0 (Windows NT 6.1; WOW64) AppleWebKit/537.36 (KHTML, like Gecko) Chrome/33.0.1750.154 Safari/537.36"
85.207.208.130 - - [30/Mar/2014:07:28:38 +0200] "GET /graphs/hours_energy.php HTTP/1.1" 200 7136 "http://meteo.alkep.cz/index_test.php" "Mozilla/5.0 (Windows NT 6.1; WOW64) AppleWebKit/537.36 (KHTML, like Gecko) Chrome/33.0.1750.154 Safari/537.36"
85.207.208.130 - - [30/Mar/2014:07:28:38 +0200] "GET /graphs/min_energy.php HTTP/1.1" 200 6467 "http://meteo.alkep.cz/index_test.php" "Mozilla/5.0 (Windows NT 6.1; WOW64) AppleWebKit/537.36 (KHTML, like Gecko) Chrome/33.0.1750.154 Safari/537.36"
85.207.208.130 - - [30/Mar/2014:07:28:38 +0200] "GET /week.jpg HTTP/1.1" 200 87260 "http://meteo.alkep.cz/index_test.php" "Mozilla/5.0 (Windows NT 6.1; WOW64) AppleWebKit/537.36 (KHTML, like Gecko) Chrome/33.0.1750.154 Safari/537.36"
85.207.208.130 - - [30/Mar/2014:07:28:38 +0200] "GET /day.jpg HTTP/1.1" 200 103757 "http://meteo.alkep.cz/index_test.php" "Mozilla/5.0 (Windows NT 6.1; WOW64) AppleWebKit/537.36 (KHTML, like Gecko) Chrome/33.0.1750.154 Safari/537.36"
85.207.208.130 - - [30/Mar/2014:07:28:38 +0200] "GET /extrarealtimegraph.gif HTTP/1.1" 200 23962 "http://meteo.alkep.cz/index_test.php" "Mozilla/5.0 (Windows NT 6.1; WOW64) AppleWebKit/537.36 (KHTML, like Gecko) Chrome/33.0.1750.154 Safari/537.36"
85.207.208.130 - - [30/Mar/2014:07:28:38 +0200] "GET /lighteninggraph.gif HTTP/1.1" 200 12308 "http://meteo.alkep.cz/index_test.php" "Mozilla/5.0 (Windows NT 6.1; WOW64) AppleWebKit/537.36 (KHTML, like Gecko) Chrome/33.0.1750.154 Safari/537.36"
85.207.208.130 - - [30/Mar/2014:07:28:50 +0200] "GET /Sucha%20Rudna.htm HTTP/1.1" 200 3887 "-" "Mozilla/5.0 (Windows NT 6.1; WOW64) AppleWebKit/537.36 (KHTML, like Gecko) Chrome/33.0.1750.154 Safari/537.36"
85.207.208.130 - - [30/Mar/2014:07:28:51 +0200] "GET /extradials.gif HTTP/1.1" 404 507 "http://meteo.alkep.cz/Sucha%20Rudna.htm" "Mozilla/5.0 (Windows NT 6.1; WOW64) AppleWebKit/537.36 (KHTML, like Gecko) Chrome/33.0.1750.154 Safari/537.36"
85.207.208.130 - - [30/Mar/2014:07:28:51 +0200] "GET /dirplot.gif HTTP/1.1" 200 13689 "http://meteo.alkep.cz/Sucha%20Rudna.htm" "Mozilla/5.0 (Windows NT 6.1; WOW64) AppleWebKit/537.36 (KHTML, like Gecko) Chrome/33.0.1750.154 Safari/537.36"
85.207.208.130 - - [30/Mar/2014:07:28:51 +0200] "GET /extrarealtimegraph.gif HTTP/1.1" 200 23962 "http://meteo.alkep.cz/Sucha%20Rudna.htm" "Mozilla/5.0 (Windows NT 6.1; WOW64) AppleWebKit/537.36 (KHTML, like Gecko) Chrome/33.0.1750.154 Safari/537.36"
85.207.208.130 - - [30/Mar/2014:07:28:51 +0200] "GET /summary.gif HTTP/1.1" 200 16011 "http://meteo.alkep.cz/Sucha%20Rudna.htm" "Mozilla/5.0 (Windows NT 6.1; WOW64) AppleWebKit/537.36 (KHTML, like Gecko) Chrome/33.0.1750.154 Safari/537.36"
85.207.208.130 - - [30/Mar/2014:07:28:51 +0200] "GET /dailyhighlowbaroetc.gif HTTP/1.1" 200 21321 "http://meteo.alkep.cz/Sucha%20Rudna.htm" "Mozilla/5.0 (Windows NT 6.1; WOW64) AppleWebKit/537.36 (KHTML, like Gecko) Chrome/33.0.1750.154 Safari/537.36"
85.207.208.130 - - [30/Mar/2014:07:28:51 +0200] "GET /moondetail1.gif HTTP/1.1" 200 7104 "http://meteo.alkep.cz/Sucha%20Rudna.htm" "Mozilla/5.0 (Windows NT 6.1; WOW64) AppleWebKit/537.36 (KHTML, like Gecko) Chrome/33.0.1750.154 Safari/537.36"
85.207.208.130 - - [30/Mar/2014:07:28:51 +0200] "GET /moondetail2.gif HTTP/1.1" 200 5138 "http://meteo.alkep.cz/Sucha%20Rudna.htm" "Mozilla/5.0 (Windows NT 6.1; WOW64) AppleWebKit/537.36 (KHTML, like Gecko) Chrome/33.0.1750.154 Safari/537.36"
85.207.208.130 - - [30/Mar/2014:07:28:51 +0200] "GET /sunmoonimage.jpg HTTP/1.1" 200 47601 "http://meteo.alkep.cz/Sucha%20Rudna.htm" "Mozilla/5.0 (Windows NT 6.1; WOW64) AppleWebKit/537.36 (KHTML, like Gecko) Chrome/33.0.1750.154 Safari/537.36"
85.207.208.130 - - [30/Mar/2014:07:28:51 +0200] "GET /Sucha%20Rudna.gif HTTP/1.1" 200 123737 "http://meteo.alkep.cz/Sucha%20Rudna.htm" "Mozilla/5.0 (Windows NT 6.1; WOW64) AppleWebKit/537.36 (KHTML, like Gecko) Chrome/33.0.1750.154 Safari/537.36"
85.207.208.130 - - [30/Mar/2014:07:29:39 +0200] "GET /index_test.php HTTP/1.1" 200 2544 "http://meteo.alkep.cz/index_test.php" "Mozilla/5.0 (Windows NT 6.1; WOW64) AppleWebKit/537.36 (KHTML, like Gecko) Chrome/33.0.1750.154 Safari/537.36"
85.207.208.130 - - [30/Mar/2014:07:29:39 +0200] "GET /gila-print.css HTTP/1.1" 304 214 "http://meteo.alkep.cz/index_test.php" "Mozilla/5.0 (Windows NT 6.1; WOW64) AppleWebKit/537.36 (KHTML, like Gecko) Chrome/33.0.1750.154 Safari/537.36"
85.207.208.130 - - [30/Mar/2014:07:29:39 +0200] "GET /webcamimage.jpg HTTP/1.1" 304 200 "http://meteo.alkep.cz/index_test.php" "Mozilla/5.0 (Windows NT 6.1; WOW64) AppleWebKit/537.36 (KHTML, like Gecko) Chrome/33.0.1750.154 Safari/537.36"
85.207.208.130 - - [30/Mar/2014:07:29:39 +0200] "GET /cloudyperiods.gif HTTP/1.1" 304 199 "http://meteo.alkep.cz/index_test.php" "Mozilla/5.0 (Windows NT 6.1; WOW64) AppleWebKit/537.36 (KHTML, like Gecko) Chrome/33.0.1750.154 Safari/537.36"
85.207.208.130 - - [30/Mar/2014:07:29:39 +0200] "GET /graphs/solar24.php HTTP/1.1" 200 4869 "http://meteo.alkep.cz/index_test.php" "Mozilla/5.0 (Windows NT 6.1; WOW64) AppleWebKit/537.36 (KHTML, like Gecko) Chrome/33.0.1750.154 Safari/537.36"
85.207.208.130 - - [30/Mar/2014:07:29:39 +0200] "GET /graphs/hours_energy.php HTTP/1.1" 200 7136 "http://meteo.alkep.cz/index_test.php" "Mozilla/5.0 (Windows NT 6.1; WOW64) AppleWebKit/537.36 (KHTML, like Gecko) Chrome/33.0.1750.154 Safari/537.36"
85.207.208.130 - - [30/Mar/2014:07:29:39 +0200] "GET /day.jpg HTTP/1.1" 304 200 "http://meteo.alkep.cz/index_test.php" "Mozilla/5.0 (Windows NT 6.1; WOW64) AppleWebKit/537.36 (KHTML, like Gecko) Chrome/33.0.1750.154 Safari/537.36"
85.207.208.130 - - [30/Mar/2014:07:29:39 +0200] "GET /extrarealtimegraph.gif HTTP/1.1" 304 199 "http://meteo.alkep.cz/index_test.php" "Mozilla/5.0 (Windows NT 6.1; WOW64) AppleWebKit/537.36 (KHTML, like Gecko) Chrome/33.0.1750.154 Safari/537.36"
85.207.208.130 - - [30/Mar/2014:07:29:39 +0200] "GET /week.jpg HTTP/1.1" 304 200 "http://meteo.alkep.cz/index_test.php" "Mozilla/5.0 (Windows NT 6.1; WOW64) AppleWebKit/537.36 (KHTML, like Gecko) Chrome/33.0.1750.154 Safari/537.36"
85.207.208.130 - - [30/Mar/2014:07:29:39 +0200] "GET /graphs/min_energy.php HTTP/1.1" 200 6467 "http://meteo.alkep.cz/index_test.php" "Mozilla/5.0 (Windows NT 6.1; WOW64) AppleWebKit/537.36 (KHTML, like Gecko) Chrome/33.0.1750.154 Safari/537.36"
85.207.208.130 - - [30/Mar/2014:07:29:39 +0200] "GET /lighteninggraph.gif HTTP/1.1" 304 199 "http://meteo.alkep.cz/index_test.php" "Mozilla/5.0 (Windows NT 6.1; WOW64) AppleWebKit/537.36 (KHTML, like Gecko) Chrome/33.0.1750.154 Safari/537.36"
89.185.245.6 - - [30/Mar/2014:07:30:06 +0200] "GET /clientraw.txt HTTP/1.0" 200 1078 "-" "-"
217.198.114.6 - - [30/Mar/2014:07:30:10 +0200] "GET /kamera/vlek001M.jpg HTTP/1.0" 200 35477 "-" "-"
217.198.114.6 - - [30/Mar/2014:07:30:10 +0200] "GET /kamera/vlek001M.jpg HTTP/1.1" 200 37658 "-" "Mozilla/4.0 (compatible; MSIE 6.0; Windows NT 5.1; SV1)"
80.79.22.37 - - [30/Mar/2014:07:30:26 +0200] "GET /kamera/vlek001M.jpg HTTP/1.0" 200 37714 "-" "Wget/1.12 (linux-gnu)"
85.207.208.130 - - [30/Mar/2014:07:30:40 +0200] "GET /index_test.php HTTP/1.1" 200 2544 "http://meteo.alkep.cz/index_test.php" "Mozilla/5.0 (Windows NT 6.1; WOW64) AppleWebKit/537.36 (KHTML, like Gecko) Chrome/33.0.1750.154 Safari/537.36"
85.207.208.130 - - [30/Mar/2014:07:30:40 +0200] "GET /gila-print.css HTTP/1.1" 304 214 "http://meteo.alkep.cz/index_test.php" "Mozilla/5.0 (Windows NT 6.1; WOW64) AppleWebKit/537.36 (KHTML, like Gecko) Chrome/33.0.1750.154 Safari/537.36"
85.207.208.130 - - [30/Mar/2014:07:30:40 +0200] "GET /cloudyperiods.gif HTTP/1.1" 304 199 "http://meteo.alkep.cz/index_test.php" "Mozilla/5.0 (Windows NT 6.1; WOW64) AppleWebKit/537.36 (KHTML, like Gecko) Chrome/33.0.1750.154 Safari/537.36"
85.207.208.130 - - [30/Mar/2014:07:30:40 +0200] "GET /webcamimage.jpg HTTP/1.1" 200 68304 "http://meteo.alkep.cz/index_test.php" "Mozilla/5.0 (Windows NT 6.1; WOW64) AppleWebKit/537.36 (KHTML, like Gecko) Chrome/33.0.1750.154 Safari/537.36"
85.207.208.130 - - [30/Mar/2014:07:30:40 +0200] "GET /week.jpg HTTP/1.1" 304 200 "http://meteo.alkep.cz/index_test.php" "Mozilla/5.0 (Windows NT 6.1; WOW64) AppleWebKit/537.36 (KHTML, like Gecko) Chrome/33.0.1750.154 Safari/537.36"
85.207.208.130 - - [30/Mar/2014:07:30:40 +0200] "GET /graphs/solar24.php HTTP/1.1" 200 4869 "http://meteo.alkep.cz/index_test.php" "Mozilla/5.0 (Windows NT 6.1; WOW64) AppleWebKit/537.36 (KHTML, like Gecko) Chrome/33.0.1750.154 Safari/537.36"
85.207.208.130 - - [30/Mar/2014:07:30:40 +0200] "GET /extrarealtimegraph.gif HTTP/1.1" 200 23723 "http://meteo.alkep.cz/index_test.php" "Mozilla/5.0 (Windows NT 6.1; WOW64) AppleWebKit/537.36 (KHTML, like Gecko) Chrome/33.0.1750.154 Safari/537.36"
85.207.208.130 - - [30/Mar/2014:07:30:40 +0200] "GET /lighteninggraph.gif HTTP/1.1" 200 12330 "http://meteo.alkep.cz/index_test.php" "Mozilla/5.0 (Windows NT 6.1; WOW64) AppleWebKit/537.36 (KHTML, like Gecko) Chrome/33.0.1750.154 Safari/537.36"
85.207.208.130 - - [30/Mar/2014:07:30:40 +0200] "GET /graphs/hours_energy.php HTTP/1.1" 200 7135 "http://meteo.alkep.cz/index_test.php" "Mozilla/5.0 (Windows NT 6.1; WOW64) AppleWebKit/537.36 (KHTML, like Gecko) Chrome/33.0.1750.154 Safari/537.36"
85.207.208.130 - - [30/Mar/2014:07:30:40 +0200] "GET /graphs/min_energy.php HTTP/1.1" 200 6694 "http://meteo.alkep.cz/index_test.php" "Mozilla/5.0 (Windows NT 6.1; WOW64) AppleWebKit/537.36 (KHTML, like Gecko) Chrome/33.0.1750.154 Safari/537.36"
85.207.208.130 - - [30/Mar/2014:07:30:40 +0200] "GET /day.jpg HTTP/1.1" 200 103749 "http://meteo.alkep.cz/index_test.php" "Mozilla/5.0 (Windows NT 6.1; WOW64) AppleWebKit/537.36 (KHTML, like Gecko) Chrome/33.0.1750.154 Safari/537.36"
62.109.132.2 - - [30/Mar/2014:07:30:43 +0200] "GET / HTTP/1.0" 200 13085 "-" "-"
62.109.132.2 - - [30/Mar/2014:07:31:16 +0200] "GET /kamera/vlek001M.jpg HTTP/1.0" 200 37418 "-" "-"
85.207.208.130 - - [30/Mar/2014:07:31:41 +0200] "GET /index_test.php HTTP/1.1" 200 2546 "http://meteo.alkep.cz/index_test.php" "Mozilla/5.0 (Windows NT 6.1; WOW64) AppleWebKit/537.36 (KHTML, like Gecko) Chrome/33.0.1750.154 Safari/537.36"
85.207.208.130 - - [30/Mar/2014:07:31:41 +0200] "GET /gila-print.css HTTP/1.1" 304 214 "http://meteo.alkep.cz/index_test.php" "Mozilla/5.0 (Windows NT 6.1; WOW64) AppleWebKit/537.36 (KHTML, like Gecko) Chrome/33.0.1750.154 Safari/537.36"
85.207.208.130 - - [30/Mar/2014:07:31:41 +0200] "GET /webcamimage.jpg HTTP/1.1" 304 200 "http://meteo.alkep.cz/index_test.php" "Mozilla/5.0 (Windows NT 6.1; WOW64) AppleWebKit/537.36 (KHTML, like Gecko) Chrome/33.0.1750.154 Safari/537.36"
85.207.208.130 - - [30/Mar/2014:07:31:42 +0200] "GET /cloudyperiods.gif HTTP/1.1" 304 199 "http://meteo.alkep.cz/index_test.php" "Mozilla/5.0 (Windows NT 6.1; WOW64) AppleWebKit/537.36 (KHTML, like Gecko) Chrome/33.0.1750.154 Safari/537.36"
85.207.208.130 - - [30/Mar/2014:07:31:42 +0200] "GET /graphs/solar24.php HTTP/1.1" 200 4869 "http://meteo.alkep.cz/index_test.php" "Mozilla/5.0 (Windows NT 6.1; WOW64) AppleWebKit/537.36 (KHTML, like Gecko) Chrome/33.0.1750.154 Safari/537.36"
85.207.208.130 - - [30/Mar/2014:07:31:42 +0200] "GET /week.jpg HTTP/1.1" 304 200 "http://meteo.alkep.cz/index_test.php" "Mozilla/5.0 (Windows NT 6.1; WOW64) AppleWebKit/537.36 (KHTML, like Gecko) Chrome/33.0.1750.154 Safari/537.36"
85.207.208.130 - - [30/Mar/2014:07:31:42 +0200] "GET /extrarealtimegraph.gif HTTP/1.1" 304 199 "http://meteo.alkep.cz/index_test.php" "Mozilla/5.0 (Windows NT 6.1; WOW64) AppleWebKit/537.36 (KHTML, like Gecko) Chrome/33.0.1750.154 Safari/537.36"
85.207.208.130 - - [30/Mar/2014:07:31:42 +0200] "GET /lighteninggraph.gif HTTP/1.1" 304 199 "http://meteo.alkep.cz/index_test.php" "Mozilla/5.0 (Windows NT 6.1; WOW64) AppleWebKit/537.36 (KHTML, like Gecko) Chrome/33.0.1750.154 Safari/537.36"
85.207.208.130 - - [30/Mar/2014:07:31:42 +0200] "GET /graphs/hours_energy.php HTTP/1.1" 200 7135 "http://meteo.alkep.cz/index_test.php" "Mozilla/5.0 (Windows NT 6.1; WOW64) AppleWebKit/537.36 (KHTML, like Gecko) Chrome/33.0.1750.154 Safari/537.36"
85.207.208.130 - - [30/Mar/2014:07:31:42 +0200] "GET /graphs/min_energy.php HTTP/1.1" 200 6694 "http://meteo.alkep.cz/index_test.php" "Mozilla/5.0 (Windows NT 6.1; WOW64) AppleWebKit/537.36 (KHTML, like Gecko) Chrome/33.0.1750.154 Safari/537.36"
85.207.208.130 - - [30/Mar/2014:07:31:42 +0200] "GET /day.jpg HTTP/1.1" 200 103719 "http://meteo.alkep.cz/index_test.php" "Mozilla/5.0 (Windows NT 6.1; WOW64) AppleWebKit/537.36 (KHTML, like Gecko) Chrome/33.0.1750.154 Safari/537.36"
85.207.208.130 - - [30/Mar/2014:07:32:43 +0200] "GET /index_test.php HTTP/1.1" 200 2546 "http://meteo.alkep.cz/index_test.php" "Mozilla/5.0 (Windows NT 6.1; WOW64) AppleWebKit/537.36 (KHTML, like Gecko) Chrome/33.0.1750.154 Safari/537.36"
85.207.208.130 - - [30/Mar/2014:07:32:43 +0200] "GET /gila-print.css HTTP/1.1" 304 214 "http://meteo.alkep.cz/index_test.php" "Mozilla/5.0 (Windows NT 6.1; WOW64) AppleWebKit/537.36 (KHTML, like Gecko) Chrome/33.0.1750.154 Safari/537.36"
85.207.208.130 - - [30/Mar/2014:07:32:43 +0200] "GET /webcamimage.jpg HTTP/1.1" 304 200 "http://meteo.alkep.cz/index_test.php" "Mozilla/5.0 (Windows NT 6.1; WOW64) AppleWebKit/537.36 (KHTML, like Gecko) Chrome/33.0.1750.154 Safari/537.36"
85.207.208.130 - - [30/Mar/2014:07:32:43 +0200] "GET /cloudyperiods.gif HTTP/1.1" 304 199 "http://meteo.alkep.cz/index_test.php" "Mozilla/5.0 (Windows NT 6.1; WOW64) AppleWebKit/537.36 (KHTML, like Gecko) Chrome/33.0.1750.154 Safari/537.36"
85.207.208.130 - - [30/Mar/2014:07:32:43 +0200] "GET /lighteninggraph.gif HTTP/1.1" 304 199 "http://meteo.alkep.cz/index_test.php" "Mozilla/5.0 (Windows NT 6.1; WOW64) AppleWebKit/537.36 (KHTML, like Gecko) Chrome/33.0.1750.154 Safari/537.36"
85.207.208.130 - - [30/Mar/2014:07:32:43 +0200] "GET /extrarealtimegraph.gif HTTP/1.1" 304 199 "http://meteo.alkep.cz/index_test.php" "Mozilla/5.0 (Windows NT 6.1; WOW64) AppleWebKit/537.36 (KHTML, like Gecko) Chrome/33.0.1750.154 Safari/537.36"
85.207.208.130 - - [30/Mar/2014:07:32:43 +0200] "GET /day.jpg HTTP/1.1" 304 200 "http://meteo.alkep.cz/index_test.php" "Mozilla/5.0 (Windows NT 6.1; WOW64) AppleWebKit/537.36 (KHTML, like Gecko) Chrome/33.0.1750.154 Safari/537.36"
85.207.208.130 - - [30/Mar/2014:07:32:43 +0200] "GET /week.jpg HTTP/1.1" 304 200 "http://meteo.alkep.cz/index_test.php" "Mozilla/5.0 (Windows NT 6.1; WOW64) AppleWebKit/537.36 (KHTML, like Gecko) Chrome/33.0.1750.154 Safari/537.36"
85.207.208.130 - - [30/Mar/2014:07:32:43 +0200] "GET /graphs/solar24.php HTTP/1.1" 200 4869 "http://meteo.alkep.cz/index_test.php" "Mozilla/5.0 (Windows NT 6.1; WOW64) AppleWebKit/537.36 (KHTML, like Gecko) Chrome/33.0.1750.154 Safari/537.36"
85.207.208.130 - - [30/Mar/2014:07:32:43 +0200] "GET /graphs/min_energy.php HTTP/1.1" 200 6694 "http://meteo.alkep.cz/index_test.php" "Mozilla/5.0 (Windows NT 6.1; WOW64) AppleWebKit/537.36 (KHTML, like Gecko) Chrome/33.0.1750.154 Safari/537.36"
85.207.208.130 - - [30/Mar/2014:07:32:43 +0200] "GET /graphs/hours_energy.php HTTP/1.1" 200 7135 "http://meteo.alkep.cz/index_test.php" "Mozilla/5.0 (Windows NT 6.1; WOW64) AppleWebKit/537.36 (KHTML, like Gecko) Chrome/33.0.1750.154 Safari/537.36"
85.71.43.126 - - [30/Mar/2014:07:33:29 +0200] "GET /kamera/vlek001M.jpg HTTP/1.1" 200 37307 "http://webkamery-ameteo.ic.cz/" "Mozilla/5.0 (Windows NT 5.1; rv:28.0) Gecko/20100101 Firefox/28.0"
85.207.208.130 - - [30/Mar/2014:07:33:44 +0200] "GET /index_test.php HTTP/1.1" 200 2547 "http://meteo.alkep.cz/index_test.php" "Mozilla/5.0 (Windows NT 6.1; WOW64) AppleWebKit/537.36 (KHTML, like Gecko) Chrome/33.0.1750.154 Safari/537.36"
85.207.208.130 - - [30/Mar/2014:07:33:44 +0200] "GET /gila-print.css HTTP/1.1" 304 214 "http://meteo.alkep.cz/index_test.php" "Mozilla/5.0 (Windows NT 6.1; WOW64) AppleWebKit/537.36 (KHTML, like Gecko) Chrome/33.0.1750.154 Safari/537.36"
85.207.208.130 - - [30/Mar/2014:07:33:44 +0200] "GET /webcamimage.jpg HTTP/1.1" 304 200 "http://meteo.alkep.cz/index_test.php" "Mozilla/5.0 (Windows NT 6.1; WOW64) AppleWebKit/537.36 (KHTML, like Gecko) Chrome/33.0.1750.154 Safari/537.36"
85.207.208.130 - - [30/Mar/2014:07:33:44 +0200] "GET /cloudyperiods.gif HTTP/1.1" 304 199 "http://meteo.alkep.cz/index_test.php" "Mozilla/5.0 (Windows NT 6.1; WOW64) AppleWebKit/537.36 (KHTML, like Gecko) Chrome/33.0.1750.154 Safari/537.36"
85.207.208.130 - - [30/Mar/2014:07:33:44 +0200] "GET /week.jpg HTTP/1.1" 304 200 "http://meteo.alkep.cz/index_test.php" "Mozilla/5.0 (Windows NT 6.1; WOW64) AppleWebKit/537.36 (KHTML, like Gecko) Chrome/33.0.1750.154 Safari/537.36"
85.207.208.130 - - [30/Mar/2014:07:33:45 +0200] "GET /extrarealtimegraph.gif HTTP/1.1" 304 199 "http://meteo.alkep.cz/index_test.php" "Mozilla/5.0 (Windows NT 6.1; WOW64) AppleWebKit/537.36 (KHTML, like Gecko) Chrome/33.0.1750.154 Safari/537.36"
85.207.208.130 - - [30/Mar/2014:07:33:45 +0200] "GET /lighteninggraph.gif HTTP/1.1" 304 199 "http://meteo.alkep.cz/index_test.php" "Mozilla/5.0 (Windows NT 6.1; WOW64) AppleWebKit/537.36 (KHTML, like Gecko) Chrome/33.0.1750.154 Safari/537.36"
85.207.208.130 - - [30/Mar/2014:07:33:44 +0200] "GET /graphs/solar24.php HTTP/1.1" 200 4869 "http://meteo.alkep.cz/index_test.php" "Mozilla/5.0 (Windows NT 6.1; WOW64) AppleWebKit/537.36 (KHTML, like Gecko) Chrome/33.0.1750.154 Safari/537.36"
85.207.208.130 - - [30/Mar/2014:07:33:44 +0200] "GET /graphs/hours_energy.php HTTP/1.1" 200 7135 "http://meteo.alkep.cz/index_test.php" "Mozilla/5.0 (Windows NT 6.1; WOW64) AppleWebKit/537.36 (KHTML, like Gecko) Chrome/33.0.1750.154 Safari/537.36"
85.207.208.130 - - [30/Mar/2014:07:33:44 +0200] "GET /graphs/min_energy.php HTTP/1.1" 200 6694 "http://meteo.alkep.cz/index_test.php" "Mozilla/5.0 (Windows NT 6.1; WOW64) AppleWebKit/537.36 (KHTML, like Gecko) Chrome/33.0.1750.154 Safari/537.36"
85.207.208.130 - - [30/Mar/2014:07:33:44 +0200] "GET /day.jpg HTTP/1.1" 200 103719 "http://meteo.alkep.cz/index_test.php" "Mozilla/5.0 (Windows NT 6.1; WOW64) AppleWebKit/537.36 (KHTML, like Gecko) Chrome/33.0.1750.154 Safari/537.36"
85.207.208.130 - - [30/Mar/2014:07:34:36 +0200] "GET /index.php HTTP/1.1" 200 4475 "http://meteo.alkep.cz/index.php" "Mozilla/5.0 (Windows NT 6.1; WOW64) AppleWebKit/537.36 (KHTML, like Gecko) Chrome/33.0.1750.154 Safari/537.36"
85.207.208.130 - - [30/Mar/2014:07:34:36 +0200] "GET /gila-screen.css HTTP/1.1" 304 215 "http://meteo.alkep.cz/index.php" "Mozilla/5.0 (Windows NT 6.1; WOW64) AppleWebKit/537.36 (KHTML, like Gecko) Chrome/33.0.1750.154 Safari/537.36"
85.207.208.130 - - [30/Mar/2014:07:34:36 +0200] "GET /gila-print.css HTTP/1.1" 304 214 "http://meteo.alkep.cz/index.php" "Mozilla/5.0 (Windows NT 6.1; WOW64) AppleWebKit/537.36 (KHTML, like Gecko) Chrome/33.0.1750.154 Safari/537.36"
85.207.208.130 - - [30/Mar/2014:07:34:36 +0200] "GET /moonicon.gif HTTP/1.1" 304 198 "http://meteo.alkep.cz/index.php" "Mozilla/5.0 (Windows NT 6.1; WOW64) AppleWebKit/537.36 (KHTML, like Gecko) Chrome/33.0.1750.154 Safari/537.36"
85.207.208.130 - - [30/Mar/2014:07:34:36 +0200] "GET /sunicon.jpg HTTP/1.1" 304 198 "http://meteo.alkep.cz/index.php" "Mozilla/5.0 (Windows NT 6.1; WOW64) AppleWebKit/537.36 (KHTML, like Gecko) Chrome/33.0.1750.154 Safari/537.36"
85.207.208.130 - - [30/Mar/2014:07:34:36 +0200] "GET /cloudyperiods.gif HTTP/1.1" 304 199 "http://meteo.alkep.cz/index.php" "Mozilla/5.0 (Windows NT 6.1; WOW64) AppleWebKit/537.36 (KHTML, like Gecko) Chrome/33.0.1750.154 Safari/537.36"
85.207.208.130 - - [30/Mar/2014:07:34:36 +0200] "GET /graphs/solar_hour.php HTTP/1.1" 200 2228 "http://meteo.alkep.cz/index.php" "Mozilla/5.0 (Windows NT 6.1; WOW64) AppleWebKit/537.36 (KHTML, like Gecko) Chrome/33.0.1750.154 Safari/537.36"
85.207.208.130 - - [30/Mar/2014:07:34:36 +0200] "GET /graphs/rain_hour.php HTTP/1.1" 200 2533 "http://meteo.alkep.cz/index.php" "Mozilla/5.0 (Windows NT 6.1; WOW64) AppleWebKit/537.36 (KHTML, like Gecko) Chrome/33.0.1750.154 Safari/537.36"
85.207.208.130 - - [30/Mar/2014:07:34:36 +0200] "GET /graphs/wind_hour.php HTTP/1.1" 200 5273 "http://meteo.alkep.cz/index.php" "Mozilla/5.0 (Windows NT 6.1; WOW64) AppleWebKit/537.36 (KHTML, like Gecko) Chrome/33.0.1750.154 Safari/537.36"
85.207.208.130 - - [30/Mar/2014:07:34:36 +0200] "GET /graphs/temp_hum_hour.php HTTP/1.1" 200 4227 "http://meteo.alkep.cz/index.php" "Mozilla/5.0 (Windows NT 6.1; WOW64) AppleWebKit/537.36 (KHTML, like Gecko) Chrome/33.0.1750.154 Safari/537.36"
85.207.208.130 - - [30/Mar/2014:07:34:36 +0200] "GET /kamera/vlek001M.jpg HTTP/1.1" 200 37461 "http://meteo.alkep.cz/index.php" "Mozilla/5.0 (Windows NT 6.1; WOW64) AppleWebKit/537.36 (KHTML, like Gecko) Chrome/33.0.1750.154 Safari/537.36"
85.207.208.130 - - [30/Mar/2014:07:34:45 +0200] "GET /index_test.php HTTP/1.1" 200 2546 "http://meteo.alkep.cz/index_test.php" "Mozilla/5.0 (Windows NT 6.1; WOW64) AppleWebKit/537.36 (KHTML, like Gecko) Chrome/33.0.1750.154 Safari/537.36"
85.207.208.130 - - [30/Mar/2014:07:34:46 +0200] "GET /gila-print.css HTTP/1.1" 304 214 "http://meteo.alkep.cz/index_test.php" "Mozilla/5.0 (Windows NT 6.1; WOW64) AppleWebKit/537.36 (KHTML, like Gecko) Chrome/33.0.1750.154 Safari/537.36"
85.207.208.130 - - [30/Mar/2014:07:34:46 +0200] "GET /cloudyperiods.gif HTTP/1.1" 304 199 "http://meteo.alkep.cz/index_test.php" "Mozilla/5.0 (Windows NT 6.1; WOW64) AppleWebKit/537.36 (KHTML, like Gecko) Chrome/33.0.1750.154 Safari/537.36"
85.207.208.130 - - [30/Mar/2014:07:34:46 +0200] "GET /webcamimage.jpg HTTP/1.1" 200 67773 "http://meteo.alkep.cz/index_test.php" "Mozilla/5.0 (Windows NT 6.1; WOW64) AppleWebKit/537.36 (KHTML, like Gecko) Chrome/33.0.1750.154 Safari/537.36"
85.207.208.130 - - [30/Mar/2014:07:34:46 +0200] "GET /graphs/solar24.php HTTP/1.1" 200 5072 "http://meteo.alkep.cz/index_test.php" "Mozilla/5.0 (Windows NT 6.1; WOW64) AppleWebKit/537.36 (KHTML, like Gecko) Chrome/33.0.1750.154 Safari/537.36"
85.207.208.130 - - [30/Mar/2014:07:34:46 +0200] "GET /week.jpg HTTP/1.1" 304 200 "http://meteo.alkep.cz/index_test.php" "Mozilla/5.0 (Windows NT 6.1; WOW64) AppleWebKit/537.36 (KHTML, like Gecko) Chrome/33.0.1750.154 Safari/537.36"
85.207.208.130 - - [30/Mar/2014:07:34:46 +0200] "GET /graphs/hours_energy.php HTTP/1.1" 200 7136 "http://meteo.alkep.cz/index_test.php" "Mozilla/5.0 (Windows NT 6.1; WOW64) AppleWebKit/537.36 (KHTML, like Gecko) Chrome/33.0.1750.154 Safari/537.36"
85.207.208.130 - - [30/Mar/2014:07:34:46 +0200] "GET /graphs/min_energy.php HTTP/1.1" 200 6526 "http://meteo.alkep.cz/index_test.php" "Mozilla/5.0 (Windows NT 6.1; WOW64) AppleWebKit/537.36 (KHTML, like Gecko) Chrome/33.0.1750.154 Safari/537.36"
85.207.208.130 - - [30/Mar/2014:07:34:46 +0200] "GET /extrarealtimegraph.gif HTTP/1.1" 304 199 "http://meteo.alkep.cz/index_test.php" "Mozilla/5.0 (Windows NT 6.1; WOW64) AppleWebKit/537.36 (KHTML, like Gecko) Chrome/33.0.1750.154 Safari/537.36"
85.207.208.130 - - [30/Mar/2014:07:34:46 +0200] "GET /lighteninggraph.gif HTTP/1.1" 304 199 "http://meteo.alkep.cz/index_test.php" "Mozilla/5.0 (Windows NT 6.1; WOW64) AppleWebKit/537.36 (KHTML, like Gecko) Chrome/33.0.1750.154 Safari/537.36"
85.207.208.130 - - [30/Mar/2014:07:34:46 +0200] "GET /day.jpg HTTP/1.1" 200 103754 "http://meteo.alkep.cz/index_test.php" "Mozilla/5.0 (Windows NT 6.1; WOW64) AppleWebKit/537.36 (KHTML, like Gecko) Chrome/33.0.1750.154 Safari/537.36"
80.79.22.37 - - [30/Mar/2014:07:35:20 +0200] "GET /kamera/vlek001M.jpg HTTP/1.0" 200 37641 "-" "Wget/1.12 (linux-gnu)"
85.71.43.126 - - [30/Mar/2014:07:35:28 +0200] "GET /kamera/vlek001M.jpg HTTP/1.1" 200 37641 "http://webkamery-ameteo.ic.cz/" "Mozilla/5.0 (Windows NT 5.1; rv:28.0) Gecko/20100101 Firefox/28.0"
85.207.208.130 - - [30/Mar/2014:07:35:47 +0200] "GET /index_test.php HTTP/1.1" 200 2546 "http://meteo.alkep.cz/index_test.php" "Mozilla/5.0 (Windows NT 6.1; WOW64) AppleWebKit/537.36 (KHTML, like Gecko) Chrome/33.0.1750.154 Safari/537.36"
85.207.208.130 - - [30/Mar/2014:07:35:47 +0200] "GET /gila-print.css HTTP/1.1" 304 214 "http://meteo.alkep.cz/index_test.php" "Mozilla/5.0 (Windows NT 6.1; WOW64) AppleWebKit/537.36 (KHTML, like Gecko) Chrome/33.0.1750.154 Safari/537.36"
85.207.208.130 - - [30/Mar/2014:07:35:47 +0200] "GET /webcamimage.jpg HTTP/1.1" 304 200 "http://meteo.alkep.cz/index_test.php" "Mozilla/5.0 (Windows NT 6.1; WOW64) AppleWebKit/537.36 (KHTML, like Gecko) Chrome/33.0.1750.154 Safari/537.36"
85.207.208.130 - - [30/Mar/2014:07:35:47 +0200] "GET /cloudyperiods.gif HTTP/1.1" 304 199 "http://meteo.alkep.cz/index_test.php" "Mozilla/5.0 (Windows NT 6.1; WOW64) AppleWebKit/537.36 (KHTML, like Gecko) Chrome/33.0.1750.154 Safari/537.36"
85.207.208.130 - - [30/Mar/2014:07:35:47 +0200] "GET /day.jpg HTTP/1.1" 304 200 "http://meteo.alkep.cz/index_test.php" "Mozilla/5.0 (Windows NT 6.1; WOW64) AppleWebKit/537.36 (KHTML, like Gecko) Chrome/33.0.1750.154 Safari/537.36"
85.207.208.130 - - [30/Mar/2014:07:35:47 +0200] "GET /week.jpg HTTP/1.1" 304 200 "http://meteo.alkep.cz/index_test.php" "Mozilla/5.0 (Windows NT 6.1; WOW64) AppleWebKit/537.36 (KHTML, like Gecko) Chrome/33.0.1750.154 Safari/537.36"
85.207.208.130 - - [30/Mar/2014:07:35:47 +0200] "GET /graphs/solar24.php HTTP/1.1" 200 5072 "http://meteo.alkep.cz/index_test.php" "Mozilla/5.0 (Windows NT 6.1; WOW64) AppleWebKit/537.36 (KHTML, like Gecko) Chrome/33.0.1750.154 Safari/537.36"
85.207.208.130 - - [30/Mar/2014:07:35:47 +0200] "GET /graphs/hours_energy.php HTTP/1.1" 200 7136 "http://meteo.alkep.cz/index_test.php" "Mozilla/5.0 (Windows NT 6.1; WOW64) AppleWebKit/537.36 (KHTML, like Gecko) Chrome/33.0.1750.154 Safari/537.36"
85.207.208.130 - - [30/Mar/2014:07:35:47 +0200] "GET /graphs/min_energy.php HTTP/1.1" 200 6526 "http://meteo.alkep.cz/index_test.php" "Mozilla/5.0 (Windows NT 6.1; WOW64) AppleWebKit/537.36 (KHTML, like Gecko) Chrome/33.0.1750.154 Safari/537.36"
85.207.208.130 - - [30/Mar/2014:07:35:47 +0200] "GET /extrarealtimegraph.gif HTTP/1.1" 304 199 "http://meteo.alkep.cz/index_test.php" "Mozilla/5.0 (Windows NT 6.1; WOW64) AppleWebKit/537.36 (KHTML, like Gecko) Chrome/33.0.1750.154 Safari/537.36"
85.207.208.130 - - [30/Mar/2014:07:35:47 +0200] "GET /lighteninggraph.gif HTTP/1.1" 304 199 "http://meteo.alkep.cz/index_test.php" "Mozilla/5.0 (Windows NT 6.1; WOW64) AppleWebKit/537.36 (KHTML, like Gecko) Chrome/33.0.1750.154 Safari/537.36"
62.109.132.2 - - [30/Mar/2014:07:36:25 +0200] "GET /kamera/vlek001M.jpg HTTP/1.0" 200 37692 "-" "-"
195.250.139.178 - - [30/Mar/2014:07:37:21 +0200] "GET /kamera/vlek001M.jpg HTTP/1.1" 200 37884 "http://webkamery-ameteo.ic.cz/" "Mozilla/5.0 (Windows NT 5.1) AppleWebKit/537.36 (KHTML, like Gecko) Chrome/33.0.1750.154 Safari/537.36"
157.55.35.95 - - [30/Mar/2014:07:38:00 +0200] "GET / HTTP/1.1" 200 1243 "-" "Mozilla/5.0 (compatible; bingbot/2.0; +http://www.bing.com/bingbot.htm)"
85.71.43.126 - - [30/Mar/2014:07:39:22 +0200] "GET /kamera/vlek001M.jpg HTTP/1.1" 200 37370 "http://webkamery-ameteo.ic.cz/" "Mozilla/5.0 (Windows NT 5.1; rv:28.0) Gecko/20100101 Firefox/28.0"
80.79.22.37 - - [30/Mar/2014:07:40:22 +0200] "GET /kamera/vlek001M.jpg HTTP/1.0" 200 37423 "-" "Wget/1.12 (linux-gnu)"
66.249.64.126 - - [30/Mar/2014:07:41:05 +0200] "GET /20100214.gif HTTP/1.1" 404 506 "-" "Googlebot-Image/1.0"
62.109.132.2 - - [30/Mar/2014:07:41:54 +0200] "GET /kamera/vlek001M.jpg HTTP/1.0" 200 37070 "-" "-"
78.45.77.38 - - [30/Mar/2014:07:42:01 +0200] "GET /kamera/vlek001M.jpg HTTP/1.1" 200 37107 "http://webkamery-ameteo.ic.cz/" "Mozilla/5.0 (Windows NT 6.1; WOW64; rv:27.0) Gecko/20100101 Firefox/27.0"
82.142.99.221 - - [30/Mar/2014:07:42:35 +0200] "GET /kamera/vlek001M.jpg HTTP/1.1" 200 37107 "http://webkamery-ameteo.ic.cz/" "Mozilla/5.0 (Windows NT 6.1; WOW64) AppleWebKit/537.36 (KHTML, like Gecko) Chrome/33.0.1750.154 Safari/537.36"
85.71.43.126 - - [30/Mar/2014:07:43:13 +0200] "GET /kamera/vlek001M.jpg HTTP/1.1" 200 36845 "http://webkamery-ameteo.ic.cz/" "Mozilla/5.0 (Windows NT 5.1; rv:28.0) Gecko/20100101 Firefox/28.0"
88.101.170.196 - - [30/Mar/2014:07:44:18 +0200] "GET /kamera/vlek001M.jpg HTTP/1.1" 200 36976 "http://webkamery-ameteo.ic.cz/" "Mozilla/5.0 (Windows NT 5.0; rv:12.0) Gecko/20100101 Firefox/12.0"
217.198.114.6 - - [30/Mar/2014:07:45:04 +0200] "GET /kamera/vlek001M.jpg HTTP/1.0" 200 16653 "-" "-"
217.198.114.6 - - [30/Mar/2014:07:45:04 +0200] "GET /kamera/vlek001M.jpg HTTP/1.1" 200 37101 "-" "Mozilla/4.0 (compatible; MSIE 6.0; Windows NT 5.1; SV1)"
80.79.22.37 - - [30/Mar/2014:07:45:23 +0200] "GET /kamera/vlek001M.jpg HTTP/1.0" 200 37157 "-" "Wget/1.12 (linux-gnu)"
195.250.139.178 - - [30/Mar/2014:07:45:33 +0200] "GET /kamera/vlek001M.jpg HTTP/1.1" 200 37157 "http://webkamery-ameteo.ic.cz/" "Mozilla/5.0 (Windows NT 5.1) AppleWebKit/537.36 (KHTML, like Gecko) Chrome/33.0.1750.154 Safari/537.36"
62.109.132.2 - - [30/Mar/2014:07:45:53 +0200] "GET / HTTP/1.0" 200 13089 "-" "-"
62.109.132.2 - - [30/Mar/2014:07:46:31 +0200] "GET /kamera/vlek001M.jpg HTTP/1.0" 200 37146 "-" "-"
88.101.170.196 - - [30/Mar/2014:07:47:01 +0200] "GET /kamera/vlek001M.jpg HTTP/1.1" 200 37429 "http://webkamery-ameteo.ic.cz/" "Mozilla/5.0 (Windows NT 5.0; rv:12.0) Gecko/20100101 Firefox/12.0"
85.207.208.130 - - [30/Mar/2014:07:47:27 +0200] "GET /index.php HTTP/1.1" 200 4478 "-" "Mozilla/5.0 (Windows NT 6.1; WOW64) AppleWebKit/537.36 (KHTML, like Gecko) Chrome/33.0.1750.154 Safari/537.36"
85.207.208.130 - - [30/Mar/2014:07:47:28 +0200] "GET /moonicon.gif HTTP/1.1" 304 198 "http://meteo.alkep.cz/index.php" "Mozilla/5.0 (Windows NT 6.1; WOW64) AppleWebKit/537.36 (KHTML, like Gecko) Chrome/33.0.1750.154 Safari/537.36"
85.207.208.130 - - [30/Mar/2014:07:47:28 +0200] "GET /kamera/vlek001M.jpg HTTP/1.1" 200 37429 "http://meteo.alkep.cz/index.php" "Mozilla/5.0 (Windows NT 6.1; WOW64) AppleWebKit/537.36 (KHTML, like Gecko) Chrome/33.0.1750.154 Safari/537.36"
85.207.208.130 - - [30/Mar/2014:07:47:28 +0200] "GET /graphs/solar_hour.php HTTP/1.1" 200 2912 "http://meteo.alkep.cz/index.php" "Mozilla/5.0 (Windows NT 6.1; WOW64) AppleWebKit/537.36 (KHTML, like Gecko) Chrome/33.0.1750.154 Safari/537.36"
85.207.208.130 - - [30/Mar/2014:07:47:28 +0200] "GET /graphs/temp_hum_hour.php HTTP/1.1" 200 4160 "http://meteo.alkep.cz/index.php" "Mozilla/5.0 (Windows NT 6.1; WOW64) AppleWebKit/537.36 (KHTML, like Gecko) Chrome/33.0.1750.154 Safari/537.36"
85.207.208.130 - - [30/Mar/2014:07:47:28 +0200] "GET /graphs/rain_hour.php HTTP/1.1" 200 2511 "http://meteo.alkep.cz/index.php" "Mozilla/5.0 (Windows NT 6.1; WOW64) AppleWebKit/537.36 (KHTML, like Gecko) Chrome/33.0.1750.154 Safari/537.36"
85.207.208.130 - - [30/Mar/2014:07:47:28 +0200] "GET /graphs/wind_hour.php HTTP/1.1" 200 4626 "http://meteo.alkep.cz/index.php" "Mozilla/5.0 (Windows NT 6.1; WOW64) AppleWebKit/537.36 (KHTML, like Gecko) Chrome/33.0.1750.154 Safari/537.36"
85.207.208.130 - - [30/Mar/2014:07:47:38 +0200] "GET /Sucha%20Rudna.htm HTTP/1.1" 200 3903 "-" "Mozilla/5.0 (Windows NT 6.1; WOW64) AppleWebKit/537.36 (KHTML, like Gecko) Chrome/33.0.1750.154 Safari/537.36"
85.207.208.130 - - [30/Mar/2014:07:47:38 +0200] "GET /extradials.gif HTTP/1.1" 404 507 "http://meteo.alkep.cz/Sucha%20Rudna.htm" "Mozilla/5.0 (Windows NT 6.1; WOW64) AppleWebKit/537.36 (KHTML, like Gecko) Chrome/33.0.1750.154 Safari/537.36"
85.207.208.130 - - [30/Mar/2014:07:47:38 +0200] "GET /dirplot.gif HTTP/1.1" 200 13683 "http://meteo.alkep.cz/Sucha%20Rudna.htm" "Mozilla/5.0 (Windows NT 6.1; WOW64) AppleWebKit/537.36 (KHTML, like Gecko) Chrome/33.0.1750.154 Safari/537.36"
85.207.208.130 - - [30/Mar/2014:07:47:38 +0200] "GET /summary.gif HTTP/1.1" 200 16673 "http://meteo.alkep.cz/Sucha%20Rudna.htm" "Mozilla/5.0 (Windows NT 6.1; WOW64) AppleWebKit/537.36 (KHTML, like Gecko) Chrome/33.0.1750.154 Safari/537.36"
85.207.208.130 - - [30/Mar/2014:07:47:38 +0200] "GET /moondetail1.gif HTTP/1.1" 304 199 "http://meteo.alkep.cz/Sucha%20Rudna.htm" "Mozilla/5.0 (Windows NT 6.1; WOW64) AppleWebKit/537.36 (KHTML, like Gecko) Chrome/33.0.1750.154 Safari/537.36"
85.207.208.130 - - [30/Mar/2014:07:47:38 +0200] "GET /extrarealtimegraph.gif HTTP/1.1" 200 23703 "http://meteo.alkep.cz/Sucha%20Rudna.htm" "Mozilla/5.0 (Windows NT 6.1; WOW64) AppleWebKit/537.36 (KHTML, like Gecko) Chrome/33.0.1750.154 Safari/537.36"
85.207.208.130 - - [30/Mar/2014:07:47:38 +0200] "GET /dailyhighlowbaroetc.gif HTTP/1.1" 200 21307 "http://meteo.alkep.cz/Sucha%20Rudna.htm" "Mozilla/5.0 (Windows NT 6.1; WOW64) AppleWebKit/537.36 (KHTML, like Gecko) Chrome/33.0.1750.154 Safari/537.36"
85.207.208.130 - - [30/Mar/2014:07:47:38 +0200] "GET /moondetail2.gif HTTP/1.1" 304 199 "http://meteo.alkep.cz/Sucha%20Rudna.htm" "Mozilla/5.0 (Windows NT 6.1; WOW64) AppleWebKit/537.36 (KHTML, like Gecko) Chrome/33.0.1750.154 Safari/537.36"
85.207.208.130 - - [30/Mar/2014:07:47:38 +0200] "GET /sunmoonimage.jpg HTTP/1.1" 304 199 "http://meteo.alkep.cz/Sucha%20Rudna.htm" "Mozilla/5.0 (Windows NT 6.1; WOW64) AppleWebKit/537.36 (KHTML, like Gecko) Chrome/33.0.1750.154 Safari/537.36"
85.207.208.130 - - [30/Mar/2014:07:47:38 +0200] "GET /Sucha%20Rudna.gif HTTP/1.1" 200 115840 "http://meteo.alkep.cz/Sucha%20Rudna.htm" "Mozilla/5.0 (Windows NT 6.1; WOW64) AppleWebKit/537.36 (KHTML, like Gecko) Chrome/33.0.1750.154 Safari/537.36"
85.207.208.130 - - [30/Mar/2014:07:47:41 +0200] "GET /index_test.php HTTP/1.1" 200 2546 "-" "Mozilla/5.0 (Windows NT 6.1; WOW64) AppleWebKit/537.36 (KHTML, like Gecko) Chrome/33.0.1750.154 Safari/537.36"
85.207.208.130 - - [30/Mar/2014:07:47:41 +0200] "GET /webcamimage.jpg HTTP/1.1" 200 67196 "http://meteo.alkep.cz/index_test.php" "Mozilla/5.0 (Windows NT 6.1; WOW64) AppleWebKit/537.36 (KHTML, like Gecko) Chrome/33.0.1750.154 Safari/537.36"
85.207.208.130 - - [30/Mar/2014:07:47:41 +0200] "GET /graphs/solar24.php HTTP/1.1" 200 4937 "http://meteo.alkep.cz/index_test.php" "Mozilla/5.0 (Windows NT 6.1; WOW64) AppleWebKit/537.36 (KHTML, like Gecko) Chrome/33.0.1750.154 Safari/537.36"
85.207.208.130 - - [30/Mar/2014:07:47:41 +0200] "GET /graphs/hours_energy.php HTTP/1.1" 200 7130 "http://meteo.alkep.cz/index_test.php" "Mozilla/5.0 (Windows NT 6.1; WOW64) AppleWebKit/537.36 (KHTML, like Gecko) Chrome/33.0.1750.154 Safari/537.36"
85.207.208.130 - - [30/Mar/2014:07:47:41 +0200] "GET /graphs/min_energy.php HTTP/1.1" 200 6861 "http://meteo.alkep.cz/index_test.php" "Mozilla/5.0 (Windows NT 6.1; WOW64) AppleWebKit/537.36 (KHTML, like Gecko) Chrome/33.0.1750.154 Safari/537.36"
85.207.208.130 - - [30/Mar/2014:07:47:42 +0200] "GET /extrarealtimegraph.gif HTTP/1.1" 200 23703 "http://meteo.alkep.cz/index_test.php" "Mozilla/5.0 (Windows NT 6.1; WOW64) AppleWebKit/537.36 (KHTML, like Gecko) Chrome/33.0.1750.154 Safari/537.36"
85.207.208.130 - - [30/Mar/2014:07:47:41 +0200] "GET /week.jpg HTTP/1.1" 200 87276 "http://meteo.alkep.cz/index_test.php" "Mozilla/5.0 (Windows NT 6.1; WOW64) AppleWebKit/537.36 (KHTML, like Gecko) Chrome/33.0.1750.154 Safari/537.36"
85.207.208.130 - - [30/Mar/2014:07:47:42 +0200] "GET /lighteninggraph.gif HTTP/1.1" 200 12324 "http://meteo.alkep.cz/index_test.php" "Mozilla/5.0 (Windows NT 6.1; WOW64) AppleWebKit/537.36 (KHTML, like Gecko) Chrome/33.0.1750.154 Safari/537.36"
85.207.208.130 - - [30/Mar/2014:07:47:41 +0200] "GET /day.jpg HTTP/1.1" 200 103881 "http://meteo.alkep.cz/index_test.php" "Mozilla/5.0 (Windows NT 6.1; WOW64) AppleWebKit/537.36 (KHTML, like Gecko) Chrome/33.0.1750.154 Safari/537.36"
212.158.155.85 - - [30/Mar/2014:07:47:59 +0200] "GET / HTTP/1.1" 200 3466 "-" "Mozilla/5.0 (Windows NT 5.1) AppleWebKit/537.36 (KHTML, like Gecko) Chrome/33.0.1750.154 Safari/537.36"
212.158.155.85 - - [30/Mar/2014:07:48:00 +0200] "GET /localweather.gif HTTP/1.1" 200 2811 "http://vlek.alkep.cz/" "Mozilla/5.0 (Windows NT 5.1) AppleWebKit/537.36 (KHTML, like Gecko) Chrome/33.0.1750.154 Safari/537.36"
212.158.155.85 - - [30/Mar/2014:07:48:00 +0200] "GET /kamera/vlek001M.jpg HTTP/1.1" 200 36665 "http://vlek.alkep.cz/" "Mozilla/5.0 (Windows NT 5.1) AppleWebKit/537.36 (KHTML, like Gecko) Chrome/33.0.1750.154 Safari/537.36"
66.249.64.71 - - [30/Mar/2014:07:48:02 +0200] "GET / HTTP/1.1" 200 3466 "-" "Mediapartners-Google"
212.158.155.85 - - [30/Mar/2014:07:48:03 +0200] "GET /favicon.ico HTTP/1.1" 404 503 "-" "Mozilla/5.0 (Windows NT 5.1) AppleWebKit/537.36 (KHTML, like Gecko) Chrome/33.0.1750.154 Safari/537.36"
78.45.77.38 - - [30/Mar/2014:07:48:32 +0200] "GET /kamera/vlek001M.jpg HTTP/1.1" 200 36665 "http://webkamery-ameteo.ic.cz/" "Mozilla/5.0 (Windows NT 6.1; WOW64; rv:27.0) Gecko/20100101 Firefox/27.0"
85.207.208.130 - - [30/Mar/2014:07:48:43 +0200] "GET /index_test.php HTTP/1.1" 200 2545 "http://meteo.alkep.cz/index_test.php" "Mozilla/5.0 (Windows NT 6.1; WOW64) AppleWebKit/537.36 (KHTML, like Gecko) Chrome/33.0.1750.154 Safari/537.36"
85.207.208.130 - - [30/Mar/2014:07:48:43 +0200] "GET /gila-print.css HTTP/1.1" 304 214 "http://meteo.alkep.cz/index_test.php" "Mozilla/5.0 (Windows NT 6.1; WOW64) AppleWebKit/537.36 (KHTML, like Gecko) Chrome/33.0.1750.154 Safari/537.36"
85.207.208.130 - - [30/Mar/2014:07:48:43 +0200] "GET /webcamimage.jpg HTTP/1.1" 304 200 "http://meteo.alkep.cz/index_test.php" "Mozilla/5.0 (Windows NT 6.1; WOW64) AppleWebKit/537.36 (KHTML, like Gecko) Chrome/33.0.1750.154 Safari/537.36"
85.207.208.130 - - [30/Mar/2014:07:48:43 +0200] "GET /cloudyperiods.gif HTTP/1.1" 304 199 "http://meteo.alkep.cz/index_test.php" "Mozilla/5.0 (Windows NT 6.1; WOW64) AppleWebKit/537.36 (KHTML, like Gecko) Chrome/33.0.1750.154 Safari/537.36"
85.207.208.130 - - [30/Mar/2014:07:48:43 +0200] "GET /day.jpg HTTP/1.1" 304 200 "http://meteo.alkep.cz/index_test.php" "Mozilla/5.0 (Windows NT 6.1; WOW64) AppleWebKit/537.36 (KHTML, like Gecko) Chrome/33.0.1750.154 Safari/537.36"
85.207.208.130 - - [30/Mar/2014:07:48:43 +0200] "GET /week.jpg HTTP/1.1" 304 200 "http://meteo.alkep.cz/index_test.php" "Mozilla/5.0 (Windows NT 6.1; WOW64) AppleWebKit/537.36 (KHTML, like Gecko) Chrome/33.0.1750.154 Safari/537.36"
85.207.208.130 - - [30/Mar/2014:07:48:43 +0200] "GET /extrarealtimegraph.gif HTTP/1.1" 304 199 "http://meteo.alkep.cz/index_test.php" "Mozilla/5.0 (Windows NT 6.1; WOW64) AppleWebKit/537.36 (KHTML, like Gecko) Chrome/33.0.1750.154 Safari/537.36"
85.207.208.130 - - [30/Mar/2014:07:48:43 +0200] "GET /lighteninggraph.gif HTTP/1.1" 304 199 "http://meteo.alkep.cz/index_test.php" "Mozilla/5.0 (Windows NT 6.1; WOW64) AppleWebKit/537.36 (KHTML, like Gecko) Chrome/33.0.1750.154 Safari/537.36"
85.207.208.130 - - [30/Mar/2014:07:48:43 +0200] "GET /graphs/solar24.php HTTP/1.1" 200 4937 "http://meteo.alkep.cz/index_test.php" "Mozilla/5.0 (Windows NT 6.1; WOW64) AppleWebKit/537.36 (KHTML, like Gecko) Chrome/33.0.1750.154 Safari/537.36"
85.207.208.130 - - [30/Mar/2014:07:48:43 +0200] "GET /graphs/hours_energy.php HTTP/1.1" 200 7130 "http://meteo.alkep.cz/index_test.php" "Mozilla/5.0 (Windows NT 6.1; WOW64) AppleWebKit/537.36 (KHTML, like Gecko) Chrome/33.0.1750.154 Safari/537.36"
85.207.208.130 - - [30/Mar/2014:07:48:43 +0200] "GET /graphs/min_energy.php HTTP/1.1" 200 6861 "http://meteo.alkep.cz/index_test.php" "Mozilla/5.0 (Windows NT 6.1; WOW64) AppleWebKit/537.36 (KHTML, like Gecko) Chrome/33.0.1750.154 Safari/537.36"
85.70.89.240 - - [30/Mar/2014:07:49:40 +0200] "GET /kamera/vlek001M.jpg HTTP/1.1" 200 36789 "http://webkamery-ameteo.ic.cz/" "Mozilla/5.0 (X11; Linux x86_64) AppleWebKit/537.36 (KHTML, like Gecko) Ubuntu Chromium/33.0.1750.152 Chrome/33.0.1750.152 Safari/537.36"
85.207.208.130 - - [30/Mar/2014:07:49:44 +0200] "GET /index_test.php HTTP/1.1" 200 2545 "http://meteo.alkep.cz/index_test.php" "Mozilla/5.0 (Windows NT 6.1; WOW64) AppleWebKit/537.36 (KHTML, like Gecko) Chrome/33.0.1750.154 Safari/537.36"
85.207.208.130 - - [30/Mar/2014:07:49:44 +0200] "GET /gila-print.css HTTP/1.1" 304 214 "http://meteo.alkep.cz/index_test.php" "Mozilla/5.0 (Windows NT 6.1; WOW64) AppleWebKit/537.36 (KHTML, like Gecko) Chrome/33.0.1750.154 Safari/537.36"
85.207.208.130 - - [30/Mar/2014:07:49:44 +0200] "GET /webcamimage.jpg HTTP/1.1" 304 200 "http://meteo.alkep.cz/index_test.php" "Mozilla/5.0 (Windows NT 6.1; WOW64) AppleWebKit/537.36 (KHTML, like Gecko) Chrome/33.0.1750.154 Safari/537.36"
85.207.208.130 - - [30/Mar/2014:07:49:44 +0200] "GET /cloudyperiods.gif HTTP/1.1" 304 199 "http://meteo.alkep.cz/index_test.php" "Mozilla/5.0 (Windows NT 6.1; WOW64) AppleWebKit/537.36 (KHTML, like Gecko) Chrome/33.0.1750.154 Safari/537.36"
85.207.208.130 - - [30/Mar/2014:07:49:44 +0200] "GET /week.jpg HTTP/1.1" 304 200 "http://meteo.alkep.cz/index_test.php" "Mozilla/5.0 (Windows NT 6.1; WOW64) AppleWebKit/537.36 (KHTML, like Gecko) Chrome/33.0.1750.154 Safari/537.36"
85.207.208.130 - - [30/Mar/2014:07:49:44 +0200] "GET /extrarealtimegraph.gif HTTP/1.1" 304 199 "http://meteo.alkep.cz/index_test.php" "Mozilla/5.0 (Windows NT 6.1; WOW64) AppleWebKit/537.36 (KHTML, like Gecko) Chrome/33.0.1750.154 Safari/537.36"
85.207.208.130 - - [30/Mar/2014:07:49:44 +0200] "GET /lighteninggraph.gif HTTP/1.1" 304 199 "http://meteo.alkep.cz/index_test.php" "Mozilla/5.0 (Windows NT 6.1; WOW64) AppleWebKit/537.36 (KHTML, like Gecko) Chrome/33.0.1750.154 Safari/537.36"
85.207.208.130 - - [30/Mar/2014:07:49:44 +0200] "GET /graphs/solar24.php HTTP/1.1" 200 5166 "http://meteo.alkep.cz/index_test.php" "Mozilla/5.0 (Windows NT 6.1; WOW64) AppleWebKit/537.36 (KHTML, like Gecko) Chrome/33.0.1750.154 Safari/537.36"
85.207.208.130 - - [30/Mar/2014:07:49:44 +0200] "GET /graphs/hours_energy.php HTTP/1.1" 200 7130 "http://meteo.alkep.cz/index_test.php" "Mozilla/5.0 (Windows NT 6.1; WOW64) AppleWebKit/537.36 (KHTML, like Gecko) Chrome/33.0.1750.154 Safari/537.36"
85.207.208.130 - - [30/Mar/2014:07:49:44 +0200] "GET /day.jpg HTTP/1.1" 200 103790 "http://meteo.alkep.cz/index_test.php" "Mozilla/5.0 (Windows NT 6.1; WOW64) AppleWebKit/537.36 (KHTML, like Gecko) Chrome/33.0.1750.154 Safari/537.36"
85.207.208.130 - - [30/Mar/2014:07:49:44 +0200] "GET /graphs/min_energy.php HTTP/1.1" 200 6861 "http://meteo.alkep.cz/index_test.php" "Mozilla/5.0 (Windows NT 6.1; WOW64) AppleWebKit/537.36 (KHTML, like Gecko) Chrome/33.0.1750.154 Safari/537.36"
85.70.89.240 - - [30/Mar/2014:07:50:01 +0200] "GET /kamera/vlek001M.jpg HTTP/1.1" 200 36607 "http://webkamery-ameteo.ic.cz/" "Mozilla/5.0 (X11; Linux x86_64) AppleWebKit/537.36 (KHTML, like Gecko) Ubuntu Chromium/33.0.1750.152 Chrome/33.0.1750.152 Safari/537.36"
80.79.22.37 - - [30/Mar/2014:07:50:23 +0200] "GET /kamera/vlek001M.jpg HTTP/1.0" 200 36607 "-" "Wget/1.12 (linux-gnu)"
